[     118ms] [LOG] [Fast Refresh] rebuilding @ http://localhost:3002/_next/static/chunks/node_modules_next_dist_1ybzpk2._.js:2477
[     152ms] [LOG] [Fast Refresh] done in 135ms @ http://localhost:3002/_next/static/chunks/node_modules_next_dist_1ybzpk2._.js:2477
[     217ms] [INFO] %cDownload the React DevTools for a better development experience: https://react.dev/link/react-devtools font-weight:bold @ http://localhost:3002/_next/static/chunks/node_modules_next_dist_1ybzpk2._.js:2477
[     241ms] [LOG] [HMR] connected @ http://localhost:3002/_next/static/chunks/node_modules_next_dist_1ybzpk2._.js:2477
[    9317ms] [INFO] %cDownload the React DevTools for a better development experience: https://react.dev/link/react-devtools font-weight:bold @ http://localhost:3002/_next/static/chunks/node_modules_next_dist_1ybzpk2._.js:2477
[    9341ms] [LOG] [HMR] connected @ http://localhost:3002/_next/static/chunks/node_modules_next_dist_1ybzpk2._.js:2477
[   12341ms] [WARNING] Unable to perform style diff: Style is not done loading..  Rebuilding the style from scratch. @ http://localhost:3002/_next/static/chunks/node_modules_next_dist_1ybzpk2._.js:2477
[   13355ms] [INFO] %cDownload the React DevTools for a better development experience: https://react.dev/link/react-devtools font-weight:bold @ http://localhost:3002/_next/static/chunks/node_modules_next_dist_1ybzpk2._.js:2477
[   13387ms] [LOG] [HMR] connected @ http://localhost:3002/_next/static/chunks/node_modules_next_dist_1ybzpk2._.js:2477
[   14515ms] [INFO] %cDownload the React DevTools for a better development experience: https://react.dev/link/react-devtools font-weight:bold @ http://localhost:3002/_next/static/chunks/node_modules_next_dist_1ybzpk2._.js:2477
[   14544ms] [LOG] [HMR] connected @ http://localhost:3002/_next/static/chunks/node_modules_next_dist_1ybzpk2._.js:2477
[   15808ms] [INFO] %cDownload the React DevTools for a better development experience: https://react.dev/link/react-devtools font-weight:bold @ http://localhost:3002/_next/static/chunks/node_modules_next_dist_1ybzpk2._.js:2477
[   15843ms] [LOG] [HMR] connected @ http://localhost:3002/_next/static/chunks/node_modules_next_dist_1ybzpk2._.js:2477
[   18430ms] [INFO] %cDownload the React DevTools for a better development experience: https://react.dev/link/react-devtools font-weight:bold @ http://localhost:3002/_next/static/chunks/node_modules_next_dist_1ybzpk2._.js:2477
[   18449ms] [LOG] [HMR] connected @ http://localhost:3002/_next/static/chunks/node_modules_next_dist_1ybzpk2._.js:2477
[   20380ms] [WARNING] Unable to perform style diff: Style is not done loading..  Rebuilding the style from scratch. @ http://localhost:3002/_next/static/chunks/node_modules_next_dist_1ybzpk2._.js:2477
[   52526ms] [LOG] [Fast Refresh] rebuilding @ http://localhost:3002/_next/static/chunks/node_modules_next_dist_1ybzpk2._.js:2477
[   52527ms] [LOG] [Fast Refresh] done in 109ms @ http://localhost:3002/_next/static/chunks/node_modules_next_dist_1ybzpk2._.js:2477
[  105673ms] [ERROR] Access to fetch at 'https://tile.openstreetmap.org/20/880133/489617.png' from origin 'http://localhost:3002' has been blocked by CORS policy: No 'Access-Control-Allow-Origin' header is present on the requested resource. @ http://localhost:3002/studio/create:0
[  105673ms] [ERROR] Failed to load resource: net::ERR_FAILED @ https://tile.openstreetmap.org/20/880133/489617.png:0
[  105676ms] [ERROR] Access to fetch at 'https://tile.openstreetmap.org/20/880134/489616.png' from origin 'http://localhost:3002' has been blocked by CORS policy: No 'Access-Control-Allow-Origin' header is present on the requested resource. @ http://localhost:3002/studio/create:0
[  105677ms] [ERROR] Failed to load resource: net::ERR_FAILED @ https://tile.openstreetmap.org/20/880134/489616.png:0
[  105677ms] [ERROR] Access to fetch at 'https://tile.openstreetmap.org/20/880134/489617.png' from origin 'http://localhost:3002' has been blocked by CORS policy: No 'Access-Control-Allow-Origin' header is present on the requested resource. @ http://localhost:3002/studio/create:0
[  105677ms] [ERROR] Failed to load resource: net::ERR_FAILED @ https://tile.openstreetmap.org/20/880134/489617.png:0
[  105678ms] [ERROR] Access to fetch at 'https://tile.openstreetmap.org/20/880133/489618.png' from origin 'http://localhost:3002' has been blocked by CORS policy: No 'Access-Control-Allow-Origin' header is present on the requested resource. @ http://localhost:3002/studio/create:0
[  105678ms] [ERROR] Failed to load resource: net::ERR_FAILED @ https://tile.openstreetmap.org/20/880133/489618.png:0
[  105679ms] [ERROR] Access to fetch at 'https://tile.openstreetmap.org/20/880134/489618.png' from origin 'http://localhost:3002' has been blocked by CORS policy: No 'Access-Control-Allow-Origin' header is present on the requested resource. @ http://localhost:3002/studio/create:0
[  105679ms] [ERROR] Failed to load resource: net::ERR_FAILED @ https://tile.openstreetmap.org/20/880134/489618.png:0
[  105679ms] [ERROR] Access to fetch at 'https://tile.openstreetmap.org/20/880133/489616.png' from origin 'http://localhost:3002' has been blocked by CORS policy: No 'Access-Control-Allow-Origin' header is present on the requested resource. @ http://localhost:3002/studio/create:0
[  105679ms] [ERROR] Failed to load resource: net::ERR_FAILED @ https://tile.openstreetmap.org/20/880133/489616.png:0
[  105679ms] [ERROR] Access to fetch at 'https://tile.openstreetmap.org/20/880135/489617.png' from origin 'http://localhost:3002' has been blocked by CORS policy: No 'Access-Control-Allow-Origin' header is present on the requested resource. @ http://localhost:3002/studio/create:0
[  105680ms] [ERROR] Failed to load resource: net::ERR_FAILED @ https://tile.openstreetmap.org/20/880135/489617.png:0
[  105680ms] [ERROR] Access to fetch at 'https://tile.openstreetmap.org/20/880132/489617.png' from origin 'http://localhost:3002' has been blocked by CORS policy: No 'Access-Control-Allow-Origin' header is present on the requested resource. @ http://localhost:3002/studio/create:0
[  105680ms] [ERROR] Failed to load resource: net::ERR_FAILED @ https://tile.openstreetmap.org/20/880132/489617.png:0
[  107663ms] [ERROR] Access to fetch at 'https://tile.openstreetmap.org/20/880132/489618.png' from origin 'http://localhost:3002' has been blocked by CORS policy: No 'Access-Control-Allow-Origin' header is present on the requested resource. @ http://localhost:3002/studio/create:0
[  107663ms] [ERROR] Failed to load resource: net::ERR_FAILED @ https://tile.openstreetmap.org/20/880132/489618.png:0
[  107666ms] [ERROR] Access to fetch at 'https://tile.openstreetmap.org/20/880134/489619.png' from origin 'http://localhost:3002' has been blocked by CORS policy: No 'Access-Control-Allow-Origin' header is present on the requested resource. @ http://localhost:3002/studio/create:0
[  107666ms] [ERROR] Failed to load resource: net::ERR_FAILED @ https://tile.openstreetmap.org/20/880134/489619.png:0
[  107667ms] [ERROR] Access to fetch at 'https://tile.openstreetmap.org/20/880133/489615.png' from origin 'http://localhost:3002' has been blocked by CORS policy: No 'Access-Control-Allow-Origin' header is present on the requested resource. @ http://localhost:3002/studio/create:0
[  107667ms] [ERROR] Failed to load resource: net::ERR_FAILED @ https://tile.openstreetmap.org/20/880133/489615.png:0
[  107667ms] [ERROR] Access to fetch at 'https://tile.openstreetmap.org/20/880135/489618.png' from origin 'http://localhost:3002' has been blocked by CORS policy: No 'Access-Control-Allow-Origin' header is present on the requested resource. @ http://localhost:3002/studio/create:0
[  107667ms] [ERROR] Failed to load resource: net::ERR_FAILED @ https://tile.openstreetmap.org/20/880135/489618.png:0
[  107668ms] [ERROR] Access to fetch at 'https://tile.openstreetmap.org/20/880132/489616.png' from origin 'http://localhost:3002' has been blocked by CORS policy: No 'Access-Control-Allow-Origin' header is present on the requested resource. @ http://localhost:3002/studio/create:0
[  107668ms] [ERROR] Failed to load resource: net::ERR_FAILED @ https://tile.openstreetmap.org/20/880132/489616.png:0
[  107668ms] [ERROR] Access to fetch at 'https://tile.openstreetmap.org/20/880133/489619.png' from origin 'http://localhost:3002' has been blocked by CORS policy: No 'Access-Control-Allow-Origin' header is present on the requested resource. @ http://localhost:3002/studio/create:0
[  107668ms] [ERROR] Failed to load resource: net::ERR_FAILED @ https://tile.openstreetmap.org/20/880133/489619.png:0
[  107668ms] [ERROR] Access to fetch at 'https://tile.openstreetmap.org/20/880135/489616.png' from origin 'http://localhost:3002' has been blocked by CORS policy: No 'Access-Control-Allow-Origin' header is present on the requested resource. @ http://localhost:3002/studio/create:0
[  107668ms] [ERROR] Failed to load resource: net::ERR_FAILED @ https://tile.openstreetmap.org/20/880135/489616.png:0
[  107669ms] [ERROR] Access to fetch at 'https://tile.openstreetmap.org/20/880132/489619.png' from origin 'http://localhost:3002' has been blocked by CORS policy: No 'Access-Control-Allow-Origin' header is present on the requested resource. @ http://localhost:3002/studio/create:0
[  107669ms] [ERROR] Failed to load resource: net::ERR_FAILED @ https://tile.openstreetmap.org/20/880132/489619.png:0
[  107669ms] [ERROR] Access to fetch at 'https://tile.openstreetmap.org/20/880131/489617.png' from origin 'http://localhost:3002' has been blocked by CORS policy: No 'Access-Control-Allow-Origin' header is present on the requested resource. @ http://localhost:3002/studio/create:0
[  107669ms] [ERROR] Failed to load resource: net::ERR_FAILED @ https://tile.openstreetmap.org/20/880131/489617.png:0
[  107669ms] [ERROR] Access to fetch at 'https://tile.openstreetmap.org/20/880135/489619.png' from origin 'http://localhost:3002' has been blocked by CORS policy: No 'Access-Control-Allow-Origin' header is present on the requested resource. @ http://localhost:3002/studio/create:0
[  107669ms] [ERROR] Failed to load resource: net::ERR_FAILED @ https://tile.openstreetmap.org/20/880135/489619.png:0
[  107670ms] [ERROR] Access to fetch at 'https://tile.openstreetmap.org/20/880131/489618.png' from origin 'http://localhost:3002' has been blocked by CORS policy: No 'Access-Control-Allow-Origin' header is present on the requested resource. @ http://localhost:3002/studio/create:0
[  107670ms] [ERROR] Failed to load resource: net::ERR_FAILED @ https://tile.openstreetmap.org/20/880131/489618.png:0
[  107670ms] [ERROR] Access to fetch at 'https://tile.openstreetmap.org/20/880136/489617.png' from origin 'http://localhost:3002' has been blocked by CORS policy: No 'Access-Control-Allow-Origin' header is present on the requested resource. @ http://localhost:3002/studio/create:0
[  107670ms] [ERROR] Failed to load resource: net::ERR_FAILED @ https://tile.openstreetmap.org/20/880136/489617.png:0
[  107671ms] [ERROR] Access to fetch at 'https://tile.openstreetmap.org/20/880131/489616.png' from origin 'http://localhost:3002' has been blocked by CORS policy: No 'Access-Control-Allow-Origin' header is present on the requested resource. @ http://localhost:3002/studio/create:0
[  107671ms] [ERROR] Failed to load resource: net::ERR_FAILED @ https://tile.openstreetmap.org/20/880131/489616.png:0
[  107671ms] [ERROR] Access to fetch at 'https://tile.openstreetmap.org/20/880135/489615.png' from origin 'http://localhost:3002' has been blocked by CORS policy: No 'Access-Control-Allow-Origin' header is present on the requested resource. @ http://localhost:3002/studio/create:0
[  107671ms] [ERROR] Failed to load resource: net::ERR_FAILED @ https://tile.openstreetmap.org/20/880135/489615.png:0
[  107672ms] [ERROR] Access to fetch at 'https://tile.openstreetmap.org/20/880134/489615.png' from origin 'http://localhost:3002' has been blocked by CORS policy: No 'Access-Control-Allow-Origin' header is present on the requested resource. @ http://localhost:3002/studio/create:0
[  107672ms] [ERROR] Failed to load resource: net::ERR_FAILED @ https://tile.openstreetmap.org/20/880134/489615.png:0
[  107672ms] [ERROR] Access to fetch at 'https://tile.openstreetmap.org/20/880132/489615.png' from origin 'http://localhost:3002' has been blocked by CORS policy: No 'Access-Control-Allow-Origin' header is present on the requested resource. @ http://localhost:3002/studio/create:0
[  107672ms] [ERROR] Failed to load resource: net::ERR_FAILED @ https://tile.openstreetmap.org/20/880132/489615.png:0
[  109663ms] [ERROR] Access to fetch at 'https://tile.openstreetmap.org/20/880136/489618.png' from origin 'http://localhost:3002' has been blocked by CORS policy: No 'Access-Control-Allow-Origin' header is present on the requested resource. @ http://localhost:3002/studio/create:0
[  109663ms] [ERROR] Failed to load resource: net::ERR_FAILED @ https://tile.openstreetmap.org/20/880136/489618.png:0
[  109667ms] [ERROR] Access to fetch at 'https://tile.openstreetmap.org/20/880136/489616.png' from origin 'http://localhost:3002' has been blocked by CORS policy: No 'Access-Control-Allow-Origin' header is present on the requested resource. @ http://localhost:3002/studio/create:0
[  109667ms] [ERROR] Failed to load resource: net::ERR_FAILED @ https://tile.openstreetmap.org/20/880136/489616.png:0
[  109667ms] [ERROR] Access to fetch at 'https://tile.openstreetmap.org/20/880131/489619.png' from origin 'http://localhost:3002' has been blocked by CORS policy: No 'Access-Control-Allow-Origin' header is present on the requested resource. @ http://localhost:3002/studio/create:0
[  109668ms] [ERROR] Failed to load resource: net::ERR_FAILED @ https://tile.openstreetmap.org/20/880131/489619.png:0
[  109668ms] [ERROR] Access to fetch at 'https://tile.openstreetmap.org/20/880136/489619.png' from origin 'http://localhost:3002' has been blocked by CORS policy: No 'Access-Control-Allow-Origin' header is present on the requested resource. @ http://localhost:3002/studio/create:0
[  109668ms] [ERROR] Failed to load resource: net::ERR_FAILED @ https://tile.openstreetmap.org/20/880136/489619.png:0
[  109668ms] [ERROR] Access to fetch at 'https://tile.openstreetmap.org/20/880131/489615.png' from origin 'http://localhost:3002' has been blocked by CORS policy: No 'Access-Control-Allow-Origin' header is present on the requested resource. @ http://localhost:3002/studio/create:0
[  109668ms] [ERROR] Failed to load resource: net::ERR_FAILED @ https://tile.openstreetmap.org/20/880131/489615.png:0
[  109669ms] [ERROR] Access to fetch at 'https://tile.openstreetmap.org/20/880136/489615.png' from origin 'http://localhost:3002' has been blocked by CORS policy: No 'Access-Control-Allow-Origin' header is present on the requested resource. @ http://localhost:3002/studio/create:0
[  109669ms] [ERROR] Failed to load resource: net::ERR_FAILED @ https://tile.openstreetmap.org/20/880136/489615.png:0
[  109669ms] [ERROR] Access to fetch at 'https://tile.openstreetmap.org/20/880130/489618.png' from origin 'http://localhost:3002' has been blocked by CORS policy: No 'Access-Control-Allow-Origin' header is present on the requested resource. @ http://localhost:3002/studio/create:0
[  109669ms] [ERROR] Failed to load resource: net::ERR_FAILED @ https://tile.openstreetmap.org/20/880130/489618.png:0
[  109670ms] [ERROR] Access to fetch at 'https://tile.openstreetmap.org/20/880137/489617.png' from origin 'http://localhost:3002' has been blocked by CORS policy: No 'Access-Control-Allow-Origin' header is present on the requested resource. @ http://localhost:3002/studio/create:0
[  109670ms] [ERROR] Failed to load resource: net::ERR_FAILED @ https://tile.openstreetmap.org/20/880137/489617.png:0
[  109670ms] [ERROR] Access to fetch at 'https://tile.openstreetmap.org/20/880130/489616.png' from origin 'http://localhost:3002' has been blocked by CORS policy: No 'Access-Control-Allow-Origin' header is present on the requested resource. @ http://localhost:3002/studio/create:0
[  109670ms] [ERROR] Failed to load resource: net::ERR_FAILED @ https://tile.openstreetmap.org/20/880130/489616.png:0
[  109671ms] [ERROR] Access to fetch at 'https://tile.openstreetmap.org/20/880137/489618.png' from origin 'http://localhost:3002' has been blocked by CORS policy: No 'Access-Control-Allow-Origin' header is present on the requested resource. @ http://localhost:3002/studio/create:0
[  109671ms] [ERROR] Failed to load resource: net::ERR_FAILED @ https://tile.openstreetmap.org/20/880137/489618.png:0
[  109671ms] [ERROR] Access to fetch at 'https://tile.openstreetmap.org/20/880130/489619.png' from origin 'http://localhost:3002' has been blocked by CORS policy: No 'Access-Control-Allow-Origin' header is present on the requested resource. @ http://localhost:3002/studio/create:0
[  109671ms] [ERROR] Failed to load resource: net::ERR_FAILED @ https://tile.openstreetmap.org/20/880130/489619.png:0
[  109671ms] [ERROR] Access to fetch at 'https://tile.openstreetmap.org/20/880137/489619.png' from origin 'http://localhost:3002' has been blocked by CORS policy: No 'Access-Control-Allow-Origin' header is present on the requested resource. @ http://localhost:3002/studio/create:0
[  109671ms] [ERROR] Failed to load resource: net::ERR_FAILED @ https://tile.openstreetmap.org/20/880137/489619.png:0
[  109671ms] [ERROR] Access to fetch at 'https://tile.openstreetmap.org/20/880130/489615.png' from origin 'http://localhost:3002' has been blocked by CORS policy: No 'Access-Control-Allow-Origin' header is present on the requested resource. @ http://localhost:3002/studio/create:0
[  109671ms] [ERROR] Failed to load resource: net::ERR_FAILED @ https://tile.openstreetmap.org/20/880130/489615.png:0
[  109671ms] [ERROR] Access to fetch at 'https://tile.openstreetmap.org/20/880137/489615.png' from origin 'http://localhost:3002' has been blocked by CORS policy: No 'Access-Control-Allow-Origin' header is present on the requested resource. @ http://localhost:3002/studio/create:0
[  109672ms] [ERROR] Failed to load resource: net::ERR_FAILED @ https://tile.openstreetmap.org/20/880137/489615.png:0
[  109672ms] [ERROR] Access to fetch at 'https://tile.openstreetmap.org/20/880137/489616.png' from origin 'http://localhost:3002' has been blocked by CORS policy: No 'Access-Control-Allow-Origin' header is present on the requested resource. @ http://localhost:3002/studio/create:0
[  109672ms] [ERROR] Failed to load resource: net::ERR_FAILED @ https://tile.openstreetmap.org/20/880137/489616.png:0
[  109672ms] [ERROR] Access to fetch at 'https://tile.openstreetmap.org/20/880130/489617.png' from origin 'http://localhost:3002' has been blocked by CORS policy: No 'Access-Control-Allow-Origin' header is present on the requested resource. @ http://localhost:3002/studio/create:0
[  109672ms] [ERROR] Failed to load resource: net::ERR_FAILED @ https://tile.openstreetmap.org/20/880130/489617.png:0
[  111664ms] [ERROR] Access to fetch at 'https://tile.openstreetmap.org/20/880129/489617.png' from origin 'http://localhost:3002' has been blocked by CORS policy: No 'Access-Control-Allow-Origin' header is present on the requested resource. @ http://localhost:3002/studio/create:0
[  111664ms] [ERROR] Failed to load resource: net::ERR_FAILED @ https://tile.openstreetmap.org/20/880129/489617.png:0
[  111666ms] [ERROR] Access to fetch at 'https://tile.openstreetmap.org/20/880129/489618.png' from origin 'http://localhost:3002' has been blocked by CORS policy: No 'Access-Control-Allow-Origin' header is present on the requested resource. @ http://localhost:3002/studio/create:0
[  111666ms] [ERROR] Failed to load resource: net::ERR_FAILED @ https://tile.openstreetmap.org/20/880129/489618.png:0
[  111666ms] [ERROR] Access to fetch at 'https://tile.openstreetmap.org/20/880129/489616.png' from origin 'http://localhost:3002' has been blocked by CORS policy: No 'Access-Control-Allow-Origin' header is present on the requested resource. @ http://localhost:3002/studio/create:0
[  111667ms] [ERROR] Failed to load resource: net::ERR_FAILED @ https://tile.openstreetmap.org/20/880129/489616.png:0
[  111667ms] [ERROR] Access to fetch at 'https://tile.openstreetmap.org/20/880138/489617.png' from origin 'http://localhost:3002' has been blocked by CORS policy: No 'Access-Control-Allow-Origin' header is present on the requested resource. @ http://localhost:3002/studio/create:0
[  111667ms] [ERROR] Failed to load resource: net::ERR_FAILED @ https://tile.openstreetmap.org/20/880138/489617.png:0
[  111667ms] [ERROR] Access to fetch at 'https://tile.openstreetmap.org/20/880138/489618.png' from origin 'http://localhost:3002' has been blocked by CORS policy: No 'Access-Control-Allow-Origin' header is present on the requested resource. @ http://localhost:3002/studio/create:0
[  111667ms] [ERROR] Failed to load resource: net::ERR_FAILED @ https://tile.openstreetmap.org/20/880138/489618.png:0
[  111667ms] [ERROR] Access to fetch at 'https://tile.openstreetmap.org/20/880129/489619.png' from origin 'http://localhost:3002' has been blocked by CORS policy: No 'Access-Control-Allow-Origin' header is present on the requested resource. @ http://localhost:3002/studio/create:0
[  111667ms] [ERROR] Failed to load resource: net::ERR_FAILED @ https://tile.openstreetmap.org/20/880129/489619.png:0
[  111667ms] [ERROR] Access to fetch at 'https://tile.openstreetmap.org/20/880129/489615.png' from origin 'http://localhost:3002' has been blocked by CORS policy: No 'Access-Control-Allow-Origin' header is present on the requested resource. @ http://localhost:3002/studio/create:0
[  111667ms] [ERROR] Failed to load resource: net::ERR_FAILED @ https://tile.openstreetmap.org/20/880129/489615.png:0
[  111667ms] [ERROR] Access to fetch at 'https://tile.openstreetmap.org/20/880138/489619.png' from origin 'http://localhost:3002' has been blocked by CORS policy: No 'Access-Control-Allow-Origin' header is present on the requested resource. @ http://localhost:3002/studio/create:0
[  111667ms] [ERROR] Failed to load resource: net::ERR_FAILED @ https://tile.openstreetmap.org/20/880138/489619.png:0
[  111667ms] [ERROR] Access to fetch at 'https://tile.openstreetmap.org/20/880138/489615.png' from origin 'http://localhost:3002' has been blocked by CORS policy: No 'Access-Control-Allow-Origin' header is present on the requested resource. @ http://localhost:3002/studio/create:0
[  111667ms] [ERROR] Failed to load resource: net::ERR_FAILED @ https://tile.openstreetmap.org/20/880138/489615.png:0
[  111668ms] [ERROR] Access to fetch at 'https://tile.openstreetmap.org/20/880138/489616.png' from origin 'http://localhost:3002' has been blocked by CORS policy: No 'Access-Control-Allow-Origin' header is present on the requested resource. @ http://localhost:3002/studio/create:0
[  111668ms] [ERROR] Failed to load resource: net::ERR_FAILED @ https://tile.openstreetmap.org/20/880138/489616.png:0
[  115662ms] [ERROR] Access to fetch at 'https://tile.openstreetmap.org/20/880135/489620.png' from origin 'http://localhost:3002' has been blocked by CORS policy: No 'Access-Control-Allow-Origin' header is present on the requested resource. @ http://localhost:3002/studio/create:0
[  115662ms] [ERROR] Failed to load resource: net::ERR_FAILED @ https://tile.openstreetmap.org/20/880135/489620.png:0
[  115664ms] [ERROR] Access to fetch at 'https://tile.openstreetmap.org/20/880133/489620.png' from origin 'http://localhost:3002' has been blocked by CORS policy: No 'Access-Control-Allow-Origin' header is present on the requested resource. @ http://localhost:3002/studio/create:0
[  115664ms] [ERROR] Failed to load resource: net::ERR_FAILED @ https://tile.openstreetmap.org/20/880133/489620.png:0
[  115666ms] [ERROR] Access to fetch at 'https://tile.openstreetmap.org/20/880134/489620.png' from origin 'http://localhost:3002' has been blocked by CORS policy: No 'Access-Control-Allow-Origin' header is present on the requested resource. @ http://localhost:3002/studio/create:0
[  115666ms] [ERROR] Failed to load resource: net::ERR_FAILED @ https://tile.openstreetmap.org/20/880134/489620.png:0
[  115666ms] [ERROR] Access to fetch at 'https://tile.openstreetmap.org/20/880132/489620.png' from origin 'http://localhost:3002' has been blocked by CORS policy: No 'Access-Control-Allow-Origin' header is present on the requested resource. @ http://localhost:3002/studio/create:0
[  115666ms] [ERROR] Failed to load resource: net::ERR_FAILED @ https://tile.openstreetmap.org/20/880132/489620.png:0
[  115666ms] [ERROR] Access to fetch at 'https://tile.openstreetmap.org/20/880131/489620.png' from origin 'http://localhost:3002' has been blocked by CORS policy: No 'Access-Control-Allow-Origin' header is present on the requested resource. @ http://localhost:3002/studio/create:0
[  115667ms] [ERROR] Failed to load resource: net::ERR_FAILED @ https://tile.openstreetmap.org/20/880131/489620.png:0
[  115667ms] [ERROR] Access to fetch at 'https://tile.openstreetmap.org/20/880130/489620.png' from origin 'http://localhost:3002' has been blocked by CORS policy: No 'Access-Control-Allow-Origin' header is present on the requested resource. @ http://localhost:3002/studio/create:0
[  115667ms] [ERROR] Failed to load resource: net::ERR_FAILED @ https://tile.openstreetmap.org/20/880130/489620.png:0
[  115667ms] [ERROR] Access to fetch at 'https://tile.openstreetmap.org/20/880137/489620.png' from origin 'http://localhost:3002' has been blocked by CORS policy: No 'Access-Control-Allow-Origin' header is present on the requested resource. @ http://localhost:3002/studio/create:0
[  115667ms] [ERROR] Failed to load resource: net::ERR_FAILED @ https://tile.openstreetmap.org/20/880137/489620.png:0
[  115667ms] [ERROR] Access to fetch at 'https://tile.openstreetmap.org/20/880136/489620.png' from origin 'http://localhost:3002' has been blocked by CORS policy: No 'Access-Control-Allow-Origin' header is present on the requested resource. @ http://localhost:3002/studio/create:0
[  115667ms] [ERROR] Failed to load resource: net::ERR_FAILED @ https://tile.openstreetmap.org/20/880136/489620.png:0
[  117663ms] [ERROR] Access to fetch at 'https://tile.openstreetmap.org/20/880129/489620.png' from origin 'http://localhost:3002' has been blocked by CORS policy: No 'Access-Control-Allow-Origin' header is present on the requested resource. @ http://localhost:3002/studio/create:0
[  117664ms] [ERROR] Failed to load resource: net::ERR_FAILED @ https://tile.openstreetmap.org/20/880129/489620.png:0
[  117665ms] [ERROR] Access to fetch at 'https://tile.openstreetmap.org/20/880128/489617.png' from origin 'http://localhost:3002' has been blocked by CORS policy: No 'Access-Control-Allow-Origin' header is present on the requested resource. @ http://localhost:3002/studio/create:0
[  117666ms] [ERROR] Failed to load resource: net::ERR_FAILED @ https://tile.openstreetmap.org/20/880128/489617.png:0
[  117666ms] [ERROR] Access to fetch at 'https://tile.openstreetmap.org/20/880128/489618.png' from origin 'http://localhost:3002' has been blocked by CORS policy: No 'Access-Control-Allow-Origin' header is present on the requested resource. @ http://localhost:3002/studio/create:0
[  117666ms] [ERROR] Failed to load resource: net::ERR_FAILED @ https://tile.openstreetmap.org/20/880128/489618.png:0
[  117666ms] [ERROR] Access to fetch at 'https://tile.openstreetmap.org/20/880128/489616.png' from origin 'http://localhost:3002' has been blocked by CORS policy: No 'Access-Control-Allow-Origin' header is present on the requested resource. @ http://localhost:3002/studio/create:0
[  117666ms] [ERROR] Failed to load resource: net::ERR_FAILED @ https://tile.openstreetmap.org/20/880128/489616.png:0
[  117666ms] [ERROR] Access to fetch at 'https://tile.openstreetmap.org/20/880128/489619.png' from origin 'http://localhost:3002' has been blocked by CORS policy: No 'Access-Control-Allow-Origin' header is present on the requested resource. @ http://localhost:3002/studio/create:0
[  117666ms] [ERROR] Failed to load resource: net::ERR_FAILED @ https://tile.openstreetmap.org/20/880128/489619.png:0
[  117666ms] [ERROR] Access to fetch at 'https://tile.openstreetmap.org/20/880128/489620.png' from origin 'http://localhost:3002' has been blocked by CORS policy: No 'Access-Control-Allow-Origin' header is present on the requested resource. @ http://localhost:3002/studio/create:0
[  117666ms] [ERROR] Failed to load resource: net::ERR_FAILED @ https://tile.openstreetmap.org/20/880128/489620.png:0
[  117666ms] [ERROR] Access to fetch at 'https://tile.openstreetmap.org/20/880128/489615.png' from origin 'http://localhost:3002' has been blocked by CORS policy: No 'Access-Control-Allow-Origin' header is present on the requested resource. @ http://localhost:3002/studio/create:0
[  117666ms] [ERROR] Failed to load resource: net::ERR_FAILED @ https://tile.openstreetmap.org/20/880128/489615.png:0
[  125517ms] [ERROR] Failed to load resource: the server responded with a status of 500 (Internal Server Error) @ http://localhost:3002/api/graph:0
[  125518ms] [WARNING] [graph-store] syncToSupabase failed: invalid input syntax for type integer: "[0]" @ http://localhost:3002/_next/static/chunks/node_modules_next_dist_1ybzpk2._.js:2477
