[   26102ms] [WARNING] Unable to perform style diff: Style is not done loading..  Rebuilding the style from scratch. @ https://navi-next.vercel.app/_next/static/chunks/261cq39jf3lqt.js:0
[   26303ms] Error: Source "buildings-extrusion" already exists.
    at t5.addSource (https://navi-next.vercel.app/_next/static/chunks/261cq39jf3lqt.js:51:89567)
    at aU.addSource (https://navi-next.vercel.app/_next/static/chunks/261cq39jf3lqt.js:53:109431)
    at aU.<anonymous> (https://navi-next.vercel.app/_next/static/chunks/0d7gbtgvlvs8q.js:1:21720)
    at aU.fire (https://navi-next.vercel.app/_next/static/chunks/261cq39jf3lqt.js:1:13067)
    at aU._render (https://navi-next.vercel.app/_next/static/chunks/261cq39jf3lqt.js:53:121679)
    at https://navi-next.vercel.app/_next/static/chunks/261cq39jf3lqt.js:53:123386
    at https://navi-next.vercel.app/_next/static/chunks/261cq39jf3lqt.js:2:344464
[   35352ms] [LOG] [StudioWorkspace] render {mapId: map-1782480639497-sb96j, editorMode: campus} @ https://navi-next.vercel.app/_next/static/chunks/38chi7sedovsr.js:0
[   35354ms] [LOG] [RightPanel] render {tool: select, editorMode: campus, activeBuildingId: null, buildingsCount: 0} @ https://navi-next.vercel.app/_next/static/chunks/38chi7sedovsr.js:0
[   35355ms] [LOG] [MetadataPanel] render {activeBuildingId: null, building: undefined} @ https://navi-next.vercel.app/_next/static/chunks/38chi7sedovsr.js:0
[   35409ms] [LOG] [RightPanel] render {tool: select, editorMode: campus, activeBuildingId: null, buildingsCount: 0} @ https://navi-next.vercel.app/_next/static/chunks/38chi7sedovsr.js:0
[   35409ms] [LOG] [MetadataPanel] render {activeBuildingId: null, building: undefined} @ https://navi-next.vercel.app/_next/static/chunks/38chi7sedovsr.js:0
[   69161ms] [LOG] [RightPanel] render {tool: building, editorMode: campus, activeBuildingId: null, buildingsCount: 0} @ https://navi-next.vercel.app/_next/static/chunks/38chi7sedovsr.js:0
[   69161ms] [LOG] [MetadataPanel] render {activeBuildingId: null, building: undefined} @ https://navi-next.vercel.app/_next/static/chunks/38chi7sedovsr.js:0
[   74611ms] [ERROR] Access to fetch at 'https://tile.openstreetmap.org/20/880133/489618.png' from origin 'https://navi-next.vercel.app' has been blocked by CORS policy: No 'Access-Control-Allow-Origin' header is present on the requested resource. @ https://navi-next.vercel.app/studio/map-1782480639497-sb96j/edit:0
[   74612ms] [ERROR] Failed to load resource: net::ERR_FAILED @ https://tile.openstreetmap.org/20/880133/489618.png:0
[   74614ms] [ERROR] [StudioCanvas] Map error: eJ @ https://navi-next.vercel.app/_next/static/chunks/38chi7sedovsr.js:0
[   74618ms] [ERROR] Access to fetch at 'https://tile.openstreetmap.org/20/880133/489619.png' from origin 'https://navi-next.vercel.app' has been blocked by CORS policy: No 'Access-Control-Allow-Origin' header is present on the requested resource. @ https://navi-next.vercel.app/studio/map-1782480639497-sb96j/edit:0
[   74618ms] [ERROR] Failed to load resource: net::ERR_FAILED @ https://tile.openstreetmap.org/20/880133/489619.png:0
[   74619ms] [ERROR] [StudioCanvas] Map error: eJ @ https://navi-next.vercel.app/_next/static/chunks/38chi7sedovsr.js:0
[   74619ms] [ERROR] Access to fetch at 'https://tile.openstreetmap.org/20/880134/489618.png' from origin 'https://navi-next.vercel.app' has been blocked by CORS policy: No 'Access-Control-Allow-Origin' header is present on the requested resource. @ https://navi-next.vercel.app/studio/map-1782480639497-sb96j/edit:0
[   74619ms] [ERROR] Failed to load resource: net::ERR_FAILED @ https://tile.openstreetmap.org/20/880134/489618.png:0
[   74619ms] [ERROR] [StudioCanvas] Map error: eJ @ https://navi-next.vercel.app/_next/static/chunks/38chi7sedovsr.js:0
[   74620ms] [ERROR] Access to fetch at 'https://tile.openstreetmap.org/20/880134/489619.png' from origin 'https://navi-next.vercel.app' has been blocked by CORS policy: No 'Access-Control-Allow-Origin' header is present on the requested resource. @ https://navi-next.vercel.app/studio/map-1782480639497-sb96j/edit:0
[   74620ms] [ERROR] Failed to load resource: net::ERR_FAILED @ https://tile.openstreetmap.org/20/880134/489619.png:0
[   74620ms] [ERROR] [StudioCanvas] Map error: eJ @ https://navi-next.vercel.app/_next/static/chunks/38chi7sedovsr.js:0
[   74621ms] [ERROR] Access to fetch at 'https://tile.openstreetmap.org/20/880133/489617.png' from origin 'https://navi-next.vercel.app' has been blocked by CORS policy: No 'Access-Control-Allow-Origin' header is present on the requested resource. @ https://navi-next.vercel.app/studio/map-1782480639497-sb96j/edit:0
[   74621ms] [ERROR] Failed to load resource: net::ERR_FAILED @ https://tile.openstreetmap.org/20/880133/489617.png:0
[   74621ms] [ERROR] [StudioCanvas] Map error: eJ @ https://navi-next.vercel.app/_next/static/chunks/38chi7sedovsr.js:0
[   74621ms] [ERROR] Access to fetch at 'https://tile.openstreetmap.org/20/880132/489618.png' from origin 'https://navi-next.vercel.app' has been blocked by CORS policy: No 'Access-Control-Allow-Origin' header is present on the requested resource. @ https://navi-next.vercel.app/studio/map-1782480639497-sb96j/edit:0
[   74621ms] [ERROR] Failed to load resource: net::ERR_FAILED @ https://tile.openstreetmap.org/20/880132/489618.png:0
[   74622ms] [ERROR] [StudioCanvas] Map error: eJ @ https://navi-next.vercel.app/_next/static/chunks/38chi7sedovsr.js:0
[   74622ms] [ERROR] Access to fetch at 'https://tile.openstreetmap.org/20/880132/489619.png' from origin 'https://navi-next.vercel.app' has been blocked by CORS policy: No 'Access-Control-Allow-Origin' header is present on the requested resource. @ https://navi-next.vercel.app/studio/map-1782480639497-sb96j/edit:0
[   74622ms] [ERROR] Failed to load resource: net::ERR_FAILED @ https://tile.openstreetmap.org/20/880132/489619.png:0
[   74622ms] [ERROR] [StudioCanvas] Map error: eJ @ https://navi-next.vercel.app/_next/static/chunks/38chi7sedovsr.js:0
[   74623ms] [ERROR] Access to fetch at 'https://tile.openstreetmap.org/20/880134/489617.png' from origin 'https://navi-next.vercel.app' has been blocked by CORS policy: No 'Access-Control-Allow-Origin' header is present on the requested resource. @ https://navi-next.vercel.app/studio/map-1782480639497-sb96j/edit:0
[   74623ms] [ERROR] Failed to load resource: net::ERR_FAILED @ https://tile.openstreetmap.org/20/880134/489617.png:0
[   74623ms] [ERROR] [StudioCanvas] Map error: eJ @ https://navi-next.vercel.app/_next/static/chunks/38chi7sedovsr.js:0
[   76609ms] [ERROR] Access to fetch at 'https://tile.openstreetmap.org/20/880135/489618.png' from origin 'https://navi-next.vercel.app' has been blocked by CORS policy: No 'Access-Control-Allow-Origin' header is present on the requested resource. @ https://navi-next.vercel.app/studio/map-1782480639497-sb96j/edit:0
[   76609ms] [ERROR] Failed to load resource: net::ERR_FAILED @ https://tile.openstreetmap.org/20/880135/489618.png:0
[   76611ms] [ERROR] [StudioCanvas] Map error: eJ @ https://navi-next.vercel.app/_next/static/chunks/38chi7sedovsr.js:0
[   76613ms] [ERROR] Access to fetch at 'https://tile.openstreetmap.org/20/880133/489620.png' from origin 'https://navi-next.vercel.app' has been blocked by CORS policy: No 'Access-Control-Allow-Origin' header is present on the requested resource. @ https://navi-next.vercel.app/studio/map-1782480639497-sb96j/edit:0
[   76613ms] [ERROR] Failed to load resource: net::ERR_FAILED @ https://tile.openstreetmap.org/20/880133/489620.png:0
[   76614ms] [ERROR] [StudioCanvas] Map error: eJ @ https://navi-next.vercel.app/_next/static/chunks/38chi7sedovsr.js:0
[   76618ms] [ERROR] Access to fetch at 'https://tile.openstreetmap.org/20/880135/489619.png' from origin 'https://navi-next.vercel.app' has been blocked by CORS policy: No 'Access-Control-Allow-Origin' header is present on the requested resource. @ https://navi-next.vercel.app/studio/map-1782480639497-sb96j/edit:0
[   76618ms] [ERROR] Failed to load resource: net::ERR_FAILED @ https://tile.openstreetmap.org/20/880135/489619.png:0
[   76619ms] [ERROR] [StudioCanvas] Map error: eJ @ https://navi-next.vercel.app/_next/static/chunks/38chi7sedovsr.js:0
[   76619ms] [ERROR] Access to fetch at 'https://tile.openstreetmap.org/20/880134/489620.png' from origin 'https://navi-next.vercel.app' has been blocked by CORS policy: No 'Access-Control-Allow-Origin' header is present on the requested resource. @ https://navi-next.vercel.app/studio/map-1782480639497-sb96j/edit:0
[   76619ms] [ERROR] Failed to load resource: net::ERR_FAILED @ https://tile.openstreetmap.org/20/880134/489620.png:0
[   76620ms] [ERROR] [StudioCanvas] Map error: eJ @ https://navi-next.vercel.app/_next/static/chunks/38chi7sedovsr.js:0
[   76620ms] [ERROR] Access to fetch at 'https://tile.openstreetmap.org/20/880132/489617.png' from origin 'https://navi-next.vercel.app' has been blocked by CORS policy: No 'Access-Control-Allow-Origin' header is present on the requested resource. @ https://navi-next.vercel.app/studio/map-1782480639497-sb96j/edit:0
[   76620ms] [ERROR] Failed to load resource: net::ERR_FAILED @ https://tile.openstreetmap.org/20/880132/489617.png:0
[   76621ms] [ERROR] [StudioCanvas] Map error: eJ @ https://navi-next.vercel.app/_next/static/chunks/38chi7sedovsr.js:0
[   76621ms] [ERROR] Access to fetch at 'https://tile.openstreetmap.org/20/880135/489620.png' from origin 'https://navi-next.vercel.app' has been blocked by CORS policy: No 'Access-Control-Allow-Origin' header is present on the requested resource. @ https://navi-next.vercel.app/studio/map-1782480639497-sb96j/edit:0
[   76621ms] [ERROR] Failed to load resource: net::ERR_FAILED @ https://tile.openstreetmap.org/20/880135/489620.png:0
[   76622ms] [ERROR] [StudioCanvas] Map error: eJ @ https://navi-next.vercel.app/_next/static/chunks/38chi7sedovsr.js:0
[   76622ms] [ERROR] Access to fetch at 'https://tile.openstreetmap.org/20/880131/489618.png' from origin 'https://navi-next.vercel.app' has been blocked by CORS policy: No 'Access-Control-Allow-Origin' header is present on the requested resource. @ https://navi-next.vercel.app/studio/map-1782480639497-sb96j/edit:0
[   76622ms] [ERROR] Failed to load resource: net::ERR_FAILED @ https://tile.openstreetmap.org/20/880131/489618.png:0
[   76622ms] [ERROR] [StudioCanvas] Map error: eJ @ https://navi-next.vercel.app/_next/static/chunks/38chi7sedovsr.js:0
[   76623ms] [ERROR] Access to fetch at 'https://tile.openstreetmap.org/20/880135/489617.png' from origin 'https://navi-next.vercel.app' has been blocked by CORS policy: No 'Access-Control-Allow-Origin' header is present on the requested resource. @ https://navi-next.vercel.app/studio/map-1782480639497-sb96j/edit:0
[   76623ms] [ERROR] Failed to load resource: net::ERR_FAILED @ https://tile.openstreetmap.org/20/880135/489617.png:0
[   76623ms] [ERROR] [StudioCanvas] Map error: eJ @ https://navi-next.vercel.app/_next/static/chunks/38chi7sedovsr.js:0
[   77560ms] [LOG] [RightPanel] render {tool: move, editorMode: campus, activeBuildingId: null, buildingsCount: 0} @ https://navi-next.vercel.app/_next/static/chunks/38chi7sedovsr.js:0
[   77561ms] [LOG] [MetadataPanel] render {activeBuildingId: null, building: undefined} @ https://navi-next.vercel.app/_next/static/chunks/38chi7sedovsr.js:0
[   78609ms] [ERROR] Access to fetch at 'https://tile.openstreetmap.org/20/880136/489618.png' from origin 'https://navi-next.vercel.app' has been blocked by CORS policy: No 'Access-Control-Allow-Origin' header is present on the requested resource. @ https://navi-next.vercel.app/studio/map-1782480639497-sb96j/edit:0
[   78610ms] [ERROR] Failed to load resource: net::ERR_FAILED @ https://tile.openstreetmap.org/20/880136/489618.png:0
[   78610ms] [ERROR] [StudioCanvas] Map error: eJ @ https://navi-next.vercel.app/_next/static/chunks/38chi7sedovsr.js:0
[   78610ms] [ERROR] Access to fetch at 'https://tile.openstreetmap.org/20/880131/489617.png' from origin 'https://navi-next.vercel.app' has been blocked by CORS policy: No 'Access-Control-Allow-Origin' header is present on the requested resource. @ https://navi-next.vercel.app/studio/map-1782480639497-sb96j/edit:0
[   78611ms] [ERROR] Failed to load resource: net::ERR_FAILED @ https://tile.openstreetmap.org/20/880131/489617.png:0
[   78611ms] [ERROR] [StudioCanvas] Map error: eJ @ https://navi-next.vercel.app/_next/static/chunks/38chi7sedovsr.js:0
[   78614ms] [ERROR] Access to fetch at 'https://tile.openstreetmap.org/20/880132/489616.png' from origin 'https://navi-next.vercel.app' has been blocked by CORS policy: No 'Access-Control-Allow-Origin' header is present on the requested resource. @ https://navi-next.vercel.app/studio/map-1782480639497-sb96j/edit:0
[   78614ms] [ERROR] Failed to load resource: net::ERR_FAILED @ https://tile.openstreetmap.org/20/880132/489616.png:0
[   78615ms] [ERROR] [StudioCanvas] Map error: eJ @ https://navi-next.vercel.app/_next/static/chunks/38chi7sedovsr.js:0
[   78616ms] [ERROR] Access to fetch at 'https://tile.openstreetmap.org/20/880133/489616.png' from origin 'https://navi-next.vercel.app' has been blocked by CORS policy: No 'Access-Control-Allow-Origin' header is present on the requested resource. @ https://navi-next.vercel.app/studio/map-1782480639497-sb96j/edit:0
[   78616ms] [ERROR] Failed to load resource: net::ERR_FAILED @ https://tile.openstreetmap.org/20/880133/489616.png:0
[   78616ms] [ERROR] [StudioCanvas] Map error: eJ @ https://navi-next.vercel.app/_next/static/chunks/38chi7sedovsr.js:0
[   78616ms] [ERROR] Access to fetch at 'https://tile.openstreetmap.org/20/880134/489616.png' from origin 'https://navi-next.vercel.app' has been blocked by CORS policy: No 'Access-Control-Allow-Origin' header is present on the requested resource. @ https://navi-next.vercel.app/studio/map-1782480639497-sb96j/edit:0
[   78616ms] [ERROR] Failed to load resource: net::ERR_FAILED @ https://tile.openstreetmap.org/20/880134/489616.png:0
[   78617ms] [ERROR] [StudioCanvas] Map error: eJ @ https://navi-next.vercel.app/_next/static/chunks/38chi7sedovsr.js:0
[   78617ms] [ERROR] Access to fetch at 'https://tile.openstreetmap.org/20/880136/489617.png' from origin 'https://navi-next.vercel.app' has been blocked by CORS policy: No 'Access-Control-Allow-Origin' header is present on the requested resource. @ https://navi-next.vercel.app/studio/map-1782480639497-sb96j/edit:0
[   78617ms] [ERROR] Failed to load resource: net::ERR_FAILED @ https://tile.openstreetmap.org/20/880136/489617.png:0
[   78618ms] [ERROR] [StudioCanvas] Map error: eJ @ https://navi-next.vercel.app/_next/static/chunks/38chi7sedovsr.js:0
[   78618ms] [ERROR] Access to fetch at 'https://tile.openstreetmap.org/20/880135/489616.png' from origin 'https://navi-next.vercel.app' has been blocked by CORS policy: No 'Access-Control-Allow-Origin' header is present on the requested resource. @ https://navi-next.vercel.app/studio/map-1782480639497-sb96j/edit:0
[   78618ms] [ERROR] Failed to load resource: net::ERR_FAILED @ https://tile.openstreetmap.org/20/880135/489616.png:0
[   78619ms] [ERROR] [StudioCanvas] Map error: eJ @ https://navi-next.vercel.app/_next/static/chunks/38chi7sedovsr.js:0
[   78619ms] [ERROR] Access to fetch at 'https://tile.openstreetmap.org/20/880136/489616.png' from origin 'https://navi-next.vercel.app' has been blocked by CORS policy: No 'Access-Control-Allow-Origin' header is present on the requested resource. @ https://navi-next.vercel.app/studio/map-1782480639497-sb96j/edit:0
[   78619ms] [ERROR] Failed to load resource: net::ERR_FAILED @ https://tile.openstreetmap.org/20/880136/489616.png:0
[   78619ms] [ERROR] [StudioCanvas] Map error: eJ @ https://navi-next.vercel.app/_next/static/chunks/38chi7sedovsr.js:0
[   78620ms] [ERROR] Access to fetch at 'https://tile.openstreetmap.org/20/880131/489616.png' from origin 'https://navi-next.vercel.app' has been blocked by CORS policy: No 'Access-Control-Allow-Origin' header is present on the requested resource. @ https://navi-next.vercel.app/studio/map-1782480639497-sb96j/edit:0
[   78620ms] [ERROR] Failed to load resource: net::ERR_FAILED @ https://tile.openstreetmap.org/20/880131/489616.png:0
[   78620ms] [ERROR] [StudioCanvas] Map error: eJ @ https://navi-next.vercel.app/_next/static/chunks/38chi7sedovsr.js:0
[   78620ms] [ERROR] Access to fetch at 'https://tile.openstreetmap.org/20/880136/489615.png' from origin 'https://navi-next.vercel.app' has been blocked by CORS policy: No 'Access-Control-Allow-Origin' header is present on the requested resource. @ https://navi-next.vercel.app/studio/map-1782480639497-sb96j/edit:0
[   78620ms] [ERROR] Failed to load resource: net::ERR_FAILED @ https://tile.openstreetmap.org/20/880136/489615.png:0
[   78621ms] [ERROR] [StudioCanvas] Map error: eJ @ https://navi-next.vercel.app/_next/static/chunks/38chi7sedovsr.js:0
[   80612ms] [ERROR] Access to fetch at 'https://tile.openstreetmap.org/20/880135/489615.png' from origin 'https://navi-next.vercel.app' has been blocked by CORS policy: No 'Access-Control-Allow-Origin' header is present on the requested resource. @ https://navi-next.vercel.app/studio/map-1782480639497-sb96j/edit:0
[   80612ms] [ERROR] Failed to load resource: net::ERR_FAILED @ https://tile.openstreetmap.org/20/880135/489615.png:0
[   80612ms] [ERROR] [StudioCanvas] Map error: eJ @ https://navi-next.vercel.app/_next/static/chunks/38chi7sedovsr.js:0
[   80641ms] [ERROR] Access to fetch at 'https://tile.openstreetmap.org/20/880134/489615.png' from origin 'https://navi-next.vercel.app' has been blocked by CORS policy: No 'Access-Control-Allow-Origin' header is present on the requested resource. @ https://navi-next.vercel.app/studio/map-1782480639497-sb96j/edit:0
[   80641ms] [ERROR] Failed to load resource: net::ERR_FAILED @ https://tile.openstreetmap.org/20/880134/489615.png:0
[   80642ms] [ERROR] [StudioCanvas] Map error: eJ @ https://navi-next.vercel.app/_next/static/chunks/38chi7sedovsr.js:0
[   80643ms] [ERROR] Access to fetch at 'https://tile.openstreetmap.org/20/880133/489615.png' from origin 'https://navi-next.vercel.app' has been blocked by CORS policy: No 'Access-Control-Allow-Origin' header is present on the requested resource. @ https://navi-next.vercel.app/studio/map-1782480639497-sb96j/edit:0
[   80643ms] [ERROR] Failed to load resource: net::ERR_FAILED @ https://tile.openstreetmap.org/20/880133/489615.png:0
[   80644ms] [ERROR] [StudioCanvas] Map error: eJ @ https://navi-next.vercel.app/_next/static/chunks/38chi7sedovsr.js:0
[   80644ms] [ERROR] Access to fetch at 'https://tile.openstreetmap.org/20/880132/489615.png' from origin 'https://navi-next.vercel.app' has been blocked by CORS policy: No 'Access-Control-Allow-Origin' header is present on the requested resource. @ https://navi-next.vercel.app/studio/map-1782480639497-sb96j/edit:0
[   80644ms] [ERROR] Failed to load resource: net::ERR_FAILED @ https://tile.openstreetmap.org/20/880132/489615.png:0
[   80644ms] [ERROR] [StudioCanvas] Map error: eJ @ https://navi-next.vercel.app/_next/static/chunks/38chi7sedovsr.js:0
[   80645ms] [ERROR] Access to fetch at 'https://tile.openstreetmap.org/20/880131/489615.png' from origin 'https://navi-next.vercel.app' has been blocked by CORS policy: No 'Access-Control-Allow-Origin' header is present on the requested resource. @ https://navi-next.vercel.app/studio/map-1782480639497-sb96j/edit:0
[   80645ms] [ERROR] Failed to load resource: net::ERR_FAILED @ https://tile.openstreetmap.org/20/880131/489615.png:0
[   80645ms] [ERROR] [StudioCanvas] Map error: eJ @ https://navi-next.vercel.app/_next/static/chunks/38chi7sedovsr.js:0
[   80645ms] [ERROR] Access to fetch at 'https://tile.openstreetmap.org/20/880131/489618.png' from origin 'https://navi-next.vercel.app' has been blocked by CORS policy: No 'Access-Control-Allow-Origin' header is present on the requested resource. @ https://navi-next.vercel.app/studio/map-1782480639497-sb96j/edit:0
[   80645ms] [ERROR] Failed to load resource: net::ERR_FAILED @ https://tile.openstreetmap.org/20/880131/489618.png:0
[   80645ms] [ERROR] [StudioCanvas] Map error: eJ @ https://navi-next.vercel.app/_next/static/chunks/38chi7sedovsr.js:0
[   81840ms] [LOG] [RightPanel] render {tool: building, editorMode: campus, activeBuildingId: null, buildingsCount: 0} @ https://navi-next.vercel.app/_next/static/chunks/38chi7sedovsr.js:0
[   81841ms] [LOG] [MetadataPanel] render {activeBuildingId: null, building: undefined} @ https://navi-next.vercel.app/_next/static/chunks/38chi7sedovsr.js:0
[  106351ms] [LOG] [StudioWorkspace] render {mapId: map-1782480639497-sb96j, editorMode: campus} @ https://navi-next.vercel.app/_next/static/chunks/38chi7sedovsr.js:0
[  106352ms] [LOG] [RightPanel] render {tool: building, editorMode: campus, activeBuildingId: bldg-1782551969947-rjba2, buildingsCount: 1} @ https://navi-next.vercel.app/_next/static/chunks/38chi7sedovsr.js:0
[  106352ms] [LOG] [MetadataPanel] render {activeBuildingId: bldg-1782551969947-rjba2, building: bldg-1782551969947-rjba2} @ https://navi-next.vercel.app/_next/static/chunks/38chi7sedovsr.js:0
