[     119ms] [LOG] [Fast Refresh] rebuilding @ http://localhost:3000/_next/static/chunks/node_modules_next_dist_1ybzpk2._.js:2477
[     195ms] [LOG] [Fast Refresh] done in 179ms @ http://localhost:3000/_next/static/chunks/node_modules_next_dist_1ybzpk2._.js:2477
[     268ms] [INFO] %cDownload the React DevTools for a better development experience: https://react.dev/link/react-devtools font-weight:bold @ http://localhost:3000/_next/static/chunks/node_modules_next_dist_1ybzpk2._.js:2477
[     289ms] [LOG] [HMR] connected @ http://localhost:3000/_next/static/chunks/node_modules_next_dist_1ybzpk2._.js:2477
[  137949ms] [LOG] [InteractionController] ToolRegistry → active: "draw-road" (tool: Draw Road) @ http://localhost:3000/_next/static/chunks/node_modules_next_dist_1ybzpk2._.js:2477
[  150545ms] [LOG] [InteractionController] registry:draw-road → onPointerDown(lat=40.00015, lng=-75.00026) @ http://localhost:3000/_next/static/chunks/node_modules_next_dist_1ybzpk2._.js:2477
[  157650ms] [LOG] [InteractionController] registry:draw-road → onPointerDown(lat=40.00015, lng=-75.00026) @ http://localhost:3000/_next/static/chunks/node_modules_next_dist_1ybzpk2._.js:2477
[  157652ms] [LOG] [InteractionController] registry:draw-road → onPointerDown(lat=40.00015, lng=-74.99962) @ http://localhost:3000/_next/static/chunks/node_modules_next_dist_1ybzpk2._.js:2477
[  157655ms] [LOG] [InteractionController] registry:draw-road → onPointerDown(lat=40.00015, lng=-74.99962) @ http://localhost:3000/_next/static/chunks/node_modules_next_dist_1ybzpk2._.js:2477
[  157655ms] [LOG] [InteractionController] registry:draw-road → onPointerDown(lat=40.00015, lng=-74.99962) @ http://localhost:3000/_next/static/chunks/node_modules_next_dist_1ybzpk2._.js:2477
[  190350ms] [LOG] [InteractionController] ToolRegistry → active: "select" (tool: Select) @ http://localhost:3000/_next/static/chunks/node_modules_next_dist_1ybzpk2._.js:2477
[  196696ms] [LOG] [InteractionController] registry:select → onPointerDown(lat=40.00015, lng=-74.99978) @ http://localhost:3000/_next/static/chunks/node_modules_next_dist_1ybzpk2._.js:2477
[  290477ms] [ERROR] Error: The layer 'navi-roads' does not exist in the map's style and cannot be queried for features.
    at ki.queryRenderedFeatures (http://localhost:3000/_next/static/chunks/node_modules_maplibre-gl_dist_maplibre-gl_1w0u9x2.js:29877:58)
    at ds.queryRenderedFeatures (http://localhost:3000/_next/static/chunks/node_modules_maplibre-gl_dist_maplibre-gl_1w0u9x2.js:35781:35)
    at eval (eval at evaluate (:303:30), <anonymous>:6:26)
    at UtilityScript.evaluate (<anonymous>:305:16)
    at UtilityScript.<anonymous> (<anonymous>:1:44) @ http://localhost:3000/_next/static/chunks/node_modules_next_dist_1ybzpk2._.js:3318
[  290478ms] [ERROR] Error: The layer 'l-traces-line' does not exist in the map's style and cannot be queried for features.
    at ki.queryRenderedFeatures (http://localhost:3000/_next/static/chunks/node_modules_maplibre-gl_dist_maplibre-gl_1w0u9x2.js:29877:58)
    at ds.queryRenderedFeatures (http://localhost:3000/_next/static/chunks/node_modules_maplibre-gl_dist_maplibre-gl_1w0u9x2.js:35781:35)
    at eval (eval at evaluate (:303:30), <anonymous>:6:26)
    at UtilityScript.evaluate (<anonymous>:305:16)
    at UtilityScript.<anonymous> (<anonymous>:1:44) @ http://localhost:3000/_next/static/chunks/node_modules_next_dist_1ybzpk2._.js:3318
[  290478ms] [ERROR] Error: The layer 'l-traces-inner' does not exist in the map's style and cannot be queried for features.
    at ki.queryRenderedFeatures (http://localhost:3000/_next/static/chunks/node_modules_maplibre-gl_dist_maplibre-gl_1w0u9x2.js:29877:58)
    at ds.queryRenderedFeatures (http://localhost:3000/_next/static/chunks/node_modules_maplibre-gl_dist_maplibre-gl_1w0u9x2.js:35781:35)
    at eval (eval at evaluate (:303:30), <anonymous>:6:26)
    at UtilityScript.evaluate (<anonymous>:305:16)
    at UtilityScript.<anonymous> (<anonymous>:1:44) @ http://localhost:3000/_next/static/chunks/node_modules_next_dist_1ybzpk2._.js:3318
[  351366ms] [LOG] [Fast Refresh] rebuilding @ http://localhost:3000/_next/static/chunks/node_modules_next_dist_1ybzpk2._.js:2477
[  351408ms] [LOG] [Fast Refresh] done in 67ms @ http://localhost:3000/_next/static/chunks/node_modules_next_dist_1ybzpk2._.js:2477
[  351517ms] [LOG] [Fast Refresh] rebuilding @ http://localhost:3000/_next/static/chunks/node_modules_next_dist_1ybzpk2._.js:2477
[  351602ms] [LOG] [Fast Refresh] done in 188ms @ http://localhost:3000/_next/static/chunks/node_modules_next_dist_1ybzpk2._.js:2477
