[    2619ms] [LOG] [StudioWorkspace] render {mapId: map-1782480639497-sb96j, editorMode: campus} @ https://navi-next.vercel.app/_next/static/chunks/0laycb9tw7a8u.js:0
[    2622ms] [LOG] [RightPanel] render {tool: select, editorMode: campus, activeBuildingId: null, buildingsCount: 0} @ https://navi-next.vercel.app/_next/static/chunks/0laycb9tw7a8u.js:0
[    2624ms] [LOG] [MetadataPanel] render {activeBuildingId: null, building: undefined} @ https://navi-next.vercel.app/_next/static/chunks/0laycb9tw7a8u.js:0
[    2640ms] [LOG] [RightPanel] render {tool: select, editorMode: campus, activeBuildingId: null, buildingsCount: 0} @ https://navi-next.vercel.app/_next/static/chunks/0laycb9tw7a8u.js:0
[    2641ms] [LOG] [MetadataPanel] render {activeBuildingId: null, building: undefined} @ https://navi-next.vercel.app/_next/static/chunks/0laycb9tw7a8u.js:0
[    2642ms] [LOG] [RightPanel] render {tool: select, editorMode: campus, activeBuildingId: null, buildingsCount: 0} @ https://navi-next.vercel.app/_next/static/chunks/0laycb9tw7a8u.js:0
[    2643ms] [LOG] [MetadataPanel] render {activeBuildingId: null, building: undefined} @ https://navi-next.vercel.app/_next/static/chunks/0laycb9tw7a8u.js:0
[    2644ms] [LOG] [RightPanel] render {tool: select, editorMode: campus, activeBuildingId: null, buildingsCount: 0} @ https://navi-next.vercel.app/_next/static/chunks/0laycb9tw7a8u.js:0
[    2644ms] [LOG] [MetadataPanel] render {activeBuildingId: null, building: undefined} @ https://navi-next.vercel.app/_next/static/chunks/0laycb9tw7a8u.js:0
[    2645ms] [LOG] [RightPanel] render {tool: select, editorMode: campus, activeBuildingId: null, buildingsCount: 0} @ https://navi-next.vercel.app/_next/static/chunks/0laycb9tw7a8u.js:0
[    2645ms] [LOG] [MetadataPanel] render {activeBuildingId: null, building: undefined} @ https://navi-next.vercel.app/_next/static/chunks/0laycb9tw7a8u.js:0
[    2646ms] [LOG] [RightPanel] render {tool: select, editorMode: campus, activeBuildingId: null, buildingsCount: 0} @ https://navi-next.vercel.app/_next/static/chunks/0laycb9tw7a8u.js:0
[    2647ms] [LOG] [MetadataPanel] render {activeBuildingId: null, building: undefined} @ https://navi-next.vercel.app/_next/static/chunks/0laycb9tw7a8u.js:0
[    2647ms] [LOG] [RightPanel] render {tool: select, editorMode: campus, activeBuildingId: null, buildingsCount: 0} @ https://navi-next.vercel.app/_next/static/chunks/0laycb9tw7a8u.js:0
[    2648ms] [LOG] [MetadataPanel] render {activeBuildingId: null, building: undefined} @ https://navi-next.vercel.app/_next/static/chunks/0laycb9tw7a8u.js:0
[    2648ms] [LOG] [RightPanel] render {tool: select, editorMode: campus, activeBuildingId: null, buildingsCount: 0} @ https://navi-next.vercel.app/_next/static/chunks/0laycb9tw7a8u.js:0
[    2648ms] [LOG] [MetadataPanel] render {activeBuildingId: null, building: undefined} @ https://navi-next.vercel.app/_next/static/chunks/0laycb9tw7a8u.js:0
[    2649ms] [LOG] [RightPanel] render {tool: select, editorMode: campus, activeBuildingId: null, buildingsCount: 0} @ https://navi-next.vercel.app/_next/static/chunks/0laycb9tw7a8u.js:0
[    2649ms] [LOG] [MetadataPanel] render {activeBuildingId: null, building: undefined} @ https://navi-next.vercel.app/_next/static/chunks/0laycb9tw7a8u.js:0
[    2650ms] [LOG] [RightPanel] render {tool: select, editorMode: campus, activeBuildingId: null, buildingsCount: 0} @ https://navi-next.vercel.app/_next/static/chunks/0laycb9tw7a8u.js:0
[    2650ms] [LOG] [MetadataPanel] render {activeBuildingId: null, building: undefined} @ https://navi-next.vercel.app/_next/static/chunks/0laycb9tw7a8u.js:0
[    2651ms] [LOG] [RightPanel] render {tool: select, editorMode: campus, activeBuildingId: null, buildingsCount: 0} @ https://navi-next.vercel.app/_next/static/chunks/0laycb9tw7a8u.js:0
[    2651ms] [LOG] [MetadataPanel] render {activeBuildingId: null, building: undefined} @ https://navi-next.vercel.app/_next/static/chunks/0laycb9tw7a8u.js:0
[    2651ms] [LOG] [RightPanel] render {tool: select, editorMode: campus, activeBuildingId: null, buildingsCount: 0} @ https://navi-next.vercel.app/_next/static/chunks/0laycb9tw7a8u.js:0
[    2652ms] [LOG] [MetadataPanel] render {activeBuildingId: null, building: undefined} @ https://navi-next.vercel.app/_next/static/chunks/0laycb9tw7a8u.js:0
[    2652ms] [LOG] [RightPanel] render {tool: select, editorMode: campus, activeBuildingId: null, buildingsCount: 0} @ https://navi-next.vercel.app/_next/static/chunks/0laycb9tw7a8u.js:0
[    2652ms] [LOG] [MetadataPanel] render {activeBuildingId: null, building: undefined} @ https://navi-next.vercel.app/_next/static/chunks/0laycb9tw7a8u.js:0
[    2653ms] [LOG] [RightPanel] render {tool: select, editorMode: campus, activeBuildingId: null, buildingsCount: 0} @ https://navi-next.vercel.app/_next/static/chunks/0laycb9tw7a8u.js:0
[    2653ms] [LOG] [MetadataPanel] render {activeBuildingId: null, building: undefined} @ https://navi-next.vercel.app/_next/static/chunks/0laycb9tw7a8u.js:0
[    2654ms] [LOG] [RightPanel] render {tool: select, editorMode: campus, activeBuildingId: null, buildingsCount: 0} @ https://navi-next.vercel.app/_next/static/chunks/0laycb9tw7a8u.js:0
[    2654ms] [LOG] [MetadataPanel] render {activeBuildingId: null, building: undefined} @ https://navi-next.vercel.app/_next/static/chunks/0laycb9tw7a8u.js:0
[    2654ms] [LOG] [RightPanel] render {tool: select, editorMode: campus, activeBuildingId: null, buildingsCount: 0} @ https://navi-next.vercel.app/_next/static/chunks/0laycb9tw7a8u.js:0
[    2654ms] [LOG] [MetadataPanel] render {activeBuildingId: null, building: undefined} @ https://navi-next.vercel.app/_next/static/chunks/0laycb9tw7a8u.js:0
[    2655ms] [LOG] [RightPanel] render {tool: select, editorMode: campus, activeBuildingId: null, buildingsCount: 0} @ https://navi-next.vercel.app/_next/static/chunks/0laycb9tw7a8u.js:0
[    2655ms] [LOG] [MetadataPanel] render {activeBuildingId: null, building: undefined} @ https://navi-next.vercel.app/_next/static/chunks/0laycb9tw7a8u.js:0
[    2655ms] [LOG] [RightPanel] render {tool: select, editorMode: campus, activeBuildingId: null, buildingsCount: 0} @ https://navi-next.vercel.app/_next/static/chunks/0laycb9tw7a8u.js:0
[    2656ms] [LOG] [MetadataPanel] render {activeBuildingId: null, building: undefined} @ https://navi-next.vercel.app/_next/static/chunks/0laycb9tw7a8u.js:0
[    2656ms] [LOG] [RightPanel] render {tool: select, editorMode: campus, activeBuildingId: null, buildingsCount: 0} @ https://navi-next.vercel.app/_next/static/chunks/0laycb9tw7a8u.js:0
[    2656ms] [LOG] [MetadataPanel] render {activeBuildingId: null, building: undefined} @ https://navi-next.vercel.app/_next/static/chunks/0laycb9tw7a8u.js:0
[    2656ms] [LOG] [RightPanel] render {tool: select, editorMode: campus, activeBuildingId: null, buildingsCount: 0} @ https://navi-next.vercel.app/_next/static/chunks/0laycb9tw7a8u.js:0
[    2657ms] [LOG] [MetadataPanel] render {activeBuildingId: null, building: undefined} @ https://navi-next.vercel.app/_next/static/chunks/0laycb9tw7a8u.js:0
[    2657ms] [LOG] [RightPanel] render {tool: select, editorMode: campus, activeBuildingId: null, buildingsCount: 0} @ https://navi-next.vercel.app/_next/static/chunks/0laycb9tw7a8u.js:0
[    2657ms] [LOG] [MetadataPanel] render {activeBuildingId: null, building: undefined} @ https://navi-next.vercel.app/_next/static/chunks/0laycb9tw7a8u.js:0
[    2657ms] [LOG] [RightPanel] render {tool: select, editorMode: campus, activeBuildingId: null, buildingsCount: 0} @ https://navi-next.vercel.app/_next/static/chunks/0laycb9tw7a8u.js:0
[    2658ms] [LOG] [MetadataPanel] render {activeBuildingId: null, building: undefined} @ https://navi-next.vercel.app/_next/static/chunks/0laycb9tw7a8u.js:0
[    2658ms] [LOG] [RightPanel] render {tool: select, editorMode: campus, activeBuildingId: null, buildingsCount: 0} @ https://navi-next.vercel.app/_next/static/chunks/0laycb9tw7a8u.js:0
[    2658ms] [LOG] [MetadataPanel] render {activeBuildingId: null, building: undefined} @ https://navi-next.vercel.app/_next/static/chunks/0laycb9tw7a8u.js:0
[    2658ms] [LOG] [RightPanel] render {tool: select, editorMode: campus, activeBuildingId: null, buildingsCount: 0} @ https://navi-next.vercel.app/_next/static/chunks/0laycb9tw7a8u.js:0
[    2659ms] [LOG] [MetadataPanel] render {activeBuildingId: null, building: undefined} @ https://navi-next.vercel.app/_next/static/chunks/0laycb9tw7a8u.js:0
[    2659ms] [LOG] [RightPanel] render {tool: select, editorMode: campus, activeBuildingId: null, buildingsCount: 0} @ https://navi-next.vercel.app/_next/static/chunks/0laycb9tw7a8u.js:0
[    2659ms] [LOG] [MetadataPanel] render {activeBuildingId: null, building: undefined} @ https://navi-next.vercel.app/_next/static/chunks/0laycb9tw7a8u.js:0
[    2660ms] [LOG] [RightPanel] render {tool: select, editorMode: campus, activeBuildingId: null, buildingsCount: 0} @ https://navi-next.vercel.app/_next/static/chunks/0laycb9tw7a8u.js:0
[    2660ms] [LOG] [MetadataPanel] render {activeBuildingId: null, building: undefined} @ https://navi-next.vercel.app/_next/static/chunks/0laycb9tw7a8u.js:0
[    2660ms] [LOG] [RightPanel] render {tool: select, editorMode: campus, activeBuildingId: null, buildingsCount: 0} @ https://navi-next.vercel.app/_next/static/chunks/0laycb9tw7a8u.js:0
[    2660ms] [LOG] [MetadataPanel] render {activeBuildingId: null, building: undefined} @ https://navi-next.vercel.app/_next/static/chunks/0laycb9tw7a8u.js:0
[    2661ms] [LOG] [RightPanel] render {tool: select, editorMode: campus, activeBuildingId: null, buildingsCount: 0} @ https://navi-next.vercel.app/_next/static/chunks/0laycb9tw7a8u.js:0
[    2661ms] [LOG] [MetadataPanel] render {activeBuildingId: null, building: undefined} @ https://navi-next.vercel.app/_next/static/chunks/0laycb9tw7a8u.js:0
[    2661ms] [LOG] [RightPanel] render {tool: select, editorMode: campus, activeBuildingId: null, buildingsCount: 0} @ https://navi-next.vercel.app/_next/static/chunks/0laycb9tw7a8u.js:0
[    2662ms] [LOG] [MetadataPanel] render {activeBuildingId: null, building: undefined} @ https://navi-next.vercel.app/_next/static/chunks/0laycb9tw7a8u.js:0
[    2662ms] [LOG] [RightPanel] render {tool: select, editorMode: campus, activeBuildingId: null, buildingsCount: 0} @ https://navi-next.vercel.app/_next/static/chunks/0laycb9tw7a8u.js:0
[    2662ms] [LOG] [MetadataPanel] render {activeBuildingId: null, building: undefined} @ https://navi-next.vercel.app/_next/static/chunks/0laycb9tw7a8u.js:0
[    2663ms] [LOG] [RightPanel] render {tool: select, editorMode: campus, activeBuildingId: null, buildingsCount: 0} @ https://navi-next.vercel.app/_next/static/chunks/0laycb9tw7a8u.js:0
[    2663ms] [LOG] [MetadataPanel] render {activeBuildingId: null, building: undefined} @ https://navi-next.vercel.app/_next/static/chunks/0laycb9tw7a8u.js:0
[    2663ms] [LOG] [RightPanel] render {tool: select, editorMode: campus, activeBuildingId: null, buildingsCount: 0} @ https://navi-next.vercel.app/_next/static/chunks/0laycb9tw7a8u.js:0
[    2664ms] [LOG] [MetadataPanel] render {activeBuildingId: null, building: undefined} @ https://navi-next.vercel.app/_next/static/chunks/0laycb9tw7a8u.js:0
[    2664ms] [LOG] [RightPanel] render {tool: select, editorMode: campus, activeBuildingId: null, buildingsCount: 0} @ https://navi-next.vercel.app/_next/static/chunks/0laycb9tw7a8u.js:0
[    2664ms] [LOG] [MetadataPanel] render {activeBuildingId: null, building: undefined} @ https://navi-next.vercel.app/_next/static/chunks/0laycb9tw7a8u.js:0
[    2664ms] [LOG] [RightPanel] render {tool: select, editorMode: campus, activeBuildingId: null, buildingsCount: 0} @ https://navi-next.vercel.app/_next/static/chunks/0laycb9tw7a8u.js:0
[    2665ms] [LOG] [MetadataPanel] render {activeBuildingId: null, building: undefined} @ https://navi-next.vercel.app/_next/static/chunks/0laycb9tw7a8u.js:0
[    2665ms] [LOG] [RightPanel] render {tool: select, editorMode: campus, activeBuildingId: null, buildingsCount: 0} @ https://navi-next.vercel.app/_next/static/chunks/0laycb9tw7a8u.js:0
[    2665ms] [LOG] [MetadataPanel] render {activeBuildingId: null, building: undefined} @ https://navi-next.vercel.app/_next/static/chunks/0laycb9tw7a8u.js:0
[    2665ms] [LOG] [RightPanel] render {tool: select, editorMode: campus, activeBuildingId: null, buildingsCount: 0} @ https://navi-next.vercel.app/_next/static/chunks/0laycb9tw7a8u.js:0
[    2666ms] [LOG] [MetadataPanel] render {activeBuildingId: null, building: undefined} @ https://navi-next.vercel.app/_next/static/chunks/0laycb9tw7a8u.js:0
[    2666ms] [LOG] [RightPanel] render {tool: select, editorMode: campus, activeBuildingId: null, buildingsCount: 0} @ https://navi-next.vercel.app/_next/static/chunks/0laycb9tw7a8u.js:0
[    2666ms] [LOG] [MetadataPanel] render {activeBuildingId: null, building: undefined} @ https://navi-next.vercel.app/_next/static/chunks/0laycb9tw7a8u.js:0
[    2667ms] [LOG] [RightPanel] render {tool: select, editorMode: campus, activeBuildingId: null, buildingsCount: 0} @ https://navi-next.vercel.app/_next/static/chunks/0laycb9tw7a8u.js:0
[    2667ms] [LOG] [MetadataPanel] render {activeBuildingId: null, building: undefined} @ https://navi-next.vercel.app/_next/static/chunks/0laycb9tw7a8u.js:0
[    2667ms] [LOG] [RightPanel] render {tool: select, editorMode: campus, activeBuildingId: null, buildingsCount: 0} @ https://navi-next.vercel.app/_next/static/chunks/0laycb9tw7a8u.js:0
[    2667ms] [LOG] [MetadataPanel] render {activeBuildingId: null, building: undefined} @ https://navi-next.vercel.app/_next/static/chunks/0laycb9tw7a8u.js:0
[    2668ms] [LOG] [RightPanel] render {tool: select, editorMode: campus, activeBuildingId: null, buildingsCount: 0} @ https://navi-next.vercel.app/_next/static/chunks/0laycb9tw7a8u.js:0
[    2668ms] [LOG] [MetadataPanel] render {activeBuildingId: null, building: undefined} @ https://navi-next.vercel.app/_next/static/chunks/0laycb9tw7a8u.js:0
[    2668ms] [LOG] [RightPanel] render {tool: select, editorMode: campus, activeBuildingId: null, buildingsCount: 0} @ https://navi-next.vercel.app/_next/static/chunks/0laycb9tw7a8u.js:0
[    2668ms] [LOG] [MetadataPanel] render {activeBuildingId: null, building: undefined} @ https://navi-next.vercel.app/_next/static/chunks/0laycb9tw7a8u.js:0
[    2669ms] [LOG] [RightPanel] render {tool: select, editorMode: campus, activeBuildingId: null, buildingsCount: 0} @ https://navi-next.vercel.app/_next/static/chunks/0laycb9tw7a8u.js:0
[    2669ms] [LOG] [MetadataPanel] render {activeBuildingId: null, building: undefined} @ https://navi-next.vercel.app/_next/static/chunks/0laycb9tw7a8u.js:0
[    2669ms] [LOG] [RightPanel] render {tool: select, editorMode: campus, activeBuildingId: null, buildingsCount: 0} @ https://navi-next.vercel.app/_next/static/chunks/0laycb9tw7a8u.js:0
[    2670ms] [LOG] [MetadataPanel] render {activeBuildingId: null, building: undefined} @ https://navi-next.vercel.app/_next/static/chunks/0laycb9tw7a8u.js:0
[    2670ms] [LOG] [RightPanel] render {tool: select, editorMode: campus, activeBuildingId: null, buildingsCount: 0} @ https://navi-next.vercel.app/_next/static/chunks/0laycb9tw7a8u.js:0
[    2671ms] [LOG] [MetadataPanel] render {activeBuildingId: null, building: undefined} @ https://navi-next.vercel.app/_next/static/chunks/0laycb9tw7a8u.js:0
[    2671ms] [LOG] [RightPanel] render {tool: select, editorMode: campus, activeBuildingId: null, buildingsCount: 0} @ https://navi-next.vercel.app/_next/static/chunks/0laycb9tw7a8u.js:0
[    2671ms] [LOG] [MetadataPanel] render {activeBuildingId: null, building: undefined} @ https://navi-next.vercel.app/_next/static/chunks/0laycb9tw7a8u.js:0
[    2672ms] [LOG] [RightPanel] render {tool: select, editorMode: campus, activeBuildingId: null, buildingsCount: 0} @ https://navi-next.vercel.app/_next/static/chunks/0laycb9tw7a8u.js:0
[    2672ms] [LOG] [MetadataPanel] render {activeBuildingId: null, building: undefined} @ https://navi-next.vercel.app/_next/static/chunks/0laycb9tw7a8u.js:0
[    2672ms] [LOG] [RightPanel] render {tool: select, editorMode: campus, activeBuildingId: null, buildingsCount: 0} @ https://navi-next.vercel.app/_next/static/chunks/0laycb9tw7a8u.js:0
[    2672ms] [LOG] [MetadataPanel] render {activeBuildingId: null, building: undefined} @ https://navi-next.vercel.app/_next/static/chunks/0laycb9tw7a8u.js:0
[    2673ms] [LOG] [RightPanel] render {tool: select, editorMode: campus, activeBuildingId: null, buildingsCount: 0} @ https://navi-next.vercel.app/_next/static/chunks/0laycb9tw7a8u.js:0
[    2673ms] [LOG] [MetadataPanel] render {activeBuildingId: null, building: undefined} @ https://navi-next.vercel.app/_next/static/chunks/0laycb9tw7a8u.js:0
[    2674ms] [LOG] [RightPanel] render {tool: select, editorMode: campus, activeBuildingId: null, buildingsCount: 0} @ https://navi-next.vercel.app/_next/static/chunks/0laycb9tw7a8u.js:0
[    2674ms] [LOG] [MetadataPanel] render {activeBuildingId: null, building: undefined} @ https://navi-next.vercel.app/_next/static/chunks/0laycb9tw7a8u.js:0
[    2674ms] [LOG] [RightPanel] render {tool: select, editorMode: campus, activeBuildingId: null, buildingsCount: 0} @ https://navi-next.vercel.app/_next/static/chunks/0laycb9tw7a8u.js:0
[    2674ms] [LOG] [MetadataPanel] render {activeBuildingId: null, building: undefined} @ https://navi-next.vercel.app/_next/static/chunks/0laycb9tw7a8u.js:0
[    2675ms] [LOG] [RightPanel] render {tool: select, editorMode: campus, activeBuildingId: null, buildingsCount: 0} @ https://navi-next.vercel.app/_next/static/chunks/0laycb9tw7a8u.js:0
[    2675ms] [LOG] [MetadataPanel] render {activeBuildingId: null, building: undefined} @ https://navi-next.vercel.app/_next/static/chunks/0laycb9tw7a8u.js:0
[    2675ms] [LOG] [RightPanel] render {tool: select, editorMode: campus, activeBuildingId: null, buildingsCount: 0} @ https://navi-next.vercel.app/_next/static/chunks/0laycb9tw7a8u.js:0
[    2675ms] [LOG] [MetadataPanel] render {activeBuildingId: null, building: undefined} @ https://navi-next.vercel.app/_next/static/chunks/0laycb9tw7a8u.js:0
[    2676ms] [LOG] [RightPanel] render {tool: select, editorMode: campus, activeBuildingId: null, buildingsCount: 0} @ https://navi-next.vercel.app/_next/static/chunks/0laycb9tw7a8u.js:0
[    2676ms] [LOG] [MetadataPanel] render {activeBuildingId: null, building: undefined} @ https://navi-next.vercel.app/_next/static/chunks/0laycb9tw7a8u.js:0
[    2725ms] Error: Minified React error #185; visit https://react.dev/errors/185 for the full message or use the non-minified dev environment for full errors and additional helpful warnings.
    at rh (https://navi-next.vercel.app/_next/static/chunks/2nykiepra7i1k.js:1:42845)
    at rp (https://navi-next.vercel.app/_next/static/chunks/2nykiepra7i1k.js:1:42417)
    at aU (https://navi-next.vercel.app/_next/static/chunks/2nykiepra7i1k.js:1:68599)
    at aF (https://navi-next.vercel.app/_next/static/chunks/2nykiepra7i1k.js:1:68425)
    at iv (https://navi-next.vercel.app/_next/static/chunks/2nykiepra7i1k.js:1:102969)
    at up (https://navi-next.vercel.app/_next/static/chunks/2nykiepra7i1k.js:1:127008)
    at ud (https://navi-next.vercel.app/_next/static/chunks/2nykiepra7i1k.js:1:126670)
    at up (https://navi-next.vercel.app/_next/static/chunks/2nykiepra7i1k.js:1:127053)
    at ud (https://navi-next.vercel.app/_next/static/chunks/2nykiepra7i1k.js:1:126670)
    at up (https://navi-next.vercel.app/_next/static/chunks/2nykiepra7i1k.js:1:127053)
[  314310ms] [LOG] [StudioWorkspace] render {mapId: map-1782480639497-sb96j, editorMode: campus} @ https://navi-next.vercel.app/_next/static/chunks/0laycb9tw7a8u.js:0
[  314312ms] [LOG] [RightPanel] render {tool: select, editorMode: campus, activeBuildingId: null, buildingsCount: 0} @ https://navi-next.vercel.app/_next/static/chunks/0laycb9tw7a8u.js:0
[  314314ms] [LOG] [MetadataPanel] render {activeBuildingId: null, building: undefined} @ https://navi-next.vercel.app/_next/static/chunks/0laycb9tw7a8u.js:0
[  314330ms] [LOG] [RightPanel] render {tool: select, editorMode: campus, activeBuildingId: null, buildingsCount: 0} @ https://navi-next.vercel.app/_next/static/chunks/0laycb9tw7a8u.js:0
[  314330ms] [LOG] [MetadataPanel] render {activeBuildingId: null, building: undefined} @ https://navi-next.vercel.app/_next/static/chunks/0laycb9tw7a8u.js:0
[  314331ms] [LOG] [RightPanel] render {tool: select, editorMode: campus, activeBuildingId: null, buildingsCount: 0} @ https://navi-next.vercel.app/_next/static/chunks/0laycb9tw7a8u.js:0
[  314331ms] [LOG] [MetadataPanel] render {activeBuildingId: null, building: undefined} @ https://navi-next.vercel.app/_next/static/chunks/0laycb9tw7a8u.js:0
[  314332ms] [LOG] [RightPanel] render {tool: select, editorMode: campus, activeBuildingId: null, buildingsCount: 0} @ https://navi-next.vercel.app/_next/static/chunks/0laycb9tw7a8u.js:0
[  314332ms] [LOG] [MetadataPanel] render {activeBuildingId: null, building: undefined} @ https://navi-next.vercel.app/_next/static/chunks/0laycb9tw7a8u.js:0
[  314333ms] [LOG] [RightPanel] render {tool: select, editorMode: campus, activeBuildingId: null, buildingsCount: 0} @ https://navi-next.vercel.app/_next/static/chunks/0laycb9tw7a8u.js:0
[  314333ms] [LOG] [MetadataPanel] render {activeBuildingId: null, building: undefined} @ https://navi-next.vercel.app/_next/static/chunks/0laycb9tw7a8u.js:0
[  314334ms] [LOG] [RightPanel] render {tool: select, editorMode: campus, activeBuildingId: null, buildingsCount: 0} @ https://navi-next.vercel.app/_next/static/chunks/0laycb9tw7a8u.js:0
[  314334ms] [LOG] [MetadataPanel] render {activeBuildingId: null, building: undefined} @ https://navi-next.vercel.app/_next/static/chunks/0laycb9tw7a8u.js:0
[  314335ms] [LOG] [RightPanel] render {tool: select, editorMode: campus, activeBuildingId: null, buildingsCount: 0} @ https://navi-next.vercel.app/_next/static/chunks/0laycb9tw7a8u.js:0
[  314335ms] [LOG] [MetadataPanel] render {activeBuildingId: null, building: undefined} @ https://navi-next.vercel.app/_next/static/chunks/0laycb9tw7a8u.js:0
[  314335ms] [LOG] [RightPanel] render {tool: select, editorMode: campus, activeBuildingId: null, buildingsCount: 0} @ https://navi-next.vercel.app/_next/static/chunks/0laycb9tw7a8u.js:0
[  314336ms] [LOG] [MetadataPanel] render {activeBuildingId: null, building: undefined} @ https://navi-next.vercel.app/_next/static/chunks/0laycb9tw7a8u.js:0
[  314337ms] [LOG] [RightPanel] render {tool: select, editorMode: campus, activeBuildingId: null, buildingsCount: 0} @ https://navi-next.vercel.app/_next/static/chunks/0laycb9tw7a8u.js:0
[  314337ms] [LOG] [MetadataPanel] render {activeBuildingId: null, building: undefined} @ https://navi-next.vercel.app/_next/static/chunks/0laycb9tw7a8u.js:0
[  314337ms] [LOG] [RightPanel] render {tool: select, editorMode: campus, activeBuildingId: null, buildingsCount: 0} @ https://navi-next.vercel.app/_next/static/chunks/0laycb9tw7a8u.js:0
[  314338ms] [LOG] [MetadataPanel] render {activeBuildingId: null, building: undefined} @ https://navi-next.vercel.app/_next/static/chunks/0laycb9tw7a8u.js:0
[  314338ms] [LOG] [RightPanel] render {tool: select, editorMode: campus, activeBuildingId: null, buildingsCount: 0} @ https://navi-next.vercel.app/_next/static/chunks/0laycb9tw7a8u.js:0
[  314338ms] [LOG] [MetadataPanel] render {activeBuildingId: null, building: undefined} @ https://navi-next.vercel.app/_next/static/chunks/0laycb9tw7a8u.js:0
[  314338ms] [LOG] [RightPanel] render {tool: select, editorMode: campus, activeBuildingId: null, buildingsCount: 0} @ https://navi-next.vercel.app/_next/static/chunks/0laycb9tw7a8u.js:0
[  314339ms] [LOG] [MetadataPanel] render {activeBuildingId: null, building: undefined} @ https://navi-next.vercel.app/_next/static/chunks/0laycb9tw7a8u.js:0
[  314339ms] [LOG] [RightPanel] render {tool: select, editorMode: campus, activeBuildingId: null, buildingsCount: 0} @ https://navi-next.vercel.app/_next/static/chunks/0laycb9tw7a8u.js:0
[  314339ms] [LOG] [MetadataPanel] render {activeBuildingId: null, building: undefined} @ https://navi-next.vercel.app/_next/static/chunks/0laycb9tw7a8u.js:0
[  314339ms] [LOG] [RightPanel] render {tool: select, editorMode: campus, activeBuildingId: null, buildingsCount: 0} @ https://navi-next.vercel.app/_next/static/chunks/0laycb9tw7a8u.js:0
[  314340ms] [LOG] [MetadataPanel] render {activeBuildingId: null, building: undefined} @ https://navi-next.vercel.app/_next/static/chunks/0laycb9tw7a8u.js:0
[  314340ms] [LOG] [RightPanel] render {tool: select, editorMode: campus, activeBuildingId: null, buildingsCount: 0} @ https://navi-next.vercel.app/_next/static/chunks/0laycb9tw7a8u.js:0
[  314340ms] [LOG] [MetadataPanel] render {activeBuildingId: null, building: undefined} @ https://navi-next.vercel.app/_next/static/chunks/0laycb9tw7a8u.js:0
[  314340ms] [LOG] [RightPanel] render {tool: select, editorMode: campus, activeBuildingId: null, buildingsCount: 0} @ https://navi-next.vercel.app/_next/static/chunks/0laycb9tw7a8u.js:0
[  314340ms] [LOG] [MetadataPanel] render {activeBuildingId: null, building: undefined} @ https://navi-next.vercel.app/_next/static/chunks/0laycb9tw7a8u.js:0
[  314341ms] [LOG] [RightPanel] render {tool: select, editorMode: campus, activeBuildingId: null, buildingsCount: 0} @ https://navi-next.vercel.app/_next/static/chunks/0laycb9tw7a8u.js:0
[  314341ms] [LOG] [MetadataPanel] render {activeBuildingId: null, building: undefined} @ https://navi-next.vercel.app/_next/static/chunks/0laycb9tw7a8u.js:0
[  314341ms] [LOG] [RightPanel] render {tool: select, editorMode: campus, activeBuildingId: null, buildingsCount: 0} @ https://navi-next.vercel.app/_next/static/chunks/0laycb9tw7a8u.js:0
[  314341ms] [LOG] [MetadataPanel] render {activeBuildingId: null, building: undefined} @ https://navi-next.vercel.app/_next/static/chunks/0laycb9tw7a8u.js:0
[  314342ms] [LOG] [RightPanel] render {tool: select, editorMode: campus, activeBuildingId: null, buildingsCount: 0} @ https://navi-next.vercel.app/_next/static/chunks/0laycb9tw7a8u.js:0
[  314342ms] [LOG] [MetadataPanel] render {activeBuildingId: null, building: undefined} @ https://navi-next.vercel.app/_next/static/chunks/0laycb9tw7a8u.js:0
[  314342ms] [LOG] [RightPanel] render {tool: select, editorMode: campus, activeBuildingId: null, buildingsCount: 0} @ https://navi-next.vercel.app/_next/static/chunks/0laycb9tw7a8u.js:0
[  314343ms] [LOG] [MetadataPanel] render {activeBuildingId: null, building: undefined} @ https://navi-next.vercel.app/_next/static/chunks/0laycb9tw7a8u.js:0
[  314343ms] [LOG] [RightPanel] render {tool: select, editorMode: campus, activeBuildingId: null, buildingsCount: 0} @ https://navi-next.vercel.app/_next/static/chunks/0laycb9tw7a8u.js:0
[  314343ms] [LOG] [MetadataPanel] render {activeBuildingId: null, building: undefined} @ https://navi-next.vercel.app/_next/static/chunks/0laycb9tw7a8u.js:0
[  314343ms] [LOG] [RightPanel] render {tool: select, editorMode: campus, activeBuildingId: null, buildingsCount: 0} @ https://navi-next.vercel.app/_next/static/chunks/0laycb9tw7a8u.js:0
[  314344ms] [LOG] [MetadataPanel] render {activeBuildingId: null, building: undefined} @ https://navi-next.vercel.app/_next/static/chunks/0laycb9tw7a8u.js:0
[  314344ms] [LOG] [RightPanel] render {tool: select, editorMode: campus, activeBuildingId: null, buildingsCount: 0} @ https://navi-next.vercel.app/_next/static/chunks/0laycb9tw7a8u.js:0
[  314344ms] [LOG] [MetadataPanel] render {activeBuildingId: null, building: undefined} @ https://navi-next.vercel.app/_next/static/chunks/0laycb9tw7a8u.js:0
[  314345ms] [LOG] [RightPanel] render {tool: select, editorMode: campus, activeBuildingId: null, buildingsCount: 0} @ https://navi-next.vercel.app/_next/static/chunks/0laycb9tw7a8u.js:0
[  314345ms] [LOG] [MetadataPanel] render {activeBuildingId: null, building: undefined} @ https://navi-next.vercel.app/_next/static/chunks/0laycb9tw7a8u.js:0
[  314346ms] [LOG] [RightPanel] render {tool: select, editorMode: campus, activeBuildingId: null, buildingsCount: 0} @ https://navi-next.vercel.app/_next/static/chunks/0laycb9tw7a8u.js:0
[  314346ms] [LOG] [MetadataPanel] render {activeBuildingId: null, building: undefined} @ https://navi-next.vercel.app/_next/static/chunks/0laycb9tw7a8u.js:0
[  314346ms] [LOG] [RightPanel] render {tool: select, editorMode: campus, activeBuildingId: null, buildingsCount: 0} @ https://navi-next.vercel.app/_next/static/chunks/0laycb9tw7a8u.js:0
[  314346ms] [LOG] [MetadataPanel] render {activeBuildingId: null, building: undefined} @ https://navi-next.vercel.app/_next/static/chunks/0laycb9tw7a8u.js:0
[  314346ms] [LOG] [RightPanel] render {tool: select, editorMode: campus, activeBuildingId: null, buildingsCount: 0} @ https://navi-next.vercel.app/_next/static/chunks/0laycb9tw7a8u.js:0
[  314347ms] [LOG] [MetadataPanel] render {activeBuildingId: null, building: undefined} @ https://navi-next.vercel.app/_next/static/chunks/0laycb9tw7a8u.js:0
[  314347ms] [LOG] [RightPanel] render {tool: select, editorMode: campus, activeBuildingId: null, buildingsCount: 0} @ https://navi-next.vercel.app/_next/static/chunks/0laycb9tw7a8u.js:0
[  314347ms] [LOG] [MetadataPanel] render {activeBuildingId: null, building: undefined} @ https://navi-next.vercel.app/_next/static/chunks/0laycb9tw7a8u.js:0
[  314347ms] [LOG] [RightPanel] render {tool: select, editorMode: campus, activeBuildingId: null, buildingsCount: 0} @ https://navi-next.vercel.app/_next/static/chunks/0laycb9tw7a8u.js:0
[  314348ms] [LOG] [MetadataPanel] render {activeBuildingId: null, building: undefined} @ https://navi-next.vercel.app/_next/static/chunks/0laycb9tw7a8u.js:0
[  314348ms] [LOG] [RightPanel] render {tool: select, editorMode: campus, activeBuildingId: null, buildingsCount: 0} @ https://navi-next.vercel.app/_next/static/chunks/0laycb9tw7a8u.js:0
[  314348ms] [LOG] [MetadataPanel] render {activeBuildingId: null, building: undefined} @ https://navi-next.vercel.app/_next/static/chunks/0laycb9tw7a8u.js:0
[  314348ms] [LOG] [RightPanel] render {tool: select, editorMode: campus, activeBuildingId: null, buildingsCount: 0} @ https://navi-next.vercel.app/_next/static/chunks/0laycb9tw7a8u.js:0
[  314349ms] [LOG] [MetadataPanel] render {activeBuildingId: null, building: undefined} @ https://navi-next.vercel.app/_next/static/chunks/0laycb9tw7a8u.js:0
[  314349ms] [LOG] [RightPanel] render {tool: select, editorMode: campus, activeBuildingId: null, buildingsCount: 0} @ https://navi-next.vercel.app/_next/static/chunks/0laycb9tw7a8u.js:0
[  314349ms] [LOG] [MetadataPanel] render {activeBuildingId: null, building: undefined} @ https://navi-next.vercel.app/_next/static/chunks/0laycb9tw7a8u.js:0
[  314349ms] [LOG] [RightPanel] render {tool: select, editorMode: campus, activeBuildingId: null, buildingsCount: 0} @ https://navi-next.vercel.app/_next/static/chunks/0laycb9tw7a8u.js:0
[  314350ms] [LOG] [MetadataPanel] render {activeBuildingId: null, building: undefined} @ https://navi-next.vercel.app/_next/static/chunks/0laycb9tw7a8u.js:0
[  314350ms] [LOG] [RightPanel] render {tool: select, editorMode: campus, activeBuildingId: null, buildingsCount: 0} @ https://navi-next.vercel.app/_next/static/chunks/0laycb9tw7a8u.js:0
[  314350ms] [LOG] [MetadataPanel] render {activeBuildingId: null, building: undefined} @ https://navi-next.vercel.app/_next/static/chunks/0laycb9tw7a8u.js:0
[  314350ms] [LOG] [RightPanel] render {tool: select, editorMode: campus, activeBuildingId: null, buildingsCount: 0} @ https://navi-next.vercel.app/_next/static/chunks/0laycb9tw7a8u.js:0
[  314350ms] [LOG] [MetadataPanel] render {activeBuildingId: null, building: undefined} @ https://navi-next.vercel.app/_next/static/chunks/0laycb9tw7a8u.js:0
[  314351ms] [LOG] [RightPanel] render {tool: select, editorMode: campus, activeBuildingId: null, buildingsCount: 0} @ https://navi-next.vercel.app/_next/static/chunks/0laycb9tw7a8u.js:0
[  314351ms] [LOG] [MetadataPanel] render {activeBuildingId: null, building: undefined} @ https://navi-next.vercel.app/_next/static/chunks/0laycb9tw7a8u.js:0
[  314351ms] [LOG] [RightPanel] render {tool: select, editorMode: campus, activeBuildingId: null, buildingsCount: 0} @ https://navi-next.vercel.app/_next/static/chunks/0laycb9tw7a8u.js:0
[  314352ms] [LOG] [MetadataPanel] render {activeBuildingId: null, building: undefined} @ https://navi-next.vercel.app/_next/static/chunks/0laycb9tw7a8u.js:0
[  314352ms] [LOG] [RightPanel] render {tool: select, editorMode: campus, activeBuildingId: null, buildingsCount: 0} @ https://navi-next.vercel.app/_next/static/chunks/0laycb9tw7a8u.js:0
[  314353ms] [LOG] [MetadataPanel] render {activeBuildingId: null, building: undefined} @ https://navi-next.vercel.app/_next/static/chunks/0laycb9tw7a8u.js:0
[  314353ms] [LOG] [RightPanel] render {tool: select, editorMode: campus, activeBuildingId: null, buildingsCount: 0} @ https://navi-next.vercel.app/_next/static/chunks/0laycb9tw7a8u.js:0
[  314353ms] [LOG] [MetadataPanel] render {activeBuildingId: null, building: undefined} @ https://navi-next.vercel.app/_next/static/chunks/0laycb9tw7a8u.js:0
[  314354ms] [LOG] [RightPanel] render {tool: select, editorMode: campus, activeBuildingId: null, buildingsCount: 0} @ https://navi-next.vercel.app/_next/static/chunks/0laycb9tw7a8u.js:0
[  314354ms] [LOG] [MetadataPanel] render {activeBuildingId: null, building: undefined} @ https://navi-next.vercel.app/_next/static/chunks/0laycb9tw7a8u.js:0
[  314354ms] [LOG] [RightPanel] render {tool: select, editorMode: campus, activeBuildingId: null, buildingsCount: 0} @ https://navi-next.vercel.app/_next/static/chunks/0laycb9tw7a8u.js:0
[  314355ms] [LOG] [MetadataPanel] render {activeBuildingId: null, building: undefined} @ https://navi-next.vercel.app/_next/static/chunks/0laycb9tw7a8u.js:0
[  314355ms] [LOG] [RightPanel] render {tool: select, editorMode: campus, activeBuildingId: null, buildingsCount: 0} @ https://navi-next.vercel.app/_next/static/chunks/0laycb9tw7a8u.js:0
[  314355ms] [LOG] [MetadataPanel] render {activeBuildingId: null, building: undefined} @ https://navi-next.vercel.app/_next/static/chunks/0laycb9tw7a8u.js:0
[  314356ms] [LOG] [RightPanel] render {tool: select, editorMode: campus, activeBuildingId: null, buildingsCount: 0} @ https://navi-next.vercel.app/_next/static/chunks/0laycb9tw7a8u.js:0
[  314356ms] [LOG] [MetadataPanel] render {activeBuildingId: null, building: undefined} @ https://navi-next.vercel.app/_next/static/chunks/0laycb9tw7a8u.js:0
[  314356ms] [LOG] [RightPanel] render {tool: select, editorMode: campus, activeBuildingId: null, buildingsCount: 0} @ https://navi-next.vercel.app/_next/static/chunks/0laycb9tw7a8u.js:0
[  314356ms] [LOG] [MetadataPanel] render {activeBuildingId: null, building: undefined} @ https://navi-next.vercel.app/_next/static/chunks/0laycb9tw7a8u.js:0
[  314356ms] [LOG] [RightPanel] render {tool: select, editorMode: campus, activeBuildingId: null, buildingsCount: 0} @ https://navi-next.vercel.app/_next/static/chunks/0laycb9tw7a8u.js:0
[  314357ms] [LOG] [MetadataPanel] render {activeBuildingId: null, building: undefined} @ https://navi-next.vercel.app/_next/static/chunks/0laycb9tw7a8u.js:0
[  314357ms] [LOG] [RightPanel] render {tool: select, editorMode: campus, activeBuildingId: null, buildingsCount: 0} @ https://navi-next.vercel.app/_next/static/chunks/0laycb9tw7a8u.js:0
[  314357ms] [LOG] [MetadataPanel] render {activeBuildingId: null, building: undefined} @ https://navi-next.vercel.app/_next/static/chunks/0laycb9tw7a8u.js:0
[  314357ms] [LOG] [RightPanel] render {tool: select, editorMode: campus, activeBuildingId: null, buildingsCount: 0} @ https://navi-next.vercel.app/_next/static/chunks/0laycb9tw7a8u.js:0
[  314357ms] [LOG] [MetadataPanel] render {activeBuildingId: null, building: undefined} @ https://navi-next.vercel.app/_next/static/chunks/0laycb9tw7a8u.js:0
[  314358ms] [LOG] [RightPanel] render {tool: select, editorMode: campus, activeBuildingId: null, buildingsCount: 0} @ https://navi-next.vercel.app/_next/static/chunks/0laycb9tw7a8u.js:0
[  314358ms] [LOG] [MetadataPanel] render {activeBuildingId: null, building: undefined} @ https://navi-next.vercel.app/_next/static/chunks/0laycb9tw7a8u.js:0
[  314358ms] [LOG] [RightPanel] render {tool: select, editorMode: campus, activeBuildingId: null, buildingsCount: 0} @ https://navi-next.vercel.app/_next/static/chunks/0laycb9tw7a8u.js:0
[  314358ms] [LOG] [MetadataPanel] render {activeBuildingId: null, building: undefined} @ https://navi-next.vercel.app/_next/static/chunks/0laycb9tw7a8u.js:0
[  314359ms] [LOG] [RightPanel] render {tool: select, editorMode: campus, activeBuildingId: null, buildingsCount: 0} @ https://navi-next.vercel.app/_next/static/chunks/0laycb9tw7a8u.js:0
[  314359ms] [LOG] [MetadataPanel] render {activeBuildingId: null, building: undefined} @ https://navi-next.vercel.app/_next/static/chunks/0laycb9tw7a8u.js:0
[  314359ms] [LOG] [RightPanel] render {tool: select, editorMode: campus, activeBuildingId: null, buildingsCount: 0} @ https://navi-next.vercel.app/_next/static/chunks/0laycb9tw7a8u.js:0
[  314359ms] [LOG] [MetadataPanel] render {activeBuildingId: null, building: undefined} @ https://navi-next.vercel.app/_next/static/chunks/0laycb9tw7a8u.js:0
[  314360ms] [LOG] [RightPanel] render {tool: select, editorMode: campus, activeBuildingId: null, buildingsCount: 0} @ https://navi-next.vercel.app/_next/static/chunks/0laycb9tw7a8u.js:0
[  314360ms] [LOG] [MetadataPanel] render {activeBuildingId: null, building: undefined} @ https://navi-next.vercel.app/_next/static/chunks/0laycb9tw7a8u.js:0
[  314360ms] [LOG] [RightPanel] render {tool: select, editorMode: campus, activeBuildingId: null, buildingsCount: 0} @ https://navi-next.vercel.app/_next/static/chunks/0laycb9tw7a8u.js:0
[  314360ms] [LOG] [MetadataPanel] render {activeBuildingId: null, building: undefined} @ https://navi-next.vercel.app/_next/static/chunks/0laycb9tw7a8u.js:0
[  314398ms] Error: Minified React error #185; visit https://react.dev/errors/185 for the full message or use the non-minified dev environment for full errors and additional helpful warnings.
    at rh (https://navi-next.vercel.app/_next/static/chunks/2nykiepra7i1k.js:1:42845)
    at rp (https://navi-next.vercel.app/_next/static/chunks/2nykiepra7i1k.js:1:42417)
    at aU (https://navi-next.vercel.app/_next/static/chunks/2nykiepra7i1k.js:1:68599)
    at aF (https://navi-next.vercel.app/_next/static/chunks/2nykiepra7i1k.js:1:68425)
    at iv (https://navi-next.vercel.app/_next/static/chunks/2nykiepra7i1k.js:1:102969)
    at up (https://navi-next.vercel.app/_next/static/chunks/2nykiepra7i1k.js:1:127008)
    at ud (https://navi-next.vercel.app/_next/static/chunks/2nykiepra7i1k.js:1:126670)
    at up (https://navi-next.vercel.app/_next/static/chunks/2nykiepra7i1k.js:1:127053)
    at ud (https://navi-next.vercel.app/_next/static/chunks/2nykiepra7i1k.js:1:126670)
    at up (https://navi-next.vercel.app/_next/static/chunks/2nykiepra7i1k.js:1:127053)
