[    2590ms] RangeError: mismatched image size. expected: 0 but got: 2304
    at o1 (https://navi-next.vercel.app/_next/static/chunks/261cq39jf3lqt.js:2:79160)
    at new o6 (https://navi-next.vercel.app/_next/static/chunks/261cq39jf3lqt.js:2:80347)
    at aU.addImage (https://navi-next.vercel.app/_next/static/chunks/261cq39jf3lqt.js:53:113124)
    at eT (https://navi-next.vercel.app/_next/static/chunks/2se89yx8b17ar.js:1:37095)
    at aU.<anonymous> (https://navi-next.vercel.app/_next/static/chunks/2se89yx8b17ar.js:1:47029)
    at aU.fire (https://navi-next.vercel.app/_next/static/chunks/261cq39jf3lqt.js:1:13067)
    at aU._render (https://navi-next.vercel.app/_next/static/chunks/261cq39jf3lqt.js:53:121679)
    at https://navi-next.vercel.app/_next/static/chunks/261cq39jf3lqt.js:53:123386
    at https://navi-next.vercel.app/_next/static/chunks/261cq39jf3lqt.js:2:344464
[   32560ms] [ERROR] Failed to load resource: the server responded with a status of 500 () @ https://navi-next.vercel.app/api/graph:0
[   32561ms] [WARNING] [graph-store] syncToSupabase failed: invalid input syntax for type integer: "[0]" @ https://navi-next.vercel.app/_next/static/chunks/0btti7a1e02sl.js:0
[   62877ms] [ERROR] Failed to load resource: the server responded with a status of 500 () @ https://navi-next.vercel.app/api/graph:0
[   62877ms] [WARNING] [graph-store] syncToSupabase failed: invalid input syntax for type integer: "[0]" @ https://navi-next.vercel.app/_next/static/chunks/0btti7a1e02sl.js:0
[   92354ms] [ERROR] Failed to load resource: the server responded with a status of 500 () @ https://navi-next.vercel.app/api/graph:0
[   92355ms] [WARNING] [graph-store] syncToSupabase failed: invalid input syntax for type integer: "[0]" @ https://navi-next.vercel.app/_next/static/chunks/0btti7a1e02sl.js:0
[  122855ms] [ERROR] Failed to load resource: the server responded with a status of 500 () @ https://navi-next.vercel.app/api/graph:0
[  122856ms] [WARNING] [graph-store] syncToSupabase failed: invalid input syntax for type integer: "[0]" @ https://navi-next.vercel.app/_next/static/chunks/0btti7a1e02sl.js:0
[  152574ms] [ERROR] Failed to load resource: the server responded with a status of 500 () @ https://navi-next.vercel.app/api/graph:0
[  152574ms] [WARNING] [graph-store] syncToSupabase failed: invalid input syntax for type integer: "[0]" @ https://navi-next.vercel.app/_next/static/chunks/0btti7a1e02sl.js:0
[  183271ms] [ERROR] Failed to load resource: the server responded with a status of 500 () @ https://navi-next.vercel.app/api/graph:0
[  183271ms] [WARNING] [graph-store] syncToSupabase failed: invalid input syntax for type integer: "[0]" @ https://navi-next.vercel.app/_next/static/chunks/0btti7a1e02sl.js:0
[  212806ms] [ERROR] Failed to load resource: the server responded with a status of 500 () @ https://navi-next.vercel.app/api/graph:0
[  212806ms] [WARNING] [graph-store] syncToSupabase failed: invalid input syntax for type integer: "[0]" @ https://navi-next.vercel.app/_next/static/chunks/0btti7a1e02sl.js:0
