[    1626ms] [WARNING] Image "office" could not be loaded. Please make sure you have added the image with map.addImage() or a "sprite" property in your style. You can provide missing images by listening for the "styleimagemissing" map event. @ https://unpkg.com/maplibre-gl@%5E5.24/dist/maplibre-gl.js:41
[    1627ms] [WARNING] Image "multi" could not be loaded. Please make sure you have added the image with map.addImage() or a "sprite" property in your style. You can provide missing images by listening for the "styleimagemissing" map event. @ https://unpkg.com/maplibre-gl@%5E5.24/dist/maplibre-gl.js:41
[    1627ms] [WARNING] Image "gate" could not be loaded. Please make sure you have added the image with map.addImage() or a "sprite" property in your style. You can provide missing images by listening for the "styleimagemissing" map event. @ https://unpkg.com/maplibre-gl@%5E5.24/dist/maplibre-gl.js:41
[    1627ms] [WARNING] Image "swimming_pool" could not be loaded. Please make sure you have added the image with map.addImage() or a "sprite" property in your style. You can provide missing images by listening for the "styleimagemissing" map event. @ https://unpkg.com/maplibre-gl@%5E5.24/dist/maplibre-gl.js:41
[    1627ms] [WARNING] Image "bicycle_parking" could not be loaded. Please make sure you have added the image with map.addImage() or a "sprite" property in your style. You can provide missing images by listening for the "styleimagemissing" map event. @ https://unpkg.com/maplibre-gl@%5E5.24/dist/maplibre-gl.js:41
[    3624ms] [ERROR] Failed to load resource: the server responded with a status of 404 () @ https://tiles.openfreemap.org/fonts/Open%20Sans%20Bold,Arial%20Unicode%20MS%20Bold/0-255.pbf:0
[    3624ms] [ERROR] Failed to load resource: the server responded with a status of 404 () @ https://tiles.openfreemap.org/fonts/Open%20Sans%20Regular,Arial%20Unicode%20MS%20Regular/0-255.pbf:0
[    3624ms] [ERROR] Failed to load resource: the server responded with a status of 404 () @ https://tiles.openfreemap.org/fonts/Open%20Sans%20Bold,Arial%20Unicode%20MS%20Bold/0-255.pbf:0
[    3624ms] [ERROR] Failed to load resource: the server responded with a status of 404 () @ https://tiles.openfreemap.org/fonts/Open%20Sans%20Regular,Arial%20Unicode%20MS%20Regular/0-255.pbf:0
[    3625ms] [ERROR] Failed to load resource: the server responded with a status of 404 () @ https://tiles.openfreemap.org/fonts/Open%20Sans%20Bold,Arial%20Unicode%20MS%20Bold/0-255.pbf:0
[    3625ms] [ERROR] Failed to load resource: the server responded with a status of 404 () @ https://tiles.openfreemap.org/fonts/Open%20Sans%20Regular,Arial%20Unicode%20MS%20Regular/0-255.pbf:0
[    3631ms] [WARNING] Unable to load glyph range 0, 0-255. Rendering codepoint U+0041 locally instead. Error: AJAXError:  (404): https://tiles.openfreemap.org/fonts/Open Sans Bold,Arial Unicode MS Bold/0-255.pbf @ https://unpkg.com/maplibre-gl@%5E5.24/dist/maplibre-gl.js:41
[    3631ms] [WARNING] Unable to load glyph range 0, 0-255. Rendering codepoint U+0043 locally instead. Error: AJAXError:  (404): https://tiles.openfreemap.org/fonts/Open Sans Bold,Arial Unicode MS Bold/0-255.pbf @ https://unpkg.com/maplibre-gl@%5E5.24/dist/maplibre-gl.js:41
[    3632ms] [WARNING] Unable to load glyph range 0, 0-255. Rendering codepoint U+0044 locally instead. Error: AJAXError:  (404): https://tiles.openfreemap.org/fonts/Open Sans Bold,Arial Unicode MS Bold/0-255.pbf @ https://unpkg.com/maplibre-gl@%5E5.24/dist/maplibre-gl.js:41
[    3632ms] [WARNING] Unable to load glyph range 0, 0-255. Rendering codepoint U+0045 locally instead. Error: AJAXError:  (404): https://tiles.openfreemap.org/fonts/Open Sans Bold,Arial Unicode MS Bold/0-255.pbf @ https://unpkg.com/maplibre-gl@%5E5.24/dist/maplibre-gl.js:41
[    3632ms] [WARNING] Unable to load glyph range 0, 0-255. Rendering codepoint U+0047 locally instead. Error: AJAXError:  (404): https://tiles.openfreemap.org/fonts/Open Sans Bold,Arial Unicode MS Bold/0-255.pbf @ https://unpkg.com/maplibre-gl@%5E5.24/dist/maplibre-gl.js:41
[    3632ms] [WARNING] Unable to load glyph range 0, 0-255. Rendering codepoint U+0048 locally instead. Error: AJAXError:  (404): https://tiles.openfreemap.org/fonts/Open Sans Bold,Arial Unicode MS Bold/0-255.pbf @ https://unpkg.com/maplibre-gl@%5E5.24/dist/maplibre-gl.js:41
[    3633ms] [WARNING] Unable to load glyph range 0, 0-255. Rendering codepoint U+0049 locally instead. Error: AJAXError:  (404): https://tiles.openfreemap.org/fonts/Open Sans Bold,Arial Unicode MS Bold/0-255.pbf @ https://unpkg.com/maplibre-gl@%5E5.24/dist/maplibre-gl.js:41
[    3633ms] [WARNING] Unable to load glyph range 0, 0-255. Rendering codepoint U+004C locally instead. Error: AJAXError:  (404): https://tiles.openfreemap.org/fonts/Open Sans Bold,Arial Unicode MS Bold/0-255.pbf @ https://unpkg.com/maplibre-gl@%5E5.24/dist/maplibre-gl.js:41
[    3633ms] [WARNING] Unable to load glyph range 0, 0-255. Rendering codepoint U+004D locally instead. Error: AJAXError:  (404): https://tiles.openfreemap.org/fonts/Open Sans Bold,Arial Unicode MS Bold/0-255.pbf @ https://unpkg.com/maplibre-gl@%5E5.24/dist/maplibre-gl.js:41
[    3634ms] [WARNING] Unable to load glyph range 0, 0-255. Rendering codepoint U+004E locally instead. Error: AJAXError:  (404): https://tiles.openfreemap.org/fonts/Open Sans Bold,Arial Unicode MS Bold/0-255.pbf @ https://unpkg.com/maplibre-gl@%5E5.24/dist/maplibre-gl.js:41
[    3634ms] [WARNING] Unable to load glyph range 0, 0-255. Rendering codepoint U+004F locally instead. Error: AJAXError:  (404): https://tiles.openfreemap.org/fonts/Open Sans Bold,Arial Unicode MS Bold/0-255.pbf @ https://unpkg.com/maplibre-gl@%5E5.24/dist/maplibre-gl.js:41
[    3634ms] [WARNING] Unable to load glyph range 0, 0-255. Rendering codepoint U+0050 locally instead. Error: AJAXError:  (404): https://tiles.openfreemap.org/fonts/Open Sans Bold,Arial Unicode MS Bold/0-255.pbf @ https://unpkg.com/maplibre-gl@%5E5.24/dist/maplibre-gl.js:41
[    3634ms] [WARNING] Unable to load glyph range 0, 0-255. Rendering codepoint U+0052 locally instead. Error: AJAXError:  (404): https://tiles.openfreemap.org/fonts/Open Sans Bold,Arial Unicode MS Bold/0-255.pbf @ https://unpkg.com/maplibre-gl@%5E5.24/dist/maplibre-gl.js:41
[    3635ms] [WARNING] Unable to load glyph range 0, 0-255. Rendering codepoint U+0053 locally instead. Error: AJAXError:  (404): https://tiles.openfreemap.org/fonts/Open Sans Bold,Arial Unicode MS Bold/0-255.pbf @ https://unpkg.com/maplibre-gl@%5E5.24/dist/maplibre-gl.js:41
[    3635ms] [WARNING] Unable to load glyph range 0, 0-255. Rendering codepoint U+0059 locally instead. Error: AJAXError:  (404): https://tiles.openfreemap.org/fonts/Open Sans Bold,Arial Unicode MS Bold/0-255.pbf @ https://unpkg.com/maplibre-gl@%5E5.24/dist/maplibre-gl.js:41
[    3640ms] [WARNING] Unable to load glyph range 0, 0-255. Rendering codepoint U+0030 locally instead. Error: AJAXError:  (404): https://tiles.openfreemap.org/fonts/Open Sans Regular,Arial Unicode MS Regular/0-255.pbf @ https://unpkg.com/maplibre-gl@%5E5.24/dist/maplibre-gl.js:41
[    3641ms] [WARNING] Unable to load glyph range 0, 0-255. Rendering codepoint U+0031 locally instead. Error: AJAXError:  (404): https://tiles.openfreemap.org/fonts/Open Sans Regular,Arial Unicode MS Regular/0-255.pbf @ https://unpkg.com/maplibre-gl@%5E5.24/dist/maplibre-gl.js:41
[    3641ms] [WARNING] Unable to load glyph range 0, 0-255. Rendering codepoint U+0032 locally instead. Error: AJAXError:  (404): https://tiles.openfreemap.org/fonts/Open Sans Regular,Arial Unicode MS Regular/0-255.pbf @ https://unpkg.com/maplibre-gl@%5E5.24/dist/maplibre-gl.js:41
[    3641ms] [WARNING] Unable to load glyph range 0, 0-255. Rendering codepoint U+0033 locally instead. Error: AJAXError:  (404): https://tiles.openfreemap.org/fonts/Open Sans Regular,Arial Unicode MS Regular/0-255.pbf @ https://unpkg.com/maplibre-gl@%5E5.24/dist/maplibre-gl.js:41
[    3641ms] [WARNING] Unable to load glyph range 0, 0-255. Rendering codepoint U+0034 locally instead. Error: AJAXError:  (404): https://tiles.openfreemap.org/fonts/Open Sans Regular,Arial Unicode MS Regular/0-255.pbf @ https://unpkg.com/maplibre-gl@%5E5.24/dist/maplibre-gl.js:41
[    3641ms] [WARNING] Unable to load glyph range 0, 0-255. Rendering codepoint U+0035 locally instead. Error: AJAXError:  (404): https://tiles.openfreemap.org/fonts/Open Sans Regular,Arial Unicode MS Regular/0-255.pbf @ https://unpkg.com/maplibre-gl@%5E5.24/dist/maplibre-gl.js:41
[    3642ms] [WARNING] Unable to load glyph range 0, 0-255. Rendering codepoint U+0036 locally instead. Error: AJAXError:  (404): https://tiles.openfreemap.org/fonts/Open Sans Regular,Arial Unicode MS Regular/0-255.pbf @ https://unpkg.com/maplibre-gl@%5E5.24/dist/maplibre-gl.js:41
[    3642ms] [WARNING] Unable to load glyph range 0, 0-255. Rendering codepoint U+0037 locally instead. Error: AJAXError:  (404): https://tiles.openfreemap.org/fonts/Open Sans Regular,Arial Unicode MS Regular/0-255.pbf @ https://unpkg.com/maplibre-gl@%5E5.24/dist/maplibre-gl.js:41
[    3642ms] [WARNING] Unable to load glyph range 0, 0-255. Rendering codepoint U+0038 locally instead. Error: AJAXError:  (404): https://tiles.openfreemap.org/fonts/Open Sans Regular,Arial Unicode MS Regular/0-255.pbf @ https://unpkg.com/maplibre-gl@%5E5.24/dist/maplibre-gl.js:41
[    3642ms] [WARNING] Unable to load glyph range 0, 0-255. Rendering codepoint U+0039 locally instead. Error: AJAXError:  (404): https://tiles.openfreemap.org/fonts/Open Sans Regular,Arial Unicode MS Regular/0-255.pbf @ https://unpkg.com/maplibre-gl@%5E5.24/dist/maplibre-gl.js:41
[    3643ms] [WARNING] Unable to load glyph range 0, 0-255. Rendering codepoint U+004E locally instead. Error: AJAXError:  (404): https://tiles.openfreemap.org/fonts/Open Sans Regular,Arial Unicode MS Regular/0-255.pbf @ https://unpkg.com/maplibre-gl@%5E5.24/dist/maplibre-gl.js:41
[    3672ms] [ERROR] Failed to load resource: the server responded with a status of 404 () @ https://data.lfmaps.fr/fonts/Open%20Sans%20Bold,Arial%20Unicode%20MS%20Bold/0-255.pbf:0
[    3672ms] [ERROR] Failed to load resource: the server responded with a status of 404 () @ https://data.lfmaps.fr/fonts/Open%20Sans%20Regular,Arial%20Unicode%20MS%20Regular/0-255.pbf:0
[    3673ms] [WARNING] Unable to load glyph range 0, 0-255. Rendering codepoint U+0041 locally instead. Error: AJAXError:  (404): https://data.lfmaps.fr/fonts/Open Sans Bold,Arial Unicode MS Bold/0-255.pbf @ https://unpkg.com/maplibre-gl@%5E5.24/dist/maplibre-gl.js:41
[    3673ms] [WARNING] Unable to load glyph range 0, 0-255. Rendering codepoint U+0043 locally instead. Error: AJAXError:  (404): https://data.lfmaps.fr/fonts/Open Sans Bold,Arial Unicode MS Bold/0-255.pbf @ https://unpkg.com/maplibre-gl@%5E5.24/dist/maplibre-gl.js:41
[    3674ms] [WARNING] Unable to load glyph range 0, 0-255. Rendering codepoint U+0044 locally instead. Error: AJAXError:  (404): https://data.lfmaps.fr/fonts/Open Sans Bold,Arial Unicode MS Bold/0-255.pbf @ https://unpkg.com/maplibre-gl@%5E5.24/dist/maplibre-gl.js:41
[    3674ms] [WARNING] Unable to load glyph range 0, 0-255. Rendering codepoint U+0045 locally instead. Error: AJAXError:  (404): https://data.lfmaps.fr/fonts/Open Sans Bold,Arial Unicode MS Bold/0-255.pbf @ https://unpkg.com/maplibre-gl@%5E5.24/dist/maplibre-gl.js:41
[    3674ms] [WARNING] Unable to load glyph range 0, 0-255. Rendering codepoint U+0047 locally instead. Error: AJAXError:  (404): https://data.lfmaps.fr/fonts/Open Sans Bold,Arial Unicode MS Bold/0-255.pbf @ https://unpkg.com/maplibre-gl@%5E5.24/dist/maplibre-gl.js:41
[    3674ms] [WARNING] Unable to load glyph range 0, 0-255. Rendering codepoint U+0048 locally instead. Error: AJAXError:  (404): https://data.lfmaps.fr/fonts/Open Sans Bold,Arial Unicode MS Bold/0-255.pbf @ https://unpkg.com/maplibre-gl@%5E5.24/dist/maplibre-gl.js:41
[    3674ms] [WARNING] Unable to load glyph range 0, 0-255. Rendering codepoint U+0049 locally instead. Error: AJAXError:  (404): https://data.lfmaps.fr/fonts/Open Sans Bold,Arial Unicode MS Bold/0-255.pbf @ https://unpkg.com/maplibre-gl@%5E5.24/dist/maplibre-gl.js:41
[    3675ms] [WARNING] Unable to load glyph range 0, 0-255. Rendering codepoint U+004C locally instead. Error: AJAXError:  (404): https://data.lfmaps.fr/fonts/Open Sans Bold,Arial Unicode MS Bold/0-255.pbf @ https://unpkg.com/maplibre-gl@%5E5.24/dist/maplibre-gl.js:41
[    3675ms] [WARNING] Unable to load glyph range 0, 0-255. Rendering codepoint U+004D locally instead. Error: AJAXError:  (404): https://data.lfmaps.fr/fonts/Open Sans Bold,Arial Unicode MS Bold/0-255.pbf @ https://unpkg.com/maplibre-gl@%5E5.24/dist/maplibre-gl.js:41
[    3675ms] [WARNING] Unable to load glyph range 0, 0-255. Rendering codepoint U+004E locally instead. Error: AJAXError:  (404): https://data.lfmaps.fr/fonts/Open Sans Bold,Arial Unicode MS Bold/0-255.pbf @ https://unpkg.com/maplibre-gl@%5E5.24/dist/maplibre-gl.js:41
[    3675ms] [WARNING] Unable to load glyph range 0, 0-255. Rendering codepoint U+004F locally instead. Error: AJAXError:  (404): https://data.lfmaps.fr/fonts/Open Sans Bold,Arial Unicode MS Bold/0-255.pbf @ https://unpkg.com/maplibre-gl@%5E5.24/dist/maplibre-gl.js:41
[    3676ms] [WARNING] Unable to load glyph range 0, 0-255. Rendering codepoint U+0050 locally instead. Error: AJAXError:  (404): https://data.lfmaps.fr/fonts/Open Sans Bold,Arial Unicode MS Bold/0-255.pbf @ https://unpkg.com/maplibre-gl@%5E5.24/dist/maplibre-gl.js:41
[    3676ms] [WARNING] Unable to load glyph range 0, 0-255. Rendering codepoint U+0052 locally instead. Error: AJAXError:  (404): https://data.lfmaps.fr/fonts/Open Sans Bold,Arial Unicode MS Bold/0-255.pbf @ https://unpkg.com/maplibre-gl@%5E5.24/dist/maplibre-gl.js:41
[    3676ms] [WARNING] Unable to load glyph range 0, 0-255. Rendering codepoint U+0053 locally instead. Error: AJAXError:  (404): https://data.lfmaps.fr/fonts/Open Sans Bold,Arial Unicode MS Bold/0-255.pbf @ https://unpkg.com/maplibre-gl@%5E5.24/dist/maplibre-gl.js:41
[    3677ms] [WARNING] Unable to load glyph range 0, 0-255. Rendering codepoint U+0059 locally instead. Error: AJAXError:  (404): https://data.lfmaps.fr/fonts/Open Sans Bold,Arial Unicode MS Bold/0-255.pbf @ https://unpkg.com/maplibre-gl@%5E5.24/dist/maplibre-gl.js:41
[    3680ms] [WARNING] Unable to load glyph range 0, 0-255. Rendering codepoint U+0030 locally instead. Error: AJAXError:  (404): https://data.lfmaps.fr/fonts/Open Sans Regular,Arial Unicode MS Regular/0-255.pbf @ https://unpkg.com/maplibre-gl@%5E5.24/dist/maplibre-gl.js:41
[    3680ms] [WARNING] Unable to load glyph range 0, 0-255. Rendering codepoint U+0031 locally instead. Error: AJAXError:  (404): https://data.lfmaps.fr/fonts/Open Sans Regular,Arial Unicode MS Regular/0-255.pbf @ https://unpkg.com/maplibre-gl@%5E5.24/dist/maplibre-gl.js:41
[    3680ms] [WARNING] Unable to load glyph range 0, 0-255. Rendering codepoint U+0032 locally instead. Error: AJAXError:  (404): https://data.lfmaps.fr/fonts/Open Sans Regular,Arial Unicode MS Regular/0-255.pbf @ https://unpkg.com/maplibre-gl@%5E5.24/dist/maplibre-gl.js:41
[    3681ms] [WARNING] Unable to load glyph range 0, 0-255. Rendering codepoint U+0033 locally instead. Error: AJAXError:  (404): https://data.lfmaps.fr/fonts/Open Sans Regular,Arial Unicode MS Regular/0-255.pbf @ https://unpkg.com/maplibre-gl@%5E5.24/dist/maplibre-gl.js:41
[    3681ms] [WARNING] Unable to load glyph range 0, 0-255. Rendering codepoint U+0034 locally instead. Error: AJAXError:  (404): https://data.lfmaps.fr/fonts/Open Sans Regular,Arial Unicode MS Regular/0-255.pbf @ https://unpkg.com/maplibre-gl@%5E5.24/dist/maplibre-gl.js:41
[    3681ms] [WARNING] Unable to load glyph range 0, 0-255. Rendering codepoint U+0035 locally instead. Error: AJAXError:  (404): https://data.lfmaps.fr/fonts/Open Sans Regular,Arial Unicode MS Regular/0-255.pbf @ https://unpkg.com/maplibre-gl@%5E5.24/dist/maplibre-gl.js:41
[    3681ms] [WARNING] Unable to load glyph range 0, 0-255. Rendering codepoint U+0036 locally instead. Error: AJAXError:  (404): https://data.lfmaps.fr/fonts/Open Sans Regular,Arial Unicode MS Regular/0-255.pbf @ https://unpkg.com/maplibre-gl@%5E5.24/dist/maplibre-gl.js:41
[    3682ms] [WARNING] Unable to load glyph range 0, 0-255. Rendering codepoint U+0037 locally instead. Error: AJAXError:  (404): https://data.lfmaps.fr/fonts/Open Sans Regular,Arial Unicode MS Regular/0-255.pbf @ https://unpkg.com/maplibre-gl@%5E5.24/dist/maplibre-gl.js:41
[    3682ms] [WARNING] Unable to load glyph range 0, 0-255. Rendering codepoint U+0038 locally instead. Error: AJAXError:  (404): https://data.lfmaps.fr/fonts/Open Sans Regular,Arial Unicode MS Regular/0-255.pbf @ https://unpkg.com/maplibre-gl@%5E5.24/dist/maplibre-gl.js:41
[    3682ms] [WARNING] Unable to load glyph range 0, 0-255. Rendering codepoint U+0039 locally instead. Error: AJAXError:  (404): https://data.lfmaps.fr/fonts/Open Sans Regular,Arial Unicode MS Regular/0-255.pbf @ https://unpkg.com/maplibre-gl@%5E5.24/dist/maplibre-gl.js:41
[    3682ms] [WARNING] Unable to load glyph range 0, 0-255. Rendering codepoint U+004E locally instead. Error: AJAXError:  (404): https://data.lfmaps.fr/fonts/Open Sans Regular,Arial Unicode MS Regular/0-255.pbf @ https://unpkg.com/maplibre-gl@%5E5.24/dist/maplibre-gl.js:41
[ 1331114ms] [WARNING] Image "office" could not be loaded. Please make sure you have added the image with map.addImage() or a "sprite" property in your style. You can provide missing images by listening for the "styleimagemissing" map event. @ https://unpkg.com/maplibre-gl@%5E5.24/dist/maplibre-gl.js:41
[ 1331114ms] [WARNING] Image "multi" could not be loaded. Please make sure you have added the image with map.addImage() or a "sprite" property in your style. You can provide missing images by listening for the "styleimagemissing" map event. @ https://unpkg.com/maplibre-gl@%5E5.24/dist/maplibre-gl.js:41
[ 1331114ms] [WARNING] Image "gate" could not be loaded. Please make sure you have added the image with map.addImage() or a "sprite" property in your style. You can provide missing images by listening for the "styleimagemissing" map event. @ https://unpkg.com/maplibre-gl@%5E5.24/dist/maplibre-gl.js:41
[ 1331114ms] [WARNING] Image "swimming_pool" could not be loaded. Please make sure you have added the image with map.addImage() or a "sprite" property in your style. You can provide missing images by listening for the "styleimagemissing" map event. @ https://unpkg.com/maplibre-gl@%5E5.24/dist/maplibre-gl.js:41
[ 1331114ms] [WARNING] Image "bicycle_parking" could not be loaded. Please make sure you have added the image with map.addImage() or a "sprite" property in your style. You can provide missing images by listening for the "styleimagemissing" map event. @ https://unpkg.com/maplibre-gl@%5E5.24/dist/maplibre-gl.js:41
[ 1331407ms] [ERROR] Failed to load resource: the server responded with a status of 404 () @ https://tiles.openfreemap.org/fonts/Open%20Sans%20Bold,Arial%20Unicode%20MS%20Bold/0-255.pbf:0
[ 1331408ms] [ERROR] Failed to load resource: the server responded with a status of 404 () @ https://tiles.openfreemap.org/fonts/Open%20Sans%20Regular,Arial%20Unicode%20MS%20Regular/0-255.pbf:0
[ 1331427ms] [ERROR] Failed to load resource: the server responded with a status of 404 () @ https://tiles.openfreemap.org/fonts/Open%20Sans%20Bold,Arial%20Unicode%20MS%20Bold/0-255.pbf:0
[ 1331428ms] [ERROR] Failed to load resource: the server responded with a status of 404 () @ https://tiles.openfreemap.org/fonts/Open%20Sans%20Regular,Arial%20Unicode%20MS%20Regular/0-255.pbf:0
[ 1331428ms] [ERROR] Failed to load resource: the server responded with a status of 404 () @ https://tiles.openfreemap.org/fonts/Open%20Sans%20Bold,Arial%20Unicode%20MS%20Bold/0-255.pbf:0
[ 1331428ms] [ERROR] Failed to load resource: the server responded with a status of 404 () @ https://tiles.openfreemap.org/fonts/Open%20Sans%20Regular,Arial%20Unicode%20MS%20Regular/0-255.pbf:0
[ 1331442ms] [WARNING] Unable to load glyph range 0, 0-255. Rendering codepoint U+0041 locally instead. Error: AJAXError:  (404): https://tiles.openfreemap.org/fonts/Open Sans Bold,Arial Unicode MS Bold/0-255.pbf @ https://unpkg.com/maplibre-gl@%5E5.24/dist/maplibre-gl.js:41
[ 1331443ms] [WARNING] Unable to load glyph range 0, 0-255. Rendering codepoint U+0043 locally instead. Error: AJAXError:  (404): https://tiles.openfreemap.org/fonts/Open Sans Bold,Arial Unicode MS Bold/0-255.pbf @ https://unpkg.com/maplibre-gl@%5E5.24/dist/maplibre-gl.js:41
[ 1331443ms] [WARNING] Unable to load glyph range 0, 0-255. Rendering codepoint U+0044 locally instead. Error: AJAXError:  (404): https://tiles.openfreemap.org/fonts/Open Sans Bold,Arial Unicode MS Bold/0-255.pbf @ https://unpkg.com/maplibre-gl@%5E5.24/dist/maplibre-gl.js:41
[ 1331443ms] [WARNING] Unable to load glyph range 0, 0-255. Rendering codepoint U+0045 locally instead. Error: AJAXError:  (404): https://tiles.openfreemap.org/fonts/Open Sans Bold,Arial Unicode MS Bold/0-255.pbf @ https://unpkg.com/maplibre-gl@%5E5.24/dist/maplibre-gl.js:41
[ 1331444ms] [WARNING] Unable to load glyph range 0, 0-255. Rendering codepoint U+0047 locally instead. Error: AJAXError:  (404): https://tiles.openfreemap.org/fonts/Open Sans Bold,Arial Unicode MS Bold/0-255.pbf @ https://unpkg.com/maplibre-gl@%5E5.24/dist/maplibre-gl.js:41
[ 1331444ms] [WARNING] Unable to load glyph range 0, 0-255. Rendering codepoint U+0048 locally instead. Error: AJAXError:  (404): https://tiles.openfreemap.org/fonts/Open Sans Bold,Arial Unicode MS Bold/0-255.pbf @ https://unpkg.com/maplibre-gl@%5E5.24/dist/maplibre-gl.js:41
[ 1331444ms] [WARNING] Unable to load glyph range 0, 0-255. Rendering codepoint U+0049 locally instead. Error: AJAXError:  (404): https://tiles.openfreemap.org/fonts/Open Sans Bold,Arial Unicode MS Bold/0-255.pbf @ https://unpkg.com/maplibre-gl@%5E5.24/dist/maplibre-gl.js:41
[ 1331444ms] [WARNING] Unable to load glyph range 0, 0-255. Rendering codepoint U+004C locally instead. Error: AJAXError:  (404): https://tiles.openfreemap.org/fonts/Open Sans Bold,Arial Unicode MS Bold/0-255.pbf @ https://unpkg.com/maplibre-gl@%5E5.24/dist/maplibre-gl.js:41
[ 1331444ms] [WARNING] Unable to load glyph range 0, 0-255. Rendering codepoint U+004D locally instead. Error: AJAXError:  (404): https://tiles.openfreemap.org/fonts/Open Sans Bold,Arial Unicode MS Bold/0-255.pbf @ https://unpkg.com/maplibre-gl@%5E5.24/dist/maplibre-gl.js:41
[ 1331445ms] [WARNING] Unable to load glyph range 0, 0-255. Rendering codepoint U+004E locally instead. Error: AJAXError:  (404): https://tiles.openfreemap.org/fonts/Open Sans Bold,Arial Unicode MS Bold/0-255.pbf @ https://unpkg.com/maplibre-gl@%5E5.24/dist/maplibre-gl.js:41
[ 1331445ms] [WARNING] Unable to load glyph range 0, 0-255. Rendering codepoint U+004F locally instead. Error: AJAXError:  (404): https://tiles.openfreemap.org/fonts/Open Sans Bold,Arial Unicode MS Bold/0-255.pbf @ https://unpkg.com/maplibre-gl@%5E5.24/dist/maplibre-gl.js:41
[ 1331445ms] [WARNING] Unable to load glyph range 0, 0-255. Rendering codepoint U+0050 locally instead. Error: AJAXError:  (404): https://tiles.openfreemap.org/fonts/Open Sans Bold,Arial Unicode MS Bold/0-255.pbf @ https://unpkg.com/maplibre-gl@%5E5.24/dist/maplibre-gl.js:41
[ 1331445ms] [WARNING] Unable to load glyph range 0, 0-255. Rendering codepoint U+0052 locally instead. Error: AJAXError:  (404): https://tiles.openfreemap.org/fonts/Open Sans Bold,Arial Unicode MS Bold/0-255.pbf @ https://unpkg.com/maplibre-gl@%5E5.24/dist/maplibre-gl.js:41
[ 1331445ms] [WARNING] Unable to load glyph range 0, 0-255. Rendering codepoint U+0053 locally instead. Error: AJAXError:  (404): https://tiles.openfreemap.org/fonts/Open Sans Bold,Arial Unicode MS Bold/0-255.pbf @ https://unpkg.com/maplibre-gl@%5E5.24/dist/maplibre-gl.js:41
[ 1331446ms] [WARNING] Unable to load glyph range 0, 0-255. Rendering codepoint U+0059 locally instead. Error: AJAXError:  (404): https://tiles.openfreemap.org/fonts/Open Sans Bold,Arial Unicode MS Bold/0-255.pbf @ https://unpkg.com/maplibre-gl@%5E5.24/dist/maplibre-gl.js:41
[ 1331495ms] [WARNING] Unable to load glyph range 0, 0-255. Rendering codepoint U+0030 locally instead. Error: AJAXError:  (404): https://tiles.openfreemap.org/fonts/Open Sans Regular,Arial Unicode MS Regular/0-255.pbf @ https://unpkg.com/maplibre-gl@%5E5.24/dist/maplibre-gl.js:41
[ 1331495ms] [WARNING] Unable to load glyph range 0, 0-255. Rendering codepoint U+0031 locally instead. Error: AJAXError:  (404): https://tiles.openfreemap.org/fonts/Open Sans Regular,Arial Unicode MS Regular/0-255.pbf @ https://unpkg.com/maplibre-gl@%5E5.24/dist/maplibre-gl.js:41
[ 1331495ms] [WARNING] Unable to load glyph range 0, 0-255. Rendering codepoint U+0032 locally instead. Error: AJAXError:  (404): https://tiles.openfreemap.org/fonts/Open Sans Regular,Arial Unicode MS Regular/0-255.pbf @ https://unpkg.com/maplibre-gl@%5E5.24/dist/maplibre-gl.js:41
[ 1331495ms] [WARNING] Unable to load glyph range 0, 0-255. Rendering codepoint U+0033 locally instead. Error: AJAXError:  (404): https://tiles.openfreemap.org/fonts/Open Sans Regular,Arial Unicode MS Regular/0-255.pbf @ https://unpkg.com/maplibre-gl@%5E5.24/dist/maplibre-gl.js:41
[ 1331495ms] [WARNING] Unable to load glyph range 0, 0-255. Rendering codepoint U+0034 locally instead. Error: AJAXError:  (404): https://tiles.openfreemap.org/fonts/Open Sans Regular,Arial Unicode MS Regular/0-255.pbf @ https://unpkg.com/maplibre-gl@%5E5.24/dist/maplibre-gl.js:41
[ 1331496ms] [WARNING] Unable to load glyph range 0, 0-255. Rendering codepoint U+0035 locally instead. Error: AJAXError:  (404): https://tiles.openfreemap.org/fonts/Open Sans Regular,Arial Unicode MS Regular/0-255.pbf @ https://unpkg.com/maplibre-gl@%5E5.24/dist/maplibre-gl.js:41
[ 1331496ms] [WARNING] Unable to load glyph range 0, 0-255. Rendering codepoint U+0036 locally instead. Error: AJAXError:  (404): https://tiles.openfreemap.org/fonts/Open Sans Regular,Arial Unicode MS Regular/0-255.pbf @ https://unpkg.com/maplibre-gl@%5E5.24/dist/maplibre-gl.js:41
[ 1331496ms] [WARNING] Unable to load glyph range 0, 0-255. Rendering codepoint U+0037 locally instead. Error: AJAXError:  (404): https://tiles.openfreemap.org/fonts/Open Sans Regular,Arial Unicode MS Regular/0-255.pbf @ https://unpkg.com/maplibre-gl@%5E5.24/dist/maplibre-gl.js:41
[ 1331496ms] [WARNING] Unable to load glyph range 0, 0-255. Rendering codepoint U+0038 locally instead. Error: AJAXError:  (404): https://tiles.openfreemap.org/fonts/Open Sans Regular,Arial Unicode MS Regular/0-255.pbf @ https://unpkg.com/maplibre-gl@%5E5.24/dist/maplibre-gl.js:41
[ 1331496ms] [WARNING] Unable to load glyph range 0, 0-255. Rendering codepoint U+0039 locally instead. Error: AJAXError:  (404): https://tiles.openfreemap.org/fonts/Open Sans Regular,Arial Unicode MS Regular/0-255.pbf @ https://unpkg.com/maplibre-gl@%5E5.24/dist/maplibre-gl.js:41
[ 1331496ms] [WARNING] Unable to load glyph range 0, 0-255. Rendering codepoint U+004E locally instead. Error: AJAXError:  (404): https://tiles.openfreemap.org/fonts/Open Sans Regular,Arial Unicode MS Regular/0-255.pbf @ https://unpkg.com/maplibre-gl@%5E5.24/dist/maplibre-gl.js:41
[ 1331636ms] [ERROR] Failed to load resource: the server responded with a status of 404 () @ https://data.lfmaps.fr/fonts/Open%20Sans%20Bold,Arial%20Unicode%20MS%20Bold/0-255.pbf:0
[ 1331636ms] [ERROR] Failed to load resource: the server responded with a status of 404 () @ https://data.lfmaps.fr/fonts/Open%20Sans%20Regular,Arial%20Unicode%20MS%20Regular/0-255.pbf:0
[ 1331642ms] [WARNING] Unable to load glyph range 0, 0-255. Rendering codepoint U+0041 locally instead. Error: AJAXError:  (404): https://data.lfmaps.fr/fonts/Open Sans Bold,Arial Unicode MS Bold/0-255.pbf @ https://unpkg.com/maplibre-gl@%5E5.24/dist/maplibre-gl.js:41
[ 1331642ms] [WARNING] Unable to load glyph range 0, 0-255. Rendering codepoint U+0043 locally instead. Error: AJAXError:  (404): https://data.lfmaps.fr/fonts/Open Sans Bold,Arial Unicode MS Bold/0-255.pbf @ https://unpkg.com/maplibre-gl@%5E5.24/dist/maplibre-gl.js:41
[ 1331642ms] [WARNING] Unable to load glyph range 0, 0-255. Rendering codepoint U+0044 locally instead. Error: AJAXError:  (404): https://data.lfmaps.fr/fonts/Open Sans Bold,Arial Unicode MS Bold/0-255.pbf @ https://unpkg.com/maplibre-gl@%5E5.24/dist/maplibre-gl.js:41
[ 1331642ms] [WARNING] Unable to load glyph range 0, 0-255. Rendering codepoint U+0045 locally instead. Error: AJAXError:  (404): https://data.lfmaps.fr/fonts/Open Sans Bold,Arial Unicode MS Bold/0-255.pbf @ https://unpkg.com/maplibre-gl@%5E5.24/dist/maplibre-gl.js:41
[ 1331642ms] [WARNING] Unable to load glyph range 0, 0-255. Rendering codepoint U+0047 locally instead. Error: AJAXError:  (404): https://data.lfmaps.fr/fonts/Open Sans Bold,Arial Unicode MS Bold/0-255.pbf @ https://unpkg.com/maplibre-gl@%5E5.24/dist/maplibre-gl.js:41
[ 1331643ms] [WARNING] Unable to load glyph range 0, 0-255. Rendering codepoint U+0048 locally instead. Error: AJAXError:  (404): https://data.lfmaps.fr/fonts/Open Sans Bold,Arial Unicode MS Bold/0-255.pbf @ https://unpkg.com/maplibre-gl@%5E5.24/dist/maplibre-gl.js:41
[ 1331643ms] [WARNING] Unable to load glyph range 0, 0-255. Rendering codepoint U+0049 locally instead. Error: AJAXError:  (404): https://data.lfmaps.fr/fonts/Open Sans Bold,Arial Unicode MS Bold/0-255.pbf @ https://unpkg.com/maplibre-gl@%5E5.24/dist/maplibre-gl.js:41
[ 1331643ms] [WARNING] Unable to load glyph range 0, 0-255. Rendering codepoint U+004C locally instead. Error: AJAXError:  (404): https://data.lfmaps.fr/fonts/Open Sans Bold,Arial Unicode MS Bold/0-255.pbf @ https://unpkg.com/maplibre-gl@%5E5.24/dist/maplibre-gl.js:41
[ 1331643ms] [WARNING] Unable to load glyph range 0, 0-255. Rendering codepoint U+004D locally instead. Error: AJAXError:  (404): https://data.lfmaps.fr/fonts/Open Sans Bold,Arial Unicode MS Bold/0-255.pbf @ https://unpkg.com/maplibre-gl@%5E5.24/dist/maplibre-gl.js:41
[ 1331643ms] [WARNING] Unable to load glyph range 0, 0-255. Rendering codepoint U+004E locally instead. Error: AJAXError:  (404): https://data.lfmaps.fr/fonts/Open Sans Bold,Arial Unicode MS Bold/0-255.pbf @ https://unpkg.com/maplibre-gl@%5E5.24/dist/maplibre-gl.js:41
[ 1331643ms] [WARNING] Unable to load glyph range 0, 0-255. Rendering codepoint U+004F locally instead. Error: AJAXError:  (404): https://data.lfmaps.fr/fonts/Open Sans Bold,Arial Unicode MS Bold/0-255.pbf @ https://unpkg.com/maplibre-gl@%5E5.24/dist/maplibre-gl.js:41
[ 1331644ms] [WARNING] Unable to load glyph range 0, 0-255. Rendering codepoint U+0050 locally instead. Error: AJAXError:  (404): https://data.lfmaps.fr/fonts/Open Sans Bold,Arial Unicode MS Bold/0-255.pbf @ https://unpkg.com/maplibre-gl@%5E5.24/dist/maplibre-gl.js:41
[ 1331644ms] [WARNING] Unable to load glyph range 0, 0-255. Rendering codepoint U+0052 locally instead. Error: AJAXError:  (404): https://data.lfmaps.fr/fonts/Open Sans Bold,Arial Unicode MS Bold/0-255.pbf @ https://unpkg.com/maplibre-gl@%5E5.24/dist/maplibre-gl.js:41
[ 1331644ms] [WARNING] Unable to load glyph range 0, 0-255. Rendering codepoint U+0053 locally instead. Error: AJAXError:  (404): https://data.lfmaps.fr/fonts/Open Sans Bold,Arial Unicode MS Bold/0-255.pbf @ https://unpkg.com/maplibre-gl@%5E5.24/dist/maplibre-gl.js:41
[ 1331644ms] [WARNING] Unable to load glyph range 0, 0-255. Rendering codepoint U+0059 locally instead. Error: AJAXError:  (404): https://data.lfmaps.fr/fonts/Open Sans Bold,Arial Unicode MS Bold/0-255.pbf @ https://unpkg.com/maplibre-gl@%5E5.24/dist/maplibre-gl.js:41
[ 1331651ms] [WARNING] Unable to load glyph range 0, 0-255. Rendering codepoint U+0030 locally instead. Error: AJAXError:  (404): https://data.lfmaps.fr/fonts/Open Sans Regular,Arial Unicode MS Regular/0-255.pbf @ https://unpkg.com/maplibre-gl@%5E5.24/dist/maplibre-gl.js:41
[ 1331651ms] [WARNING] Unable to load glyph range 0, 0-255. Rendering codepoint U+0031 locally instead. Error: AJAXError:  (404): https://data.lfmaps.fr/fonts/Open Sans Regular,Arial Unicode MS Regular/0-255.pbf @ https://unpkg.com/maplibre-gl@%5E5.24/dist/maplibre-gl.js:41
[ 1331651ms] [WARNING] Unable to load glyph range 0, 0-255. Rendering codepoint U+0032 locally instead. Error: AJAXError:  (404): https://data.lfmaps.fr/fonts/Open Sans Regular,Arial Unicode MS Regular/0-255.pbf @ https://unpkg.com/maplibre-gl@%5E5.24/dist/maplibre-gl.js:41
[ 1331651ms] [WARNING] Unable to load glyph range 0, 0-255. Rendering codepoint U+0033 locally instead. Error: AJAXError:  (404): https://data.lfmaps.fr/fonts/Open Sans Regular,Arial Unicode MS Regular/0-255.pbf @ https://unpkg.com/maplibre-gl@%5E5.24/dist/maplibre-gl.js:41
[ 1331651ms] [WARNING] Unable to load glyph range 0, 0-255. Rendering codepoint U+0034 locally instead. Error: AJAXError:  (404): https://data.lfmaps.fr/fonts/Open Sans Regular,Arial Unicode MS Regular/0-255.pbf @ https://unpkg.com/maplibre-gl@%5E5.24/dist/maplibre-gl.js:41
[ 1331652ms] [WARNING] Unable to load glyph range 0, 0-255. Rendering codepoint U+0035 locally instead. Error: AJAXError:  (404): https://data.lfmaps.fr/fonts/Open Sans Regular,Arial Unicode MS Regular/0-255.pbf @ https://unpkg.com/maplibre-gl@%5E5.24/dist/maplibre-gl.js:41
[ 1331652ms] [WARNING] Unable to load glyph range 0, 0-255. Rendering codepoint U+0036 locally instead. Error: AJAXError:  (404): https://data.lfmaps.fr/fonts/Open Sans Regular,Arial Unicode MS Regular/0-255.pbf @ https://unpkg.com/maplibre-gl@%5E5.24/dist/maplibre-gl.js:41
[ 1331652ms] [WARNING] Unable to load glyph range 0, 0-255. Rendering codepoint U+0037 locally instead. Error: AJAXError:  (404): https://data.lfmaps.fr/fonts/Open Sans Regular,Arial Unicode MS Regular/0-255.pbf @ https://unpkg.com/maplibre-gl@%5E5.24/dist/maplibre-gl.js:41
[ 1331652ms] [WARNING] Unable to load glyph range 0, 0-255. Rendering codepoint U+0038 locally instead. Error: AJAXError:  (404): https://data.lfmaps.fr/fonts/Open Sans Regular,Arial Unicode MS Regular/0-255.pbf @ https://unpkg.com/maplibre-gl@%5E5.24/dist/maplibre-gl.js:41
[ 1331652ms] [WARNING] Unable to load glyph range 0, 0-255. Rendering codepoint U+0039 locally instead. Error: AJAXError:  (404): https://data.lfmaps.fr/fonts/Open Sans Regular,Arial Unicode MS Regular/0-255.pbf @ https://unpkg.com/maplibre-gl@%5E5.24/dist/maplibre-gl.js:41
[ 1331652ms] [WARNING] Unable to load glyph range 0, 0-255. Rendering codepoint U+004E locally instead. Error: AJAXError:  (404): https://data.lfmaps.fr/fonts/Open Sans Regular,Arial Unicode MS Regular/0-255.pbf @ https://unpkg.com/maplibre-gl@%5E5.24/dist/maplibre-gl.js:41
