[    1074ms] [LOG] %c
▲

__  __                                     _            __
\ \/ /___  __  __   _________ _____       (_)_  _______/ /_
 \  / __ \/ / / /  / ___/ __ `/ __ \     / / / / / ___/ __/
 / / /_/ / /_/ /  / /__/ /_/ / / / /    / / /_/ (__  ) /_
/_/\____/\__,_/   \___/\__,_/_/ /_/  __/ /\__,_/____/\__/
         __    _          __  __    /___/
   _____/ /_  (_)___     / /_/ /_  (_)___  ____ ______
  / ___/ __ \/ / __ \   / __/ __ \/ / __ \/ __ `/ ___/
 (__  ) / / / / /_/ /  / /_/ / / / / / / / /_/ (__  )
/____/_/ /_/_/ .___/   \__/_/ /_/_/_/ /_/\__, /____/
            /_/                         /____/
  

Hello!

- Open Source https://vercel.com/oss
- Careers https://vercel.com/careers
- Status https://vercel-status.com

 font-family: "Geist Mono", monospace; white-space: pre; line-height: 1; @ https://vercel.com/_next/static/immutable/chunks/09cizcx7bxmnn.js:78
[    1442ms] [WARNING] Deprecated API for given entry type. @ https://vercel.com/_next/static/immutable/chunks/30boi8e69jjip.js:18
[    1527ms] [WARNING] [GSI_LOGGER]: Your client application uses one of the Google One Tap prompt UI status methods that may stop functioning when FedCM becomes mandatory. Refer to the migration guide to update your code accordingly and opt-in to FedCM to test your changes. Learn more: https://developers.google.com/identity/gsi/web/guides/fedcm-migration?s=dc#display_moment and https://developers.google.com/identity/gsi/web/guides/fedcm-migration?s=dc#skipped_moment @ https://vercel.com/_next/static/immutable/chunks/30boi8e69jjip.js:16
[    1907ms] [ERROR] Failed to load resource: the server responded with a status of 403 () @ https://vercel.com/api/jwt:0
[    4918ms] [WARNING] The resource https://vercel.com/_next/static/immutable/chunks/3om8_oox24xtt.css was preloaded using link preload but not used within a few seconds from the window's load event. Please make sure it has an appropriate `as` value and it is preloaded intentionally. @ https://vercel.com/login?next=%2Fsso-api%3Furl%3Dhttps%253A%252F%252Fnavi-next-h6x8y1okc-navi01.vercel.app%252Fstudio%252Fmap-1782479172014-j0fyq%252Fedit%26nonce%3D760313dc47496a16bda83e2d9bf91a218dd99c225d42aa917ba8be0a537ef9c9:0
[    4918ms] [WARNING] The resource https://vercel.com/_next/static/immutable/chunks/1tfmo57som7nf.css was preloaded using link preload but not used within a few seconds from the window's load event. Please make sure it has an appropriate `as` value and it is preloaded intentionally. @ https://vercel.com/login?next=%2Fsso-api%3Furl%3Dhttps%253A%252F%252Fnavi-next-h6x8y1okc-navi01.vercel.app%252Fstudio%252Fmap-1782479172014-j0fyq%252Fedit%26nonce%3D760313dc47496a16bda83e2d9bf91a218dd99c225d42aa917ba8be0a537ef9c9:0
[    4918ms] [WARNING] The resource https://vercel.com/_next/static/immutable/chunks/3m88gd-sogt5t.css was preloaded using link preload but not used within a few seconds from the window's load event. Please make sure it has an appropriate `as` value and it is preloaded intentionally. @ https://vercel.com/login?next=%2Fsso-api%3Furl%3Dhttps%253A%252F%252Fnavi-next-h6x8y1okc-navi01.vercel.app%252Fstudio%252Fmap-1782479172014-j0fyq%252Fedit%26nonce%3D760313dc47496a16bda83e2d9bf91a218dd99c225d42aa917ba8be0a537ef9c9:0
[   14843ms] [WARNING] The resource https://vercel.com/_next/static/immutable/chunks/3om8_oox24xtt.css was preloaded using link preload but not used within a few seconds from the window's load event. Please make sure it has an appropriate `as` value and it is preloaded intentionally. @ https://vercel.com/login?next=%2Fsso-api%3Furl%3Dhttps%253A%252F%252Fnavi-next-h6x8y1okc-navi01.vercel.app%252Fstudio%252Fmap-1782479172014-j0fyq%252Fedit%26nonce%3D760313dc47496a16bda83e2d9bf91a218dd99c225d42aa917ba8be0a537ef9c9:0
[   14843ms] [WARNING] The resource https://vercel.com/_next/static/immutable/chunks/1tfmo57som7nf.css was preloaded using link preload but not used within a few seconds from the window's load event. Please make sure it has an appropriate `as` value and it is preloaded intentionally. @ https://vercel.com/login?next=%2Fsso-api%3Furl%3Dhttps%253A%252F%252Fnavi-next-h6x8y1okc-navi01.vercel.app%252Fstudio%252Fmap-1782479172014-j0fyq%252Fedit%26nonce%3D760313dc47496a16bda83e2d9bf91a218dd99c225d42aa917ba8be0a537ef9c9:0
[   14843ms] [WARNING] The resource https://vercel.com/_next/static/immutable/chunks/3m88gd-sogt5t.css was preloaded using link preload but not used within a few seconds from the window's load event. Please make sure it has an appropriate `as` value and it is preloaded intentionally. @ https://vercel.com/login?next=%2Fsso-api%3Furl%3Dhttps%253A%252F%252Fnavi-next-h6x8y1okc-navi01.vercel.app%252Fstudio%252Fmap-1782479172014-j0fyq%252Fedit%26nonce%3D760313dc47496a16bda83e2d9bf91a218dd99c225d42aa917ba8be0a537ef9c9:0
[  136943ms] [ERROR] Failed to load resource: the server responded with a status of 500 () @ https://vercel.com/login?next=%2Fsso-api%3Furl%3Dhttps%253A%252F%252Fnavi-next-h6x8y1okc-navi01.vercel.app%252Fstudio%252Fmap-1782479172014-j0fyq%252Fedit%26nonce%3D760313dc47496a16bda83e2d9bf91a218dd99c225d42aa917ba8be0a537ef9c9:0
[  136945ms] [ERROR] [GoogleOneTap] Failed to login: Error: Minified React error #441; visit https://react.dev/errors/441 for the full message or use the non-minified dev environment for full errors and additional helpful warnings. @ https://vercel.com/_next/static/immutable/chunks/0pvdbk16yebrs.js:8
[  137131ms] [ERROR] Failed to load resource: the server responded with a status of 429 () @ https://o205439.ingest.sentry.io/api/1323670/envelope/?sentry_key=d00780d432ac4ccf882f60dd02062e14&sentry_version=7&sentry_client=sentry.javascript.browser%2F7.111.0:0
[  140192ms] [WARNING] The resource https://vercel.com/_next/static/immutable/chunks/3om8_oox24xtt.css was preloaded using link preload but not used within a few seconds from the window's load event. Please make sure it has an appropriate `as` value and it is preloaded intentionally. @ https://vercel.com/login?next=%2Fsso-api%3Furl%3Dhttps%253A%252F%252Fnavi-next-h6x8y1okc-navi01.vercel.app%252Fstudio%252Fmap-1782479172014-j0fyq%252Fedit%26nonce%3D760313dc47496a16bda83e2d9bf91a218dd99c225d42aa917ba8be0a537ef9c9:0
[  140192ms] [WARNING] The resource https://vercel.com/_next/static/immutable/chunks/1tfmo57som7nf.css was preloaded using link preload but not used within a few seconds from the window's load event. Please make sure it has an appropriate `as` value and it is preloaded intentionally. @ https://vercel.com/login?next=%2Fsso-api%3Furl%3Dhttps%253A%252F%252Fnavi-next-h6x8y1okc-navi01.vercel.app%252Fstudio%252Fmap-1782479172014-j0fyq%252Fedit%26nonce%3D760313dc47496a16bda83e2d9bf91a218dd99c225d42aa917ba8be0a537ef9c9:0
[  140192ms] [WARNING] The resource https://vercel.com/_next/static/immutable/chunks/3m88gd-sogt5t.css was preloaded using link preload but not used within a few seconds from the window's load event. Please make sure it has an appropriate `as` value and it is preloaded intentionally. @ https://vercel.com/login?next=%2Fsso-api%3Furl%3Dhttps%253A%252F%252Fnavi-next-h6x8y1okc-navi01.vercel.app%252Fstudio%252Fmap-1782479172014-j0fyq%252Fedit%26nonce%3D760313dc47496a16bda83e2d9bf91a218dd99c225d42aa917ba8be0a537ef9c9:0
[  145370ms] [LOG] %c
▲

 _____ _              _                    _   _             __
|_   _| |__   ___    / \   __ _  ___ _ __ | |_(_) ___       / /
  | | | '_ \ / _ \  / _ \ / _` |/ _ \ '_ \| __| |/ __|     / /
  | | | | | |  __/ / ___ \ (_| |  __/ | | | |_| | (__     /_/
  |_| |_| |_|\___|/_/   \_\__, |\___|_| |_|\__|_|\___|    (_)
                           |___/
 ___        __               _                   _                 _
|_ _|_ __  / _|_ __ __ _ ___| |_ _ __ _   _  ___| |_ _   _ _ __ ___
 | || '_ \| |_| '__/ _` / __| __| '__| | | |/ __| __| | | | '__/ _ \
 | || | | |  _| | | (_| \__ \ |_| |  | |_| | (__| |_| |_| | | |  __/
|___|_| |_|_| |_|  \__,_|___/\__|_|   \__,_|\___|\__|\__,_|_|  \___|
  

Hello!

- Open Source https://vercel.com/oss
- Careers https://vercel.com/careers
- Status https://vercel-status.com

 font-family: "Geist Mono", monospace; white-space: pre; line-height: 1; @ https://vercel.com/_next/static/immutable/chunks/09cizcx7bxmnn.js:78
[  145634ms] [WARNING] [GSI_LOGGER]: Your client application uses one of the Google One Tap prompt UI status methods that may stop functioning when FedCM becomes mandatory. Refer to the migration guide to update your code accordingly and opt-in to FedCM to test your changes. Learn more: https://developers.google.com/identity/gsi/web/guides/fedcm-migration?s=dc#display_moment and https://developers.google.com/identity/gsi/web/guides/fedcm-migration?s=dc#skipped_moment @ https://accounts.google.com/gsi/client:86
[  145676ms] [WARNING] Deprecated API for given entry type. @ https://vercel.com/_next/static/immutable/chunks/30boi8e69jjip.js:18
[  145818ms] [ERROR] Failed to load resource: the server responded with a status of 403 () @ https://vercel.com/api/jwt:0
[  149000ms] [ERROR] The request has been aborted. @ https://vercel.com/login?next=%2Fsso-api%3Furl%3Dhttps%253A%252F%252Fnavi-next-h6x8y1okc-navi01.vercel.app%252Fstudio%252Fmap-1782479172014-j0fyq%252Fedit%26nonce%3D760313dc47496a16bda83e2d9bf91a218dd99c225d42aa917ba8be0a537ef9c9:0
[  149000ms] [ERROR] [GSI_LOGGER]: FedCM get() rejects with AbortError: signal is aborted without reason @ https://vercel.com/_next/static/immutable/chunks/0pvdbk16yebrs.js:8
[  149114ms] [ERROR] Failed to load resource: the server responded with a status of 429 () @ https://o205439.ingest.sentry.io/api/1323670/envelope/?sentry_key=d00780d432ac4ccf882f60dd02062e14&sentry_version=7&sentry_client=sentry.javascript.browser%2F7.111.0:0
[  149273ms] [ERROR] Failed to load resource: the server responded with a status of 500 () @ chrome-error://chromewebdata/:0
[  151162ms] [ERROR] Failed to load resource: the server responded with a status of 500 () @ chrome-error://chromewebdata/:0
[  153385ms] [ERROR] Failed to load resource: the server responded with a status of 500 () @ chrome-error://chromewebdata/:0
[  154235ms] [LOG] %c
▲

    ____                               _ __
   / __ \________  ____ _____ ___     (_) /_
  / / / / ___/ _ \/ __ `/ __ `__ \   / / __/
 / /_/ / /  /  __/ /_/ / / / / / /  / / /__
/_____/_/   \___/\__,_/_/ /_/ /_/  /_/\__( )
   _____ __    _          _ __           |/
  / ___// /_  (_)___     (_) /_
  \__ \/ __ \/ / __ \   / / __/
 ___/ / / / / / /_/ /  / / /_
/____/_/ /_/_/ .___/  /_/\__/
            /_/
  

Hello!

- Open Source https://vercel.com/oss
- Careers https://vercel.com/careers
- Status https://vercel-status.com

 font-family: "Geist Mono", monospace; white-space: pre; line-height: 1; @ https://vercel.com/_next/static/immutable/chunks/09cizcx7bxmnn.js:78
[  154331ms] [WARNING] [GSI_LOGGER]: Your client application uses one of the Google One Tap prompt UI status methods that may stop functioning when FedCM becomes mandatory. Refer to the migration guide to update your code accordingly and opt-in to FedCM to test your changes. Learn more: https://developers.google.com/identity/gsi/web/guides/fedcm-migration?s=dc#display_moment and https://developers.google.com/identity/gsi/web/guides/fedcm-migration?s=dc#skipped_moment @ https://accounts.google.com/gsi/client:86
[  154522ms] [ERROR] Failed to load resource: the server responded with a status of 403 () @ https://vercel.com/api/jwt:0
[  154696ms] [WARNING] Deprecated API for given entry type. @ https://vercel.com/_next/static/immutable/chunks/30boi8e69jjip.js:18
[  157889ms] [WARNING] The resource https://vercel.com/_next/static/immutable/chunks/3om8_oox24xtt.css was preloaded using link preload but not used within a few seconds from the window's load event. Please make sure it has an appropriate `as` value and it is preloaded intentionally. @ https://vercel.com/login?next=%2Fsso-api%3Furl%3Dhttps%253A%252F%252Fnavi-next-h6x8y1okc-navi01.vercel.app%252Fstudio%252Fmap-1782479172014-j0fyq%252Fedit%26nonce%3D760313dc47496a16bda83e2d9bf91a218dd99c225d42aa917ba8be0a537ef9c9:0
[  157889ms] [WARNING] The resource https://vercel.com/_next/static/immutable/chunks/1tfmo57som7nf.css was preloaded using link preload but not used within a few seconds from the window's load event. Please make sure it has an appropriate `as` value and it is preloaded intentionally. @ https://vercel.com/login?next=%2Fsso-api%3Furl%3Dhttps%253A%252F%252Fnavi-next-h6x8y1okc-navi01.vercel.app%252Fstudio%252Fmap-1782479172014-j0fyq%252Fedit%26nonce%3D760313dc47496a16bda83e2d9bf91a218dd99c225d42aa917ba8be0a537ef9c9:0
[  157889ms] [WARNING] The resource https://vercel.com/_next/static/immutable/chunks/3m88gd-sogt5t.css was preloaded using link preload but not used within a few seconds from the window's load event. Please make sure it has an appropriate `as` value and it is preloaded intentionally. @ https://vercel.com/login?next=%2Fsso-api%3Furl%3Dhttps%253A%252F%252Fnavi-next-h6x8y1okc-navi01.vercel.app%252Fstudio%252Fmap-1782479172014-j0fyq%252Fedit%26nonce%3D760313dc47496a16bda83e2d9bf91a218dd99c225d42aa917ba8be0a537ef9c9:0
[  160193ms] [ERROR] Failed to load resource: the server responded with a status of 500 () @ https://vercel.com/login?next=%2Fsso-api%3Furl%3Dhttps%253A%252F%252Fnavi-next-h6x8y1okc-navi01.vercel.app%252Fstudio%252Fmap-1782479172014-j0fyq%252Fedit%26nonce%3D760313dc47496a16bda83e2d9bf91a218dd99c225d42aa917ba8be0a537ef9c9:0
[  160194ms] [ERROR] [GoogleOneTap] Failed to login: Error: Minified React error #441; visit https://react.dev/errors/441 for the full message or use the non-minified dev environment for full errors and additional helpful warnings. @ https://vercel.com/_next/static/immutable/chunks/0pvdbk16yebrs.js:8
[  160313ms] [ERROR] Failed to load resource: the server responded with a status of 429 () @ https://o205439.ingest.sentry.io/api/1323670/envelope/?sentry_key=d00780d432ac4ccf882f60dd02062e14&sentry_version=7&sentry_client=sentry.javascript.browser%2F7.111.0:0
[  163386ms] [WARNING] The resource https://vercel.com/_next/static/immutable/chunks/3om8_oox24xtt.css was preloaded using link preload but not used within a few seconds from the window's load event. Please make sure it has an appropriate `as` value and it is preloaded intentionally. @ https://vercel.com/login?next=%2Fsso-api%3Furl%3Dhttps%253A%252F%252Fnavi-next-h6x8y1okc-navi01.vercel.app%252Fstudio%252Fmap-1782479172014-j0fyq%252Fedit%26nonce%3D760313dc47496a16bda83e2d9bf91a218dd99c225d42aa917ba8be0a537ef9c9:0
[  163386ms] [WARNING] The resource https://vercel.com/_next/static/immutable/chunks/1tfmo57som7nf.css was preloaded using link preload but not used within a few seconds from the window's load event. Please make sure it has an appropriate `as` value and it is preloaded intentionally. @ https://vercel.com/login?next=%2Fsso-api%3Furl%3Dhttps%253A%252F%252Fnavi-next-h6x8y1okc-navi01.vercel.app%252Fstudio%252Fmap-1782479172014-j0fyq%252Fedit%26nonce%3D760313dc47496a16bda83e2d9bf91a218dd99c225d42aa917ba8be0a537ef9c9:0
[  163386ms] [WARNING] The resource https://vercel.com/_next/static/immutable/chunks/3m88gd-sogt5t.css was preloaded using link preload but not used within a few seconds from the window's load event. Please make sure it has an appropriate `as` value and it is preloaded intentionally. @ https://vercel.com/login?next=%2Fsso-api%3Furl%3Dhttps%253A%252F%252Fnavi-next-h6x8y1okc-navi01.vercel.app%252Fstudio%252Fmap-1782479172014-j0fyq%252Fedit%26nonce%3D760313dc47496a16bda83e2d9bf91a218dd99c225d42aa917ba8be0a537ef9c9:0
[  167759ms] [WARNING] The resource https://vercel.com/_next/static/immutable/chunks/3om8_oox24xtt.css was preloaded using link preload but not used within a few seconds from the window's load event. Please make sure it has an appropriate `as` value and it is preloaded intentionally. @ https://vercel.com/login?next=%2Fsso-api%3Furl%3Dhttps%253A%252F%252Fnavi-next-h6x8y1okc-navi01.vercel.app%252Fstudio%252Fmap-1782479172014-j0fyq%252Fedit%26nonce%3D760313dc47496a16bda83e2d9bf91a218dd99c225d42aa917ba8be0a537ef9c9:0
[  167759ms] [WARNING] The resource https://vercel.com/_next/static/immutable/chunks/1tfmo57som7nf.css was preloaded using link preload but not used within a few seconds from the window's load event. Please make sure it has an appropriate `as` value and it is preloaded intentionally. @ https://vercel.com/login?next=%2Fsso-api%3Furl%3Dhttps%253A%252F%252Fnavi-next-h6x8y1okc-navi01.vercel.app%252Fstudio%252Fmap-1782479172014-j0fyq%252Fedit%26nonce%3D760313dc47496a16bda83e2d9bf91a218dd99c225d42aa917ba8be0a537ef9c9:0
[  167759ms] [WARNING] The resource https://vercel.com/_next/static/immutable/chunks/3m88gd-sogt5t.css was preloaded using link preload but not used within a few seconds from the window's load event. Please make sure it has an appropriate `as` value and it is preloaded intentionally. @ https://vercel.com/login?next=%2Fsso-api%3Furl%3Dhttps%253A%252F%252Fnavi-next-h6x8y1okc-navi01.vercel.app%252Fstudio%252Fmap-1782479172014-j0fyq%252Fedit%26nonce%3D760313dc47496a16bda83e2d9bf91a218dd99c225d42aa917ba8be0a537ef9c9:0
