[    1111ms] [LOG] [StudioWorkspace] render {mapId: map-1782480639497-sb96j, editorMode: campus} @ https://navi-next.vercel.app/_next/static/chunks/3r__-sk0c9p8g.js:0
[    7888ms] [ERROR] Access to fetch at 'https://tile.openstreetmap.org/21/1760270/979236.png' from origin 'https://navi-next.vercel.app' has been blocked by CORS policy: No 'Access-Control-Allow-Origin' header is present on the requested resource. @ https://navi-next.vercel.app/studio/map-1782480639497-sb96j/edit:0
[    7889ms] [ERROR] Failed to load resource: net::ERR_FAILED @ https://tile.openstreetmap.org/21/1760270/979236.png:0
[    7889ms] [ERROR] [StudioCanvas] Map error: eJ @ https://navi-next.vercel.app/_next/static/chunks/3r__-sk0c9p8g.js:0
[    7891ms] [ERROR] Access to fetch at 'https://tile.openstreetmap.org/21/1760269/979236.png' from origin 'https://navi-next.vercel.app' has been blocked by CORS policy: No 'Access-Control-Allow-Origin' header is present on the requested resource. @ https://navi-next.vercel.app/studio/map-1782480639497-sb96j/edit:0
[    7891ms] [ERROR] Failed to load resource: net::ERR_FAILED @ https://tile.openstreetmap.org/21/1760269/979236.png:0
[    7891ms] [ERROR] [StudioCanvas] Map error: eJ @ https://navi-next.vercel.app/_next/static/chunks/3r__-sk0c9p8g.js:0
[    7892ms] [ERROR] Access to fetch at 'https://tile.openstreetmap.org/21/1760270/979235.png' from origin 'https://navi-next.vercel.app' has been blocked by CORS policy: No 'Access-Control-Allow-Origin' header is present on the requested resource. @ https://navi-next.vercel.app/studio/map-1782480639497-sb96j/edit:0
[    7892ms] [ERROR] Failed to load resource: net::ERR_FAILED @ https://tile.openstreetmap.org/21/1760270/979235.png:0
[    7892ms] [ERROR] [StudioCanvas] Map error: eJ @ https://navi-next.vercel.app/_next/static/chunks/3r__-sk0c9p8g.js:0
[    7892ms] [ERROR] Access to fetch at 'https://tile.openstreetmap.org/21/1760269/979235.png' from origin 'https://navi-next.vercel.app' has been blocked by CORS policy: No 'Access-Control-Allow-Origin' header is present on the requested resource. @ https://navi-next.vercel.app/studio/map-1782480639497-sb96j/edit:0
[    7892ms] [ERROR] Failed to load resource: net::ERR_FAILED @ https://tile.openstreetmap.org/21/1760269/979235.png:0
[    7892ms] [ERROR] [StudioCanvas] Map error: eJ @ https://navi-next.vercel.app/_next/static/chunks/3r__-sk0c9p8g.js:0
[    7892ms] [ERROR] Access to fetch at 'https://tile.openstreetmap.org/21/1760270/979237.png' from origin 'https://navi-next.vercel.app' has been blocked by CORS policy: No 'Access-Control-Allow-Origin' header is present on the requested resource. @ https://navi-next.vercel.app/studio/map-1782480639497-sb96j/edit:0
[    7892ms] [ERROR] Failed to load resource: net::ERR_FAILED @ https://tile.openstreetmap.org/21/1760270/979237.png:0
[    7892ms] [ERROR] [StudioCanvas] Map error: eJ @ https://navi-next.vercel.app/_next/static/chunks/3r__-sk0c9p8g.js:0
[    7893ms] [ERROR] Access to fetch at 'https://tile.openstreetmap.org/21/1760269/979237.png' from origin 'https://navi-next.vercel.app' has been blocked by CORS policy: No 'Access-Control-Allow-Origin' header is present on the requested resource. @ https://navi-next.vercel.app/studio/map-1782480639497-sb96j/edit:0
[    7893ms] [ERROR] Failed to load resource: net::ERR_FAILED @ https://tile.openstreetmap.org/21/1760269/979237.png:0
[    7893ms] [ERROR] [StudioCanvas] Map error: eJ @ https://navi-next.vercel.app/_next/static/chunks/3r__-sk0c9p8g.js:0
[    7893ms] [ERROR] Access to fetch at 'https://tile.openstreetmap.org/21/1760269/979234.png' from origin 'https://navi-next.vercel.app' has been blocked by CORS policy: No 'Access-Control-Allow-Origin' header is present on the requested resource. @ https://navi-next.vercel.app/studio/map-1782480639497-sb96j/edit:0
[    7893ms] [ERROR] Failed to load resource: net::ERR_FAILED @ https://tile.openstreetmap.org/21/1760269/979234.png:0
[    7893ms] [ERROR] [StudioCanvas] Map error: eJ @ https://navi-next.vercel.app/_next/static/chunks/3r__-sk0c9p8g.js:0
[    7893ms] [ERROR] Access to fetch at 'https://tile.openstreetmap.org/21/1760270/979234.png' from origin 'https://navi-next.vercel.app' has been blocked by CORS policy: No 'Access-Control-Allow-Origin' header is present on the requested resource. @ https://navi-next.vercel.app/studio/map-1782480639497-sb96j/edit:0
[    7893ms] [ERROR] Failed to load resource: net::ERR_FAILED @ https://tile.openstreetmap.org/21/1760270/979234.png:0
[    7893ms] [ERROR] [StudioCanvas] Map error: eJ @ https://navi-next.vercel.app/_next/static/chunks/3r__-sk0c9p8g.js:0
[   11314ms] Error: Minified React error #185; visit https://react.dev/errors/185 for the full message or use the non-minified dev environment for full errors and additional helpful warnings.
    at rh (https://navi-next.vercel.app/_next/static/chunks/3peubv2924kx4.js:1:42845)
    at rp (https://navi-next.vercel.app/_next/static/chunks/3peubv2924kx4.js:1:42417)
    at aU (https://navi-next.vercel.app/_next/static/chunks/3peubv2924kx4.js:1:68599)
    at aF (https://navi-next.vercel.app/_next/static/chunks/3peubv2924kx4.js:1:68425)
    at iv (https://navi-next.vercel.app/_next/static/chunks/3peubv2924kx4.js:1:102969)
    at up (https://navi-next.vercel.app/_next/static/chunks/3peubv2924kx4.js:1:127008)
    at ud (https://navi-next.vercel.app/_next/static/chunks/3peubv2924kx4.js:1:126670)
    at up (https://navi-next.vercel.app/_next/static/chunks/3peubv2924kx4.js:1:127053)
    at ud (https://navi-next.vercel.app/_next/static/chunks/3peubv2924kx4.js:1:126670)
    at up (https://navi-next.vercel.app/_next/static/chunks/3peubv2924kx4.js:1:127053)
[ 3992617ms] Error: Minified React error #185; visit https://react.dev/errors/185 for the full message or use the non-minified dev environment for full errors and additional helpful warnings.
    at rh (https://navi-next.vercel.app/_next/static/chunks/3peubv2924kx4.js:1:42845)
    at rp (https://navi-next.vercel.app/_next/static/chunks/3peubv2924kx4.js:1:42417)
    at aU (https://navi-next.vercel.app/_next/static/chunks/3peubv2924kx4.js:1:68599)
    at aF (https://navi-next.vercel.app/_next/static/chunks/3peubv2924kx4.js:1:68425)
    at iv (https://navi-next.vercel.app/_next/static/chunks/3peubv2924kx4.js:1:102969)
    at up (https://navi-next.vercel.app/_next/static/chunks/3peubv2924kx4.js:1:127008)
    at ud (https://navi-next.vercel.app/_next/static/chunks/3peubv2924kx4.js:1:126670)
    at up (https://navi-next.vercel.app/_next/static/chunks/3peubv2924kx4.js:1:127053)
    at ud (https://navi-next.vercel.app/_next/static/chunks/3peubv2924kx4.js:1:126670)
    at up (https://navi-next.vercel.app/_next/static/chunks/3peubv2924kx4.js:1:127053)
[ 4013292ms] Error: Minified React error #185; visit https://react.dev/errors/185 for the full message or use the non-minified dev environment for full errors and additional helpful warnings.
    at rh (https://navi-next.vercel.app/_next/static/chunks/3peubv2924kx4.js:1:42845)
    at rp (https://navi-next.vercel.app/_next/static/chunks/3peubv2924kx4.js:1:42417)
    at aU (https://navi-next.vercel.app/_next/static/chunks/3peubv2924kx4.js:1:68599)
    at aF (https://navi-next.vercel.app/_next/static/chunks/3peubv2924kx4.js:1:68425)
    at iv (https://navi-next.vercel.app/_next/static/chunks/3peubv2924kx4.js:1:102969)
    at up (https://navi-next.vercel.app/_next/static/chunks/3peubv2924kx4.js:1:127008)
    at ud (https://navi-next.vercel.app/_next/static/chunks/3peubv2924kx4.js:1:126670)
    at up (https://navi-next.vercel.app/_next/static/chunks/3peubv2924kx4.js:1:127053)
    at ud (https://navi-next.vercel.app/_next/static/chunks/3peubv2924kx4.js:1:126670)
    at up (https://navi-next.vercel.app/_next/static/chunks/3peubv2924kx4.js:1:127053)
[ 4014894ms] Error: Minified React error #185; visit https://react.dev/errors/185 for the full message or use the non-minified dev environment for full errors and additional helpful warnings.
    at rh (https://navi-next.vercel.app/_next/static/chunks/3peubv2924kx4.js:1:42845)
    at rp (https://navi-next.vercel.app/_next/static/chunks/3peubv2924kx4.js:1:42417)
    at aU (https://navi-next.vercel.app/_next/static/chunks/3peubv2924kx4.js:1:68599)
    at aF (https://navi-next.vercel.app/_next/static/chunks/3peubv2924kx4.js:1:68425)
    at iv (https://navi-next.vercel.app/_next/static/chunks/3peubv2924kx4.js:1:102969)
    at up (https://navi-next.vercel.app/_next/static/chunks/3peubv2924kx4.js:1:127008)
    at ud (https://navi-next.vercel.app/_next/static/chunks/3peubv2924kx4.js:1:126670)
    at up (https://navi-next.vercel.app/_next/static/chunks/3peubv2924kx4.js:1:127053)
    at ud (https://navi-next.vercel.app/_next/static/chunks/3peubv2924kx4.js:1:126670)
    at up (https://navi-next.vercel.app/_next/static/chunks/3peubv2924kx4.js:1:127053)
