[     609ms] [LOG] %c
▲

    ________   _ __ _          ____           __
   /  _/ __/  (_) /( )_____   / __/___ ______/ /_
   / // /_   / / __/// ___/  / /_/ __ `/ ___/ __/
 _/ // __/  / / /_  (__  )  / __/ /_/ (__  ) /_
/___/_/    /_/\__/ /____/  /_/  \__,_/____/\__/
    _ __ _                         _    __                    __
   (_) /( )_____   ____  ____     | |  / /__  _____________  / /
  / / __/// ___/  / __ \/ __ \    | | / / _ \/ ___/ ___/ _ \/ /
 / / /_  (__  )  / /_/ / / / /    | |/ /  __/ /  / /__/  __/ /
/_/\__/ /____/   \____/_/ /_/     |___/\___/_/   \___/\___/_/
  

Hello!

- Open Source https://vercel.com/oss
- Careers https://vercel.com/careers
- Status https://vercel-status.com

 font-family: "Geist Mono", monospace; white-space: pre; line-height: 1; @ https://vercel.com/_next/static/immutable/chunks/2v4re5sjm46o_.js:108
[    1063ms] [WARNING] Deprecated API for given entry type. @ https://vercel.com/_next/static/immutable/chunks/2pior404zc98i.js:18
[    1163ms] [ERROR] Failed to load resource: the server responded with a status of 403 () @ https://vercel.com/api/jwt:0
[    4746ms] [WARNING] The resource https://vercel.com/_next/static/immutable/chunks/3l1vkaiao2o7o.css was preloaded using link preload but not used within a few seconds from the window's load event. Please make sure it has an appropriate `as` value and it is preloaded intentionally. @ https://vercel.com/oauth/device?user_code=CDRR-XDWL:0
[    4746ms] [WARNING] The resource https://vercel.com/_next/static/immutable/chunks/1777f8dhtch_9.css was preloaded using link preload but not used within a few seconds from the window's load event. Please make sure it has an appropriate `as` value and it is preloaded intentionally. @ https://vercel.com/oauth/device?user_code=CDRR-XDWL:0
[    4746ms] [WARNING] The resource https://vercel.com/_next/static/immutable/chunks/0p2x3qgrqsj3m.css was preloaded using link preload but not used within a few seconds from the window's load event. Please make sure it has an appropriate `as` value and it is preloaded intentionally. @ https://vercel.com/oauth/device?user_code=CDRR-XDWL:0
[    4746ms] [WARNING] The resource https://vercel.com/_next/static/immutable/chunks/1_-gzlz1lfys2.css was preloaded using link preload but not used within a few seconds from the window's load event. Please make sure it has an appropriate `as` value and it is preloaded intentionally. @ https://vercel.com/oauth/device?user_code=CDRR-XDWL:0
[   14725ms] [WARNING] The resource https://vercel.com/_next/static/immutable/chunks/3l1vkaiao2o7o.css was preloaded using link preload but not used within a few seconds from the window's load event. Please make sure it has an appropriate `as` value and it is preloaded intentionally. @ https://vercel.com/oauth/device?user_code=CDRR-XDWL:0
[   14725ms] [WARNING] The resource https://vercel.com/_next/static/immutable/chunks/1777f8dhtch_9.css was preloaded using link preload but not used within a few seconds from the window's load event. Please make sure it has an appropriate `as` value and it is preloaded intentionally. @ https://vercel.com/oauth/device?user_code=CDRR-XDWL:0
[   14725ms] [WARNING] The resource https://vercel.com/_next/static/immutable/chunks/0p2x3qgrqsj3m.css was preloaded using link preload but not used within a few seconds from the window's load event. Please make sure it has an appropriate `as` value and it is preloaded intentionally. @ https://vercel.com/oauth/device?user_code=CDRR-XDWL:0
[   14725ms] [WARNING] The resource https://vercel.com/_next/static/immutable/chunks/1_-gzlz1lfys2.css was preloaded using link preload but not used within a few seconds from the window's load event. Please make sure it has an appropriate `as` value and it is preloaded intentionally. @ https://vercel.com/oauth/device?user_code=CDRR-XDWL:0
