[  195372ms] [ERROR] Access to fetch at 'https://tile.openstreetmap.org/20/879641/489372.png' from origin 'https://navi-next.vercel.app' has been blocked by CORS policy: No 'Access-Control-Allow-Origin' header is present on the requested resource. @ https://navi-next.vercel.app/map:0
[  195373ms] [ERROR] Failed to load resource: net::ERR_FAILED @ https://tile.openstreetmap.org/20/879641/489372.png:0
[  195375ms] [ERROR] eZ: AJAXError: Failed to fetch (0): https://tile.openstreetmap.org/20/879641/489372.png
    at https://navi-next.vercel.app/_next/static/chunks/261cq39jf3lqt.js:1:10566
    at Generator.throw (<anonymous>)
    at l (https://navi-next.vercel.app/_next/static/chunks/261cq39jf3lqt.js:1:673) @ https://navi-next.vercel.app/_next/static/chunks/261cq39jf3lqt.js:0
[  195376ms] [ERROR] Access to fetch at 'https://tile.openstreetmap.org/20/879640/489372.png' from origin 'https://navi-next.vercel.app' has been blocked by CORS policy: No 'Access-Control-Allow-Origin' header is present on the requested resource. @ https://navi-next.vercel.app/map:0
[  195376ms] [ERROR] Failed to load resource: net::ERR_FAILED @ https://tile.openstreetmap.org/20/879640/489372.png:0
[  195377ms] [ERROR] eZ: AJAXError: Failed to fetch (0): https://tile.openstreetmap.org/20/879640/489372.png
    at https://navi-next.vercel.app/_next/static/chunks/261cq39jf3lqt.js:1:10566
    at Generator.throw (<anonymous>)
    at l (https://navi-next.vercel.app/_next/static/chunks/261cq39jf3lqt.js:1:673) @ https://navi-next.vercel.app/_next/static/chunks/261cq39jf3lqt.js:0
[  195377ms] [ERROR] Access to fetch at 'https://tile.openstreetmap.org/20/879641/489371.png' from origin 'https://navi-next.vercel.app' has been blocked by CORS policy: No 'Access-Control-Allow-Origin' header is present on the requested resource. @ https://navi-next.vercel.app/map:0
[  195377ms] [ERROR] Failed to load resource: net::ERR_FAILED @ https://tile.openstreetmap.org/20/879641/489371.png:0
[  195377ms] [ERROR] eZ: AJAXError: Failed to fetch (0): https://tile.openstreetmap.org/20/879641/489371.png
    at https://navi-next.vercel.app/_next/static/chunks/261cq39jf3lqt.js:1:10566
    at Generator.throw (<anonymous>)
    at l (https://navi-next.vercel.app/_next/static/chunks/261cq39jf3lqt.js:1:673) @ https://navi-next.vercel.app/_next/static/chunks/261cq39jf3lqt.js:0
[  195378ms] [ERROR] Access to fetch at 'https://tile.openstreetmap.org/20/879641/489373.png' from origin 'https://navi-next.vercel.app' has been blocked by CORS policy: No 'Access-Control-Allow-Origin' header is present on the requested resource. @ https://navi-next.vercel.app/map:0
[  195378ms] [ERROR] Failed to load resource: net::ERR_FAILED @ https://tile.openstreetmap.org/20/879641/489373.png:0
[  195378ms] [ERROR] eZ: AJAXError: Failed to fetch (0): https://tile.openstreetmap.org/20/879641/489373.png
    at https://navi-next.vercel.app/_next/static/chunks/261cq39jf3lqt.js:1:10566
    at Generator.throw (<anonymous>)
    at l (https://navi-next.vercel.app/_next/static/chunks/261cq39jf3lqt.js:1:673) @ https://navi-next.vercel.app/_next/static/chunks/261cq39jf3lqt.js:0
[  195378ms] [ERROR] Access to fetch at 'https://tile.openstreetmap.org/20/879642/489372.png' from origin 'https://navi-next.vercel.app' has been blocked by CORS policy: No 'Access-Control-Allow-Origin' header is present on the requested resource. @ https://navi-next.vercel.app/map:0
[  195378ms] [ERROR] Failed to load resource: net::ERR_FAILED @ https://tile.openstreetmap.org/20/879642/489372.png:0
[  195378ms] [ERROR] eZ: AJAXError: Failed to fetch (0): https://tile.openstreetmap.org/20/879642/489372.png
    at https://navi-next.vercel.app/_next/static/chunks/261cq39jf3lqt.js:1:10566
    at Generator.throw (<anonymous>)
    at l (https://navi-next.vercel.app/_next/static/chunks/261cq39jf3lqt.js:1:673) @ https://navi-next.vercel.app/_next/static/chunks/261cq39jf3lqt.js:0
[  195379ms] [ERROR] Access to fetch at 'https://tile.openstreetmap.org/20/879640/489373.png' from origin 'https://navi-next.vercel.app' has been blocked by CORS policy: No 'Access-Control-Allow-Origin' header is present on the requested resource. @ https://navi-next.vercel.app/map:0
[  195379ms] [ERROR] Failed to load resource: net::ERR_FAILED @ https://tile.openstreetmap.org/20/879640/489373.png:0
[  195379ms] [ERROR] eZ: AJAXError: Failed to fetch (0): https://tile.openstreetmap.org/20/879640/489373.png
    at https://navi-next.vercel.app/_next/static/chunks/261cq39jf3lqt.js:1:10566
    at Generator.throw (<anonymous>)
    at l (https://navi-next.vercel.app/_next/static/chunks/261cq39jf3lqt.js:1:673) @ https://navi-next.vercel.app/_next/static/chunks/261cq39jf3lqt.js:0
[  195379ms] [ERROR] Access to fetch at 'https://tile.openstreetmap.org/20/879642/489371.png' from origin 'https://navi-next.vercel.app' has been blocked by CORS policy: No 'Access-Control-Allow-Origin' header is present on the requested resource. @ https://navi-next.vercel.app/map:0
[  195379ms] [ERROR] Failed to load resource: net::ERR_FAILED @ https://tile.openstreetmap.org/20/879642/489371.png:0
[  195380ms] [ERROR] eZ: AJAXError: Failed to fetch (0): https://tile.openstreetmap.org/20/879642/489371.png
    at https://navi-next.vercel.app/_next/static/chunks/261cq39jf3lqt.js:1:10566
    at Generator.throw (<anonymous>)
    at l (https://navi-next.vercel.app/_next/static/chunks/261cq39jf3lqt.js:1:673) @ https://navi-next.vercel.app/_next/static/chunks/261cq39jf3lqt.js:0
[  195380ms] [ERROR] Access to fetch at 'https://tile.openstreetmap.org/20/879640/489371.png' from origin 'https://navi-next.vercel.app' has been blocked by CORS policy: No 'Access-Control-Allow-Origin' header is present on the requested resource. @ https://navi-next.vercel.app/map:0
[  195380ms] [ERROR] Failed to load resource: net::ERR_FAILED @ https://tile.openstreetmap.org/20/879640/489371.png:0
[  195380ms] [ERROR] eZ: AJAXError: Failed to fetch (0): https://tile.openstreetmap.org/20/879640/489371.png
    at https://navi-next.vercel.app/_next/static/chunks/261cq39jf3lqt.js:1:10566
    at Generator.throw (<anonymous>)
    at l (https://navi-next.vercel.app/_next/static/chunks/261cq39jf3lqt.js:1:673) @ https://navi-next.vercel.app/_next/static/chunks/261cq39jf3lqt.js:0
[  197375ms] [ERROR] Access to fetch at 'https://tile.openstreetmap.org/20/879642/489373.png' from origin 'https://navi-next.vercel.app' has been blocked by CORS policy: No 'Access-Control-Allow-Origin' header is present on the requested resource. @ https://navi-next.vercel.app/map:0
[  197375ms] [ERROR] Failed to load resource: net::ERR_FAILED @ https://tile.openstreetmap.org/20/879642/489373.png:0
[  197376ms] [ERROR] eZ: AJAXError: Failed to fetch (0): https://tile.openstreetmap.org/20/879642/489373.png
    at https://navi-next.vercel.app/_next/static/chunks/261cq39jf3lqt.js:1:10566
    at Generator.throw (<anonymous>)
    at l (https://navi-next.vercel.app/_next/static/chunks/261cq39jf3lqt.js:1:673) @ https://navi-next.vercel.app/_next/static/chunks/261cq39jf3lqt.js:0
[  197378ms] [ERROR] Access to fetch at 'https://tile.openstreetmap.org/20/879641/489374.png' from origin 'https://navi-next.vercel.app' has been blocked by CORS policy: No 'Access-Control-Allow-Origin' header is present on the requested resource. @ https://navi-next.vercel.app/map:0
[  197378ms] [ERROR] Failed to load resource: net::ERR_FAILED @ https://tile.openstreetmap.org/20/879641/489374.png:0
[  197379ms] [ERROR] eZ: AJAXError: Failed to fetch (0): https://tile.openstreetmap.org/20/879641/489374.png
    at https://navi-next.vercel.app/_next/static/chunks/261cq39jf3lqt.js:1:10566
    at Generator.throw (<anonymous>)
    at l (https://navi-next.vercel.app/_next/static/chunks/261cq39jf3lqt.js:1:673) @ https://navi-next.vercel.app/_next/static/chunks/261cq39jf3lqt.js:0
[  197380ms] [ERROR] Access to fetch at 'https://tile.openstreetmap.org/20/879642/489374.png' from origin 'https://navi-next.vercel.app' has been blocked by CORS policy: No 'Access-Control-Allow-Origin' header is present on the requested resource. @ https://navi-next.vercel.app/map:0
[  197380ms] [ERROR] Failed to load resource: net::ERR_FAILED @ https://tile.openstreetmap.org/20/879642/489374.png:0
[  197380ms] [ERROR] eZ: AJAXError: Failed to fetch (0): https://tile.openstreetmap.org/20/879642/489374.png
    at https://navi-next.vercel.app/_next/static/chunks/261cq39jf3lqt.js:1:10566
    at Generator.throw (<anonymous>)
    at l (https://navi-next.vercel.app/_next/static/chunks/261cq39jf3lqt.js:1:673) @ https://navi-next.vercel.app/_next/static/chunks/261cq39jf3lqt.js:0
[  197380ms] [ERROR] Access to fetch at 'https://tile.openstreetmap.org/20/879643/489373.png' from origin 'https://navi-next.vercel.app' has been blocked by CORS policy: No 'Access-Control-Allow-Origin' header is present on the requested resource. @ https://navi-next.vercel.app/map:0
[  197380ms] [ERROR] Failed to load resource: net::ERR_FAILED @ https://tile.openstreetmap.org/20/879643/489373.png:0
[  197381ms] [ERROR] eZ: AJAXError: Failed to fetch (0): https://tile.openstreetmap.org/20/879643/489373.png
    at https://navi-next.vercel.app/_next/static/chunks/261cq39jf3lqt.js:1:10566
    at Generator.throw (<anonymous>)
    at l (https://navi-next.vercel.app/_next/static/chunks/261cq39jf3lqt.js:1:673) @ https://navi-next.vercel.app/_next/static/chunks/261cq39jf3lqt.js:0
[  197383ms] [ERROR] Access to fetch at 'https://tile.openstreetmap.org/20/879643/489374.png' from origin 'https://navi-next.vercel.app' has been blocked by CORS policy: No 'Access-Control-Allow-Origin' header is present on the requested resource. @ https://navi-next.vercel.app/map:0
[  197383ms] [ERROR] Failed to load resource: net::ERR_FAILED @ https://tile.openstreetmap.org/20/879643/489374.png:0
[  197384ms] [ERROR] eZ: AJAXError: Failed to fetch (0): https://tile.openstreetmap.org/20/879643/489374.png
    at https://navi-next.vercel.app/_next/static/chunks/261cq39jf3lqt.js:1:10566
    at Generator.throw (<anonymous>)
    at l (https://navi-next.vercel.app/_next/static/chunks/261cq39jf3lqt.js:1:673) @ https://navi-next.vercel.app/_next/static/chunks/261cq39jf3lqt.js:0
[  199372ms] [ERROR] Access to fetch at 'https://tile.openstreetmap.org/21/1759286/978749.png' from origin 'https://navi-next.vercel.app' has been blocked by CORS policy: No 'Access-Control-Allow-Origin' header is present on the requested resource. @ https://navi-next.vercel.app/map:0
[  199372ms] [ERROR] Failed to load resource: net::ERR_FAILED @ https://tile.openstreetmap.org/21/1759286/978749.png:0
[  199374ms] [ERROR] eZ: AJAXError: Failed to fetch (0): https://tile.openstreetmap.org/21/1759286/978749.png
    at https://navi-next.vercel.app/_next/static/chunks/261cq39jf3lqt.js:1:10566
    at Generator.throw (<anonymous>)
    at l (https://navi-next.vercel.app/_next/static/chunks/261cq39jf3lqt.js:1:673) @ https://navi-next.vercel.app/_next/static/chunks/261cq39jf3lqt.js:0
[  199375ms] [ERROR] Access to fetch at 'https://tile.openstreetmap.org/21/1759287/978750.png' from origin 'https://navi-next.vercel.app' has been blocked by CORS policy: No 'Access-Control-Allow-Origin' header is present on the requested resource. @ https://navi-next.vercel.app/map:0
[  199375ms] [ERROR] Failed to load resource: net::ERR_FAILED @ https://tile.openstreetmap.org/21/1759287/978750.png:0
[  199376ms] [ERROR] eZ: AJAXError: Failed to fetch (0): https://tile.openstreetmap.org/21/1759287/978750.png
    at https://navi-next.vercel.app/_next/static/chunks/261cq39jf3lqt.js:1:10566
    at Generator.throw (<anonymous>)
    at l (https://navi-next.vercel.app/_next/static/chunks/261cq39jf3lqt.js:1:673) @ https://navi-next.vercel.app/_next/static/chunks/261cq39jf3lqt.js:0
[  199376ms] [ERROR] Access to fetch at 'https://tile.openstreetmap.org/21/1759286/978750.png' from origin 'https://navi-next.vercel.app' has been blocked by CORS policy: No 'Access-Control-Allow-Origin' header is present on the requested resource. @ https://navi-next.vercel.app/map:0
[  199376ms] [ERROR] Failed to load resource: net::ERR_FAILED @ https://tile.openstreetmap.org/21/1759286/978750.png:0
[  199377ms] [ERROR] eZ: AJAXError: Failed to fetch (0): https://tile.openstreetmap.org/21/1759286/978750.png
    at https://navi-next.vercel.app/_next/static/chunks/261cq39jf3lqt.js:1:10566
    at Generator.throw (<anonymous>)
    at l (https://navi-next.vercel.app/_next/static/chunks/261cq39jf3lqt.js:1:673) @ https://navi-next.vercel.app/_next/static/chunks/261cq39jf3lqt.js:0
[  199377ms] [ERROR] Access to fetch at 'https://tile.openstreetmap.org/21/1759287/978749.png' from origin 'https://navi-next.vercel.app' has been blocked by CORS policy: No 'Access-Control-Allow-Origin' header is present on the requested resource. @ https://navi-next.vercel.app/map:0
[  199377ms] [ERROR] Failed to load resource: net::ERR_FAILED @ https://tile.openstreetmap.org/21/1759287/978749.png:0
[  199378ms] [ERROR] eZ: AJAXError: Failed to fetch (0): https://tile.openstreetmap.org/21/1759287/978749.png
    at https://navi-next.vercel.app/_next/static/chunks/261cq39jf3lqt.js:1:10566
    at Generator.throw (<anonymous>)
    at l (https://navi-next.vercel.app/_next/static/chunks/261cq39jf3lqt.js:1:673) @ https://navi-next.vercel.app/_next/static/chunks/261cq39jf3lqt.js:0
[  199378ms] [ERROR] Access to fetch at 'https://tile.openstreetmap.org/21/1759287/978751.png' from origin 'https://navi-next.vercel.app' has been blocked by CORS policy: No 'Access-Control-Allow-Origin' header is present on the requested resource. @ https://navi-next.vercel.app/map:0
[  199378ms] [ERROR] Failed to load resource: net::ERR_FAILED @ https://tile.openstreetmap.org/21/1759287/978751.png:0
[  199378ms] [ERROR] eZ: AJAXError: Failed to fetch (0): https://tile.openstreetmap.org/21/1759287/978751.png
    at https://navi-next.vercel.app/_next/static/chunks/261cq39jf3lqt.js:1:10566
    at Generator.throw (<anonymous>)
    at l (https://navi-next.vercel.app/_next/static/chunks/261cq39jf3lqt.js:1:673) @ https://navi-next.vercel.app/_next/static/chunks/261cq39jf3lqt.js:0
[  199378ms] [ERROR] Access to fetch at 'https://tile.openstreetmap.org/21/1759286/978751.png' from origin 'https://navi-next.vercel.app' has been blocked by CORS policy: No 'Access-Control-Allow-Origin' header is present on the requested resource. @ https://navi-next.vercel.app/map:0
[  199379ms] [ERROR] Failed to load resource: net::ERR_FAILED @ https://tile.openstreetmap.org/21/1759286/978751.png:0
[  199379ms] [ERROR] eZ: AJAXError: Failed to fetch (0): https://tile.openstreetmap.org/21/1759286/978751.png
    at https://navi-next.vercel.app/_next/static/chunks/261cq39jf3lqt.js:1:10566
    at Generator.throw (<anonymous>)
    at l (https://navi-next.vercel.app/_next/static/chunks/261cq39jf3lqt.js:1:673) @ https://navi-next.vercel.app/_next/static/chunks/261cq39jf3lqt.js:0
[  199379ms] [ERROR] Access to fetch at 'https://tile.openstreetmap.org/21/1759288/978749.png' from origin 'https://navi-next.vercel.app' has been blocked by CORS policy: No 'Access-Control-Allow-Origin' header is present on the requested resource. @ https://navi-next.vercel.app/map:0
[  199379ms] [ERROR] Failed to load resource: net::ERR_FAILED @ https://tile.openstreetmap.org/21/1759288/978749.png:0
[  199380ms] [ERROR] eZ: AJAXError: Failed to fetch (0): https://tile.openstreetmap.org/21/1759288/978749.png
    at https://navi-next.vercel.app/_next/static/chunks/261cq39jf3lqt.js:1:10566
    at Generator.throw (<anonymous>)
    at l (https://navi-next.vercel.app/_next/static/chunks/261cq39jf3lqt.js:1:673) @ https://navi-next.vercel.app/_next/static/chunks/261cq39jf3lqt.js:0
[  199380ms] [ERROR] Access to fetch at 'https://tile.openstreetmap.org/21/1759288/978750.png' from origin 'https://navi-next.vercel.app' has been blocked by CORS policy: No 'Access-Control-Allow-Origin' header is present on the requested resource. @ https://navi-next.vercel.app/map:0
[  199380ms] [ERROR] Failed to load resource: net::ERR_FAILED @ https://tile.openstreetmap.org/21/1759288/978750.png:0
[  199380ms] [ERROR] eZ: AJAXError: Failed to fetch (0): https://tile.openstreetmap.org/21/1759288/978750.png
    at https://navi-next.vercel.app/_next/static/chunks/261cq39jf3lqt.js:1:10566
    at Generator.throw (<anonymous>)
    at l (https://navi-next.vercel.app/_next/static/chunks/261cq39jf3lqt.js:1:673) @ https://navi-next.vercel.app/_next/static/chunks/261cq39jf3lqt.js:0
[  201372ms] [ERROR] Access to fetch at 'https://tile.openstreetmap.org/21/1759288/978751.png' from origin 'https://navi-next.vercel.app' has been blocked by CORS policy: No 'Access-Control-Allow-Origin' header is present on the requested resource. @ https://navi-next.vercel.app/map:0
[  201372ms] [ERROR] Failed to load resource: net::ERR_FAILED @ https://tile.openstreetmap.org/21/1759288/978751.png:0
[  201375ms] [ERROR] eZ: AJAXError: Failed to fetch (0): https://tile.openstreetmap.org/21/1759288/978751.png
    at https://navi-next.vercel.app/_next/static/chunks/261cq39jf3lqt.js:1:10566
    at Generator.throw (<anonymous>)
    at l (https://navi-next.vercel.app/_next/static/chunks/261cq39jf3lqt.js:1:673) @ https://navi-next.vercel.app/_next/static/chunks/261cq39jf3lqt.js:0
[  201376ms] [ERROR] Access to fetch at 'https://tile.openstreetmap.org/21/1759285/978750.png' from origin 'https://navi-next.vercel.app' has been blocked by CORS policy: No 'Access-Control-Allow-Origin' header is present on the requested resource. @ https://navi-next.vercel.app/map:0
[  201376ms] [ERROR] Failed to load resource: net::ERR_FAILED @ https://tile.openstreetmap.org/21/1759285/978750.png:0
[  201376ms] [ERROR] eZ: AJAXError: Failed to fetch (0): https://tile.openstreetmap.org/21/1759285/978750.png
    at https://navi-next.vercel.app/_next/static/chunks/261cq39jf3lqt.js:1:10566
    at Generator.throw (<anonymous>)
    at l (https://navi-next.vercel.app/_next/static/chunks/261cq39jf3lqt.js:1:673) @ https://navi-next.vercel.app/_next/static/chunks/261cq39jf3lqt.js:0
[  201376ms] [ERROR] Access to fetch at 'https://tile.openstreetmap.org/21/1759285/978749.png' from origin 'https://navi-next.vercel.app' has been blocked by CORS policy: No 'Access-Control-Allow-Origin' header is present on the requested resource. @ https://navi-next.vercel.app/map:0
[  201377ms] [ERROR] Failed to load resource: net::ERR_FAILED @ https://tile.openstreetmap.org/21/1759285/978749.png:0
[  201377ms] [ERROR] eZ: AJAXError: Failed to fetch (0): https://tile.openstreetmap.org/21/1759285/978749.png
    at https://navi-next.vercel.app/_next/static/chunks/261cq39jf3lqt.js:1:10566
    at Generator.throw (<anonymous>)
    at l (https://navi-next.vercel.app/_next/static/chunks/261cq39jf3lqt.js:1:673) @ https://navi-next.vercel.app/_next/static/chunks/261cq39jf3lqt.js:0
[  201377ms] [ERROR] Access to fetch at 'https://tile.openstreetmap.org/21/1759285/978751.png' from origin 'https://navi-next.vercel.app' has been blocked by CORS policy: No 'Access-Control-Allow-Origin' header is present on the requested resource. @ https://navi-next.vercel.app/map:0
[  201377ms] [ERROR] Failed to load resource: net::ERR_FAILED @ https://tile.openstreetmap.org/21/1759285/978751.png:0
[  201378ms] [ERROR] eZ: AJAXError: Failed to fetch (0): https://tile.openstreetmap.org/21/1759285/978751.png
    at https://navi-next.vercel.app/_next/static/chunks/261cq39jf3lqt.js:1:10566
    at Generator.throw (<anonymous>)
    at l (https://navi-next.vercel.app/_next/static/chunks/261cq39jf3lqt.js:1:673) @ https://navi-next.vercel.app/_next/static/chunks/261cq39jf3lqt.js:0
[  201378ms] [ERROR] Access to fetch at 'https://tile.openstreetmap.org/20/879643/489375.png' from origin 'https://navi-next.vercel.app' has been blocked by CORS policy: No 'Access-Control-Allow-Origin' header is present on the requested resource. @ https://navi-next.vercel.app/map:0
[  201378ms] [ERROR] Failed to load resource: net::ERR_FAILED @ https://tile.openstreetmap.org/20/879643/489375.png:0
[  201378ms] [ERROR] eZ: AJAXError: Failed to fetch (0): https://tile.openstreetmap.org/20/879643/489375.png
    at https://navi-next.vercel.app/_next/static/chunks/261cq39jf3lqt.js:1:10566
    at Generator.throw (<anonymous>)
    at l (https://navi-next.vercel.app/_next/static/chunks/261cq39jf3lqt.js:1:673) @ https://navi-next.vercel.app/_next/static/chunks/261cq39jf3lqt.js:0
[  202373ms] [ERROR] Access to fetch at 'https://tile.openstreetmap.org/20/879643/489374.png' from origin 'https://navi-next.vercel.app' has been blocked by CORS policy: No 'Access-Control-Allow-Origin' header is present on the requested resource. @ https://navi-next.vercel.app/map:0
[  202373ms] [ERROR] Failed to load resource: net::ERR_FAILED @ https://tile.openstreetmap.org/20/879643/489374.png:0
[  202375ms] [ERROR] eZ: AJAXError: Failed to fetch (0): https://tile.openstreetmap.org/20/879643/489374.png
    at https://navi-next.vercel.app/_next/static/chunks/261cq39jf3lqt.js:1:10566
    at Generator.throw (<anonymous>)
    at l (https://navi-next.vercel.app/_next/static/chunks/261cq39jf3lqt.js:1:673) @ https://navi-next.vercel.app/_next/static/chunks/261cq39jf3lqt.js:0
[  202375ms] [ERROR] Access to fetch at 'https://tile.openstreetmap.org/20/879644/489375.png' from origin 'https://navi-next.vercel.app' has been blocked by CORS policy: No 'Access-Control-Allow-Origin' header is present on the requested resource. @ https://navi-next.vercel.app/map:0
[  202375ms] [ERROR] Failed to load resource: net::ERR_FAILED @ https://tile.openstreetmap.org/20/879644/489375.png:0
[  202376ms] [ERROR] eZ: AJAXError: Failed to fetch (0): https://tile.openstreetmap.org/20/879644/489375.png
    at https://navi-next.vercel.app/_next/static/chunks/261cq39jf3lqt.js:1:10566
    at Generator.throw (<anonymous>)
    at l (https://navi-next.vercel.app/_next/static/chunks/261cq39jf3lqt.js:1:673) @ https://navi-next.vercel.app/_next/static/chunks/261cq39jf3lqt.js:0
[  202376ms] [ERROR] Access to fetch at 'https://tile.openstreetmap.org/20/879644/489374.png' from origin 'https://navi-next.vercel.app' has been blocked by CORS policy: No 'Access-Control-Allow-Origin' header is present on the requested resource. @ https://navi-next.vercel.app/map:0
[  202376ms] [ERROR] Failed to load resource: net::ERR_FAILED @ https://tile.openstreetmap.org/20/879644/489374.png:0
[  202376ms] [ERROR] eZ: AJAXError: Failed to fetch (0): https://tile.openstreetmap.org/20/879644/489374.png
    at https://navi-next.vercel.app/_next/static/chunks/261cq39jf3lqt.js:1:10566
    at Generator.throw (<anonymous>)
    at l (https://navi-next.vercel.app/_next/static/chunks/261cq39jf3lqt.js:1:673) @ https://navi-next.vercel.app/_next/static/chunks/261cq39jf3lqt.js:0
[  203375ms] [ERROR] Access to fetch at 'https://tile.openstreetmap.org/20/879642/489375.png' from origin 'https://navi-next.vercel.app' has been blocked by CORS policy: No 'Access-Control-Allow-Origin' header is present on the requested resource. @ https://navi-next.vercel.app/map:0
[  203375ms] [ERROR] Failed to load resource: net::ERR_FAILED @ https://tile.openstreetmap.org/20/879642/489375.png:0
[  203376ms] [ERROR] eZ: AJAXError: Failed to fetch (0): https://tile.openstreetmap.org/20/879642/489375.png
    at https://navi-next.vercel.app/_next/static/chunks/261cq39jf3lqt.js:1:10566
    at Generator.throw (<anonymous>)
    at l (https://navi-next.vercel.app/_next/static/chunks/261cq39jf3lqt.js:1:673) @ https://navi-next.vercel.app/_next/static/chunks/261cq39jf3lqt.js:0
[  203376ms] [ERROR] Access to fetch at 'https://tile.openstreetmap.org/20/879642/489374.png' from origin 'https://navi-next.vercel.app' has been blocked by CORS policy: No 'Access-Control-Allow-Origin' header is present on the requested resource. @ https://navi-next.vercel.app/map:0
[  203376ms] [ERROR] Failed to load resource: net::ERR_FAILED @ https://tile.openstreetmap.org/20/879642/489374.png:0
[  203376ms] [ERROR] eZ: AJAXError: Failed to fetch (0): https://tile.openstreetmap.org/20/879642/489374.png
    at https://navi-next.vercel.app/_next/static/chunks/261cq39jf3lqt.js:1:10566
    at Generator.throw (<anonymous>)
    at l (https://navi-next.vercel.app/_next/static/chunks/261cq39jf3lqt.js:1:673) @ https://navi-next.vercel.app/_next/static/chunks/261cq39jf3lqt.js:0
