[   15678ms] [ERROR] Failed to load resource: the server responded with a status of 404 (File not found) @ http://localhost:8899/favicon.ico:0
[   17026ms] [WARNING] Image "office" could not be loaded. Please make sure you have added the image with map.addImage() or a "sprite" property in your style. You can provide missing images by listening for the "styleimagemissing" map event. @ https://unpkg.com/maplibre-gl@%5E5.24/dist/maplibre-gl.js:41
[   17026ms] [WARNING] Image "multi" could not be loaded. Please make sure you have added the image with map.addImage() or a "sprite" property in your style. You can provide missing images by listening for the "styleimagemissing" map event. @ https://unpkg.com/maplibre-gl@%5E5.24/dist/maplibre-gl.js:41
[   17026ms] [WARNING] Image "gate" could not be loaded. Please make sure you have added the image with map.addImage() or a "sprite" property in your style. You can provide missing images by listening for the "styleimagemissing" map event. @ https://unpkg.com/maplibre-gl@%5E5.24/dist/maplibre-gl.js:41
[   17027ms] [WARNING] Image "swimming_pool" could not be loaded. Please make sure you have added the image with map.addImage() or a "sprite" property in your style. You can provide missing images by listening for the "styleimagemissing" map event. @ https://unpkg.com/maplibre-gl@%5E5.24/dist/maplibre-gl.js:41
[   17027ms] [WARNING] Image "bicycle_parking" could not be loaded. Please make sure you have added the image with map.addImage() or a "sprite" property in your style. You can provide missing images by listening for the "styleimagemissing" map event. @ https://unpkg.com/maplibre-gl@%5E5.24/dist/maplibre-gl.js:41
[   17731ms] [ERROR] Failed to load resource: the server responded with a status of 404 () @ https://data.lfmaps.fr/fonts/Open%20Sans%20Bold,Arial%20Unicode%20MS%20Bold/0-255.pbf:0
[   17959ms] [ERROR] Failed to load resource: the server responded with a status of 404 () @ https://data.lfmaps.fr/fonts/Open%20Sans%20Regular,Arial%20Unicode%20MS%20Regular/0-255.pbf:0
[   17974ms] [WARNING] Unable to load glyph range 0, 0-255. Rendering codepoint U+0041 locally instead. Error: AJAXError:  (404): https://data.lfmaps.fr/fonts/Open Sans Bold,Arial Unicode MS Bold/0-255.pbf @ https://unpkg.com/maplibre-gl@%5E5.24/dist/maplibre-gl.js:41
[   17974ms] [WARNING] Unable to load glyph range 0, 0-255. Rendering codepoint U+0043 locally instead. Error: AJAXError:  (404): https://data.lfmaps.fr/fonts/Open Sans Bold,Arial Unicode MS Bold/0-255.pbf @ https://unpkg.com/maplibre-gl@%5E5.24/dist/maplibre-gl.js:41
[   17975ms] [WARNING] Unable to load glyph range 0, 0-255. Rendering codepoint U+0044 locally instead. Error: AJAXError:  (404): https://data.lfmaps.fr/fonts/Open Sans Bold,Arial Unicode MS Bold/0-255.pbf @ https://unpkg.com/maplibre-gl@%5E5.24/dist/maplibre-gl.js:41
[   17975ms] [WARNING] Unable to load glyph range 0, 0-255. Rendering codepoint U+0045 locally instead. Error: AJAXError:  (404): https://data.lfmaps.fr/fonts/Open Sans Bold,Arial Unicode MS Bold/0-255.pbf @ https://unpkg.com/maplibre-gl@%5E5.24/dist/maplibre-gl.js:41
[   17975ms] [WARNING] Unable to load glyph range 0, 0-255. Rendering codepoint U+0047 locally instead. Error: AJAXError:  (404): https://data.lfmaps.fr/fonts/Open Sans Bold,Arial Unicode MS Bold/0-255.pbf @ https://unpkg.com/maplibre-gl@%5E5.24/dist/maplibre-gl.js:41
[   17975ms] [WARNING] Unable to load glyph range 0, 0-255. Rendering codepoint U+0048 locally instead. Error: AJAXError:  (404): https://data.lfmaps.fr/fonts/Open Sans Bold,Arial Unicode MS Bold/0-255.pbf @ https://unpkg.com/maplibre-gl@%5E5.24/dist/maplibre-gl.js:41
[   17976ms] [WARNING] Unable to load glyph range 0, 0-255. Rendering codepoint U+0049 locally instead. Error: AJAXError:  (404): https://data.lfmaps.fr/fonts/Open Sans Bold,Arial Unicode MS Bold/0-255.pbf @ https://unpkg.com/maplibre-gl@%5E5.24/dist/maplibre-gl.js:41
[   17976ms] [WARNING] Unable to load glyph range 0, 0-255. Rendering codepoint U+004C locally instead. Error: AJAXError:  (404): https://data.lfmaps.fr/fonts/Open Sans Bold,Arial Unicode MS Bold/0-255.pbf @ https://unpkg.com/maplibre-gl@%5E5.24/dist/maplibre-gl.js:41
[   17976ms] [WARNING] Unable to load glyph range 0, 0-255. Rendering codepoint U+004D locally instead. Error: AJAXError:  (404): https://data.lfmaps.fr/fonts/Open Sans Bold,Arial Unicode MS Bold/0-255.pbf @ https://unpkg.com/maplibre-gl@%5E5.24/dist/maplibre-gl.js:41
[   17976ms] [WARNING] Unable to load glyph range 0, 0-255. Rendering codepoint U+004E locally instead. Error: AJAXError:  (404): https://data.lfmaps.fr/fonts/Open Sans Bold,Arial Unicode MS Bold/0-255.pbf @ https://unpkg.com/maplibre-gl@%5E5.24/dist/maplibre-gl.js:41
[   17977ms] [WARNING] Unable to load glyph range 0, 0-255. Rendering codepoint U+004F locally instead. Error: AJAXError:  (404): https://data.lfmaps.fr/fonts/Open Sans Bold,Arial Unicode MS Bold/0-255.pbf @ https://unpkg.com/maplibre-gl@%5E5.24/dist/maplibre-gl.js:41
[   17977ms] [WARNING] Unable to load glyph range 0, 0-255. Rendering codepoint U+0050 locally instead. Error: AJAXError:  (404): https://data.lfmaps.fr/fonts/Open Sans Bold,Arial Unicode MS Bold/0-255.pbf @ https://unpkg.com/maplibre-gl@%5E5.24/dist/maplibre-gl.js:41
[   17977ms] [WARNING] Unable to load glyph range 0, 0-255. Rendering codepoint U+0052 locally instead. Error: AJAXError:  (404): https://data.lfmaps.fr/fonts/Open Sans Bold,Arial Unicode MS Bold/0-255.pbf @ https://unpkg.com/maplibre-gl@%5E5.24/dist/maplibre-gl.js:41
[   17978ms] [WARNING] Unable to load glyph range 0, 0-255. Rendering codepoint U+0053 locally instead. Error: AJAXError:  (404): https://data.lfmaps.fr/fonts/Open Sans Bold,Arial Unicode MS Bold/0-255.pbf @ https://unpkg.com/maplibre-gl@%5E5.24/dist/maplibre-gl.js:41
[   17978ms] [WARNING] Unable to load glyph range 0, 0-255. Rendering codepoint U+0059 locally instead. Error: AJAXError:  (404): https://data.lfmaps.fr/fonts/Open Sans Bold,Arial Unicode MS Bold/0-255.pbf @ https://unpkg.com/maplibre-gl@%5E5.24/dist/maplibre-gl.js:41
[   18000ms] [WARNING] Unable to load glyph range 0, 0-255. Rendering codepoint U+0030 locally instead. Error: AJAXError:  (404): https://data.lfmaps.fr/fonts/Open Sans Regular,Arial Unicode MS Regular/0-255.pbf @ https://unpkg.com/maplibre-gl@%5E5.24/dist/maplibre-gl.js:41
[   18000ms] [WARNING] Unable to load glyph range 0, 0-255. Rendering codepoint U+0031 locally instead. Error: AJAXError:  (404): https://data.lfmaps.fr/fonts/Open Sans Regular,Arial Unicode MS Regular/0-255.pbf @ https://unpkg.com/maplibre-gl@%5E5.24/dist/maplibre-gl.js:41
[   18001ms] [WARNING] Unable to load glyph range 0, 0-255. Rendering codepoint U+0032 locally instead. Error: AJAXError:  (404): https://data.lfmaps.fr/fonts/Open Sans Regular,Arial Unicode MS Regular/0-255.pbf @ https://unpkg.com/maplibre-gl@%5E5.24/dist/maplibre-gl.js:41
[   18001ms] [WARNING] Unable to load glyph range 0, 0-255. Rendering codepoint U+0033 locally instead. Error: AJAXError:  (404): https://data.lfmaps.fr/fonts/Open Sans Regular,Arial Unicode MS Regular/0-255.pbf @ https://unpkg.com/maplibre-gl@%5E5.24/dist/maplibre-gl.js:41
[   18001ms] [WARNING] Unable to load glyph range 0, 0-255. Rendering codepoint U+0034 locally instead. Error: AJAXError:  (404): https://data.lfmaps.fr/fonts/Open Sans Regular,Arial Unicode MS Regular/0-255.pbf @ https://unpkg.com/maplibre-gl@%5E5.24/dist/maplibre-gl.js:41
[   18001ms] [WARNING] Unable to load glyph range 0, 0-255. Rendering codepoint U+0035 locally instead. Error: AJAXError:  (404): https://data.lfmaps.fr/fonts/Open Sans Regular,Arial Unicode MS Regular/0-255.pbf @ https://unpkg.com/maplibre-gl@%5E5.24/dist/maplibre-gl.js:41
[   18001ms] [WARNING] Unable to load glyph range 0, 0-255. Rendering codepoint U+0036 locally instead. Error: AJAXError:  (404): https://data.lfmaps.fr/fonts/Open Sans Regular,Arial Unicode MS Regular/0-255.pbf @ https://unpkg.com/maplibre-gl@%5E5.24/dist/maplibre-gl.js:41
[   18002ms] [WARNING] Unable to load glyph range 0, 0-255. Rendering codepoint U+0037 locally instead. Error: AJAXError:  (404): https://data.lfmaps.fr/fonts/Open Sans Regular,Arial Unicode MS Regular/0-255.pbf @ https://unpkg.com/maplibre-gl@%5E5.24/dist/maplibre-gl.js:41
[   18002ms] [WARNING] Unable to load glyph range 0, 0-255. Rendering codepoint U+0038 locally instead. Error: AJAXError:  (404): https://data.lfmaps.fr/fonts/Open Sans Regular,Arial Unicode MS Regular/0-255.pbf @ https://unpkg.com/maplibre-gl@%5E5.24/dist/maplibre-gl.js:41
[   18002ms] [WARNING] Unable to load glyph range 0, 0-255. Rendering codepoint U+0039 locally instead. Error: AJAXError:  (404): https://data.lfmaps.fr/fonts/Open Sans Regular,Arial Unicode MS Regular/0-255.pbf @ https://unpkg.com/maplibre-gl@%5E5.24/dist/maplibre-gl.js:41
[   18002ms] [WARNING] Unable to load glyph range 0, 0-255. Rendering codepoint U+004E locally instead. Error: AJAXError:  (404): https://data.lfmaps.fr/fonts/Open Sans Regular,Arial Unicode MS Regular/0-255.pbf @ https://unpkg.com/maplibre-gl@%5E5.24/dist/maplibre-gl.js:41
[   18735ms] [ERROR] Failed to load resource: the server responded with a status of 404 () @ https://tiles.openfreemap.org/fonts/Open%20Sans%20Regular,Arial%20Unicode%20MS%20Regular/0-255.pbf:0
[   18735ms] [ERROR] Failed to load resource: the server responded with a status of 404 () @ https://tiles.openfreemap.org/fonts/Open%20Sans%20Bold,Arial%20Unicode%20MS%20Bold/0-255.pbf:0
[   18735ms] [ERROR] Failed to load resource: the server responded with a status of 404 () @ https://tiles.openfreemap.org/fonts/Open%20Sans%20Regular,Arial%20Unicode%20MS%20Regular/0-255.pbf:0
[   18736ms] [ERROR] Failed to load resource: the server responded with a status of 404 () @ https://tiles.openfreemap.org/fonts/Open%20Sans%20Bold,Arial%20Unicode%20MS%20Bold/0-255.pbf:0
[   18736ms] [ERROR] Failed to load resource: the server responded with a status of 404 () @ https://tiles.openfreemap.org/fonts/Open%20Sans%20Regular,Arial%20Unicode%20MS%20Regular/0-255.pbf:0
[   18736ms] [ERROR] Failed to load resource: the server responded with a status of 404 () @ https://tiles.openfreemap.org/fonts/Open%20Sans%20Bold,Arial%20Unicode%20MS%20Bold/0-255.pbf:0
[   18737ms] [WARNING] Unable to load glyph range 0, 0-255. Rendering codepoint U+0030 locally instead. Error: AJAXError:  (404): https://tiles.openfreemap.org/fonts/Open Sans Regular,Arial Unicode MS Regular/0-255.pbf @ https://unpkg.com/maplibre-gl@%5E5.24/dist/maplibre-gl.js:41
[   18737ms] [WARNING] Unable to load glyph range 0, 0-255. Rendering codepoint U+0031 locally instead. Error: AJAXError:  (404): https://tiles.openfreemap.org/fonts/Open Sans Regular,Arial Unicode MS Regular/0-255.pbf @ https://unpkg.com/maplibre-gl@%5E5.24/dist/maplibre-gl.js:41
[   18737ms] [WARNING] Unable to load glyph range 0, 0-255. Rendering codepoint U+0032 locally instead. Error: AJAXError:  (404): https://tiles.openfreemap.org/fonts/Open Sans Regular,Arial Unicode MS Regular/0-255.pbf @ https://unpkg.com/maplibre-gl@%5E5.24/dist/maplibre-gl.js:41
[   18737ms] [WARNING] Unable to load glyph range 0, 0-255. Rendering codepoint U+0033 locally instead. Error: AJAXError:  (404): https://tiles.openfreemap.org/fonts/Open Sans Regular,Arial Unicode MS Regular/0-255.pbf @ https://unpkg.com/maplibre-gl@%5E5.24/dist/maplibre-gl.js:41
[   18738ms] [WARNING] Unable to load glyph range 0, 0-255. Rendering codepoint U+0034 locally instead. Error: AJAXError:  (404): https://tiles.openfreemap.org/fonts/Open Sans Regular,Arial Unicode MS Regular/0-255.pbf @ https://unpkg.com/maplibre-gl@%5E5.24/dist/maplibre-gl.js:41
[   18738ms] [WARNING] Unable to load glyph range 0, 0-255. Rendering codepoint U+0035 locally instead. Error: AJAXError:  (404): https://tiles.openfreemap.org/fonts/Open Sans Regular,Arial Unicode MS Regular/0-255.pbf @ https://unpkg.com/maplibre-gl@%5E5.24/dist/maplibre-gl.js:41
[   18738ms] [WARNING] Unable to load glyph range 0, 0-255. Rendering codepoint U+0036 locally instead. Error: AJAXError:  (404): https://tiles.openfreemap.org/fonts/Open Sans Regular,Arial Unicode MS Regular/0-255.pbf @ https://unpkg.com/maplibre-gl@%5E5.24/dist/maplibre-gl.js:41
[   18738ms] [WARNING] Unable to load glyph range 0, 0-255. Rendering codepoint U+0037 locally instead. Error: AJAXError:  (404): https://tiles.openfreemap.org/fonts/Open Sans Regular,Arial Unicode MS Regular/0-255.pbf @ https://unpkg.com/maplibre-gl@%5E5.24/dist/maplibre-gl.js:41
[   18739ms] [WARNING] Unable to load glyph range 0, 0-255. Rendering codepoint U+0038 locally instead. Error: AJAXError:  (404): https://tiles.openfreemap.org/fonts/Open Sans Regular,Arial Unicode MS Regular/0-255.pbf @ https://unpkg.com/maplibre-gl@%5E5.24/dist/maplibre-gl.js:41
[   18739ms] [WARNING] Unable to load glyph range 0, 0-255. Rendering codepoint U+0039 locally instead. Error: AJAXError:  (404): https://tiles.openfreemap.org/fonts/Open Sans Regular,Arial Unicode MS Regular/0-255.pbf @ https://unpkg.com/maplibre-gl@%5E5.24/dist/maplibre-gl.js:41
[   18739ms] [WARNING] Unable to load glyph range 0, 0-255. Rendering codepoint U+004E locally instead. Error: AJAXError:  (404): https://tiles.openfreemap.org/fonts/Open Sans Regular,Arial Unicode MS Regular/0-255.pbf @ https://unpkg.com/maplibre-gl@%5E5.24/dist/maplibre-gl.js:41
[   18745ms] [WARNING] Unable to load glyph range 0, 0-255. Rendering codepoint U+0041 locally instead. Error: AJAXError:  (404): https://tiles.openfreemap.org/fonts/Open Sans Bold,Arial Unicode MS Bold/0-255.pbf @ https://unpkg.com/maplibre-gl@%5E5.24/dist/maplibre-gl.js:41
[   18745ms] [WARNING] Unable to load glyph range 0, 0-255. Rendering codepoint U+0043 locally instead. Error: AJAXError:  (404): https://tiles.openfreemap.org/fonts/Open Sans Bold,Arial Unicode MS Bold/0-255.pbf @ https://unpkg.com/maplibre-gl@%5E5.24/dist/maplibre-gl.js:41
[   18745ms] [WARNING] Unable to load glyph range 0, 0-255. Rendering codepoint U+0044 locally instead. Error: AJAXError:  (404): https://tiles.openfreemap.org/fonts/Open Sans Bold,Arial Unicode MS Bold/0-255.pbf @ https://unpkg.com/maplibre-gl@%5E5.24/dist/maplibre-gl.js:41
[   18745ms] [WARNING] Unable to load glyph range 0, 0-255. Rendering codepoint U+0045 locally instead. Error: AJAXError:  (404): https://tiles.openfreemap.org/fonts/Open Sans Bold,Arial Unicode MS Bold/0-255.pbf @ https://unpkg.com/maplibre-gl@%5E5.24/dist/maplibre-gl.js:41
[   18746ms] [WARNING] Unable to load glyph range 0, 0-255. Rendering codepoint U+0047 locally instead. Error: AJAXError:  (404): https://tiles.openfreemap.org/fonts/Open Sans Bold,Arial Unicode MS Bold/0-255.pbf @ https://unpkg.com/maplibre-gl@%5E5.24/dist/maplibre-gl.js:41
[   18746ms] [WARNING] Unable to load glyph range 0, 0-255. Rendering codepoint U+0048 locally instead. Error: AJAXError:  (404): https://tiles.openfreemap.org/fonts/Open Sans Bold,Arial Unicode MS Bold/0-255.pbf @ https://unpkg.com/maplibre-gl@%5E5.24/dist/maplibre-gl.js:41
[   18746ms] [WARNING] Unable to load glyph range 0, 0-255. Rendering codepoint U+0049 locally instead. Error: AJAXError:  (404): https://tiles.openfreemap.org/fonts/Open Sans Bold,Arial Unicode MS Bold/0-255.pbf @ https://unpkg.com/maplibre-gl@%5E5.24/dist/maplibre-gl.js:41
[   18747ms] [WARNING] Unable to load glyph range 0, 0-255. Rendering codepoint U+004C locally instead. Error: AJAXError:  (404): https://tiles.openfreemap.org/fonts/Open Sans Bold,Arial Unicode MS Bold/0-255.pbf @ https://unpkg.com/maplibre-gl@%5E5.24/dist/maplibre-gl.js:41
[   18747ms] [WARNING] Unable to load glyph range 0, 0-255. Rendering codepoint U+004D locally instead. Error: AJAXError:  (404): https://tiles.openfreemap.org/fonts/Open Sans Bold,Arial Unicode MS Bold/0-255.pbf @ https://unpkg.com/maplibre-gl@%5E5.24/dist/maplibre-gl.js:41
[   18747ms] [WARNING] Unable to load glyph range 0, 0-255. Rendering codepoint U+004E locally instead. Error: AJAXError:  (404): https://tiles.openfreemap.org/fonts/Open Sans Bold,Arial Unicode MS Bold/0-255.pbf @ https://unpkg.com/maplibre-gl@%5E5.24/dist/maplibre-gl.js:41
[   18748ms] [WARNING] Unable to load glyph range 0, 0-255. Rendering codepoint U+004F locally instead. Error: AJAXError:  (404): https://tiles.openfreemap.org/fonts/Open Sans Bold,Arial Unicode MS Bold/0-255.pbf @ https://unpkg.com/maplibre-gl@%5E5.24/dist/maplibre-gl.js:41
[   18748ms] [WARNING] Unable to load glyph range 0, 0-255. Rendering codepoint U+0050 locally instead. Error: AJAXError:  (404): https://tiles.openfreemap.org/fonts/Open Sans Bold,Arial Unicode MS Bold/0-255.pbf @ https://unpkg.com/maplibre-gl@%5E5.24/dist/maplibre-gl.js:41
[   18748ms] [WARNING] Unable to load glyph range 0, 0-255. Rendering codepoint U+0052 locally instead. Error: AJAXError:  (404): https://tiles.openfreemap.org/fonts/Open Sans Bold,Arial Unicode MS Bold/0-255.pbf @ https://unpkg.com/maplibre-gl@%5E5.24/dist/maplibre-gl.js:41
[   18748ms] [WARNING] Unable to load glyph range 0, 0-255. Rendering codepoint U+0053 locally instead. Error: AJAXError:  (404): https://tiles.openfreemap.org/fonts/Open Sans Bold,Arial Unicode MS Bold/0-255.pbf @ https://unpkg.com/maplibre-gl@%5E5.24/dist/maplibre-gl.js:41
[   18749ms] [WARNING] Unable to load glyph range 0, 0-255. Rendering codepoint U+0059 locally instead. Error: AJAXError:  (404): https://tiles.openfreemap.org/fonts/Open Sans Bold,Arial Unicode MS Bold/0-255.pbf @ https://unpkg.com/maplibre-gl@%5E5.24/dist/maplibre-gl.js:41
