[     788ms] Error: Minified React error #418; visit https://react.dev/errors/418?args[]=HTML&args[]= for the full message or use the non-minified dev environment for full errors and additional helpful warnings.
    at rX (https://navi-next.vercel.app/_next/static/chunks/3peubv2924kx4.js:1:47213)
    at iu (https://navi-next.vercel.app/_next/static/chunks/3peubv2924kx4.js:1:98254)
    at sd (https://navi-next.vercel.app/_next/static/chunks/3peubv2924kx4.js:1:138944)
    at https://navi-next.vercel.app/_next/static/chunks/3peubv2924kx4.js:1:133830
    at se (https://navi-next.vercel.app/_next/static/chunks/3peubv2924kx4.js:1:133931)
    at s$ (https://navi-next.vercel.app/_next/static/chunks/3peubv2924kx4.js:1:160495)
    at MessagePort.O (https://navi-next.vercel.app/_next/static/chunks/3peubv2924kx4.js:1:8660)
[    4847ms] [ERROR] TypeError: Cannot read properties of undefined (reading 'replace')
    at hR.url (https://navi-next.vercel.app/_next/static/chunks/261cq39jf3lqt.js:2:204093)
    at X.<anonymous> (https://navi-next.vercel.app/_next/static/chunks/261cq39jf3lqt.js:2:375971)
    at Generator.next (<anonymous>)
    at https://navi-next.vercel.app/_next/static/chunks/261cq39jf3lqt.js:1:817
    at new Promise (<anonymous>)
    at Object.b [as _] (https://navi-next.vercel.app/_next/static/chunks/261cq39jf3lqt.js:1:566)
    at X.loadTile (https://navi-next.vercel.app/_next/static/chunks/261cq39jf3lqt.js:2:375913)
    at eC.<anonymous> (https://navi-next.vercel.app/_next/static/chunks/261cq39jf3lqt.js:2:414638)
    at Generator.next (<anonymous>)
    at https://navi-next.vercel.app/_next/static/chunks/261cq39jf3lqt.js:1:817 @ https://navi-next.vercel.app/_next/static/chunks/261cq39jf3lqt.js:0
[    4847ms] [ERROR] TypeError: Cannot read properties of undefined (reading 'replace')
    at hR.url (https://navi-next.vercel.app/_next/static/chunks/261cq39jf3lqt.js:2:204093)
    at X.<anonymous> (https://navi-next.vercel.app/_next/static/chunks/261cq39jf3lqt.js:2:375971)
    at Generator.next (<anonymous>)
    at https://navi-next.vercel.app/_next/static/chunks/261cq39jf3lqt.js:1:817
    at new Promise (<anonymous>)
    at Object.b [as _] (https://navi-next.vercel.app/_next/static/chunks/261cq39jf3lqt.js:1:566)
    at X.loadTile (https://navi-next.vercel.app/_next/static/chunks/261cq39jf3lqt.js:2:375913)
    at eC.<anonymous> (https://navi-next.vercel.app/_next/static/chunks/261cq39jf3lqt.js:2:414638)
    at Generator.next (<anonymous>)
    at https://navi-next.vercel.app/_next/static/chunks/261cq39jf3lqt.js:1:817 @ https://navi-next.vercel.app/_next/static/chunks/261cq39jf3lqt.js:0
[    4847ms] [ERROR] TypeError: Cannot read properties of undefined (reading 'replace')
    at hR.url (https://navi-next.vercel.app/_next/static/chunks/261cq39jf3lqt.js:2:204093)
    at X.<anonymous> (https://navi-next.vercel.app/_next/static/chunks/261cq39jf3lqt.js:2:375971)
    at Generator.next (<anonymous>)
    at https://navi-next.vercel.app/_next/static/chunks/261cq39jf3lqt.js:1:817
    at new Promise (<anonymous>)
    at Object.b [as _] (https://navi-next.vercel.app/_next/static/chunks/261cq39jf3lqt.js:1:566)
    at X.loadTile (https://navi-next.vercel.app/_next/static/chunks/261cq39jf3lqt.js:2:375913)
    at eC.<anonymous> (https://navi-next.vercel.app/_next/static/chunks/261cq39jf3lqt.js:2:414638)
    at Generator.next (<anonymous>)
    at https://navi-next.vercel.app/_next/static/chunks/261cq39jf3lqt.js:1:817 @ https://navi-next.vercel.app/_next/static/chunks/261cq39jf3lqt.js:0
[    4847ms] [ERROR] TypeError: Cannot read properties of undefined (reading 'replace')
    at hR.url (https://navi-next.vercel.app/_next/static/chunks/261cq39jf3lqt.js:2:204093)
    at X.<anonymous> (https://navi-next.vercel.app/_next/static/chunks/261cq39jf3lqt.js:2:375971)
    at Generator.next (<anonymous>)
    at https://navi-next.vercel.app/_next/static/chunks/261cq39jf3lqt.js:1:817
    at new Promise (<anonymous>)
    at Object.b [as _] (https://navi-next.vercel.app/_next/static/chunks/261cq39jf3lqt.js:1:566)
    at X.loadTile (https://navi-next.vercel.app/_next/static/chunks/261cq39jf3lqt.js:2:375913)
    at eC.<anonymous> (https://navi-next.vercel.app/_next/static/chunks/261cq39jf3lqt.js:2:414638)
    at Generator.next (<anonymous>)
    at https://navi-next.vercel.app/_next/static/chunks/261cq39jf3lqt.js:1:817 @ https://navi-next.vercel.app/_next/static/chunks/261cq39jf3lqt.js:0
[    4848ms] [ERROR] TypeError: Cannot read properties of undefined (reading 'replace')
    at hR.url (https://navi-next.vercel.app/_next/static/chunks/261cq39jf3lqt.js:2:204093)
    at X.<anonymous> (https://navi-next.vercel.app/_next/static/chunks/261cq39jf3lqt.js:2:375971)
    at Generator.next (<anonymous>)
    at https://navi-next.vercel.app/_next/static/chunks/261cq39jf3lqt.js:1:817
    at new Promise (<anonymous>)
    at Object.b [as _] (https://navi-next.vercel.app/_next/static/chunks/261cq39jf3lqt.js:1:566)
    at X.loadTile (https://navi-next.vercel.app/_next/static/chunks/261cq39jf3lqt.js:2:375913)
    at eC.<anonymous> (https://navi-next.vercel.app/_next/static/chunks/261cq39jf3lqt.js:2:414638)
    at Generator.next (<anonymous>)
    at https://navi-next.vercel.app/_next/static/chunks/261cq39jf3lqt.js:1:817 @ https://navi-next.vercel.app/_next/static/chunks/261cq39jf3lqt.js:0
[    4848ms] [ERROR] TypeError: Cannot read properties of undefined (reading 'replace')
    at hR.url (https://navi-next.vercel.app/_next/static/chunks/261cq39jf3lqt.js:2:204093)
    at X.<anonymous> (https://navi-next.vercel.app/_next/static/chunks/261cq39jf3lqt.js:2:375971)
    at Generator.next (<anonymous>)
    at https://navi-next.vercel.app/_next/static/chunks/261cq39jf3lqt.js:1:817
    at new Promise (<anonymous>)
    at Object.b [as _] (https://navi-next.vercel.app/_next/static/chunks/261cq39jf3lqt.js:1:566)
    at X.loadTile (https://navi-next.vercel.app/_next/static/chunks/261cq39jf3lqt.js:2:375913)
    at eC.<anonymous> (https://navi-next.vercel.app/_next/static/chunks/261cq39jf3lqt.js:2:414638)
    at Generator.next (<anonymous>)
    at https://navi-next.vercel.app/_next/static/chunks/261cq39jf3lqt.js:1:817 @ https://navi-next.vercel.app/_next/static/chunks/261cq39jf3lqt.js:0
[    4848ms] [ERROR] TypeError: Cannot read properties of undefined (reading 'replace')
    at hR.url (https://navi-next.vercel.app/_next/static/chunks/261cq39jf3lqt.js:2:204093)
    at X.<anonymous> (https://navi-next.vercel.app/_next/static/chunks/261cq39jf3lqt.js:2:375971)
    at Generator.next (<anonymous>)
    at https://navi-next.vercel.app/_next/static/chunks/261cq39jf3lqt.js:1:817
    at new Promise (<anonymous>)
    at Object.b [as _] (https://navi-next.vercel.app/_next/static/chunks/261cq39jf3lqt.js:1:566)
    at X.loadTile (https://navi-next.vercel.app/_next/static/chunks/261cq39jf3lqt.js:2:375913)
    at eC.<anonymous> (https://navi-next.vercel.app/_next/static/chunks/261cq39jf3lqt.js:2:414638)
    at Generator.next (<anonymous>)
    at https://navi-next.vercel.app/_next/static/chunks/261cq39jf3lqt.js:1:817 @ https://navi-next.vercel.app/_next/static/chunks/261cq39jf3lqt.js:0
[    4848ms] [ERROR] TypeError: Cannot read properties of undefined (reading 'replace')
    at hR.url (https://navi-next.vercel.app/_next/static/chunks/261cq39jf3lqt.js:2:204093)
    at X.<anonymous> (https://navi-next.vercel.app/_next/static/chunks/261cq39jf3lqt.js:2:375971)
    at Generator.next (<anonymous>)
    at https://navi-next.vercel.app/_next/static/chunks/261cq39jf3lqt.js:1:817
    at new Promise (<anonymous>)
    at Object.b [as _] (https://navi-next.vercel.app/_next/static/chunks/261cq39jf3lqt.js:1:566)
    at X.loadTile (https://navi-next.vercel.app/_next/static/chunks/261cq39jf3lqt.js:2:375913)
    at eC.<anonymous> (https://navi-next.vercel.app/_next/static/chunks/261cq39jf3lqt.js:2:414638)
    at Generator.next (<anonymous>)
    at https://navi-next.vercel.app/_next/static/chunks/261cq39jf3lqt.js:1:817 @ https://navi-next.vercel.app/_next/static/chunks/261cq39jf3lqt.js:0
[    4848ms] [ERROR] TypeError: Cannot read properties of undefined (reading 'replace')
    at hR.url (https://navi-next.vercel.app/_next/static/chunks/261cq39jf3lqt.js:2:204093)
    at X.<anonymous> (https://navi-next.vercel.app/_next/static/chunks/261cq39jf3lqt.js:2:375971)
    at Generator.next (<anonymous>)
    at https://navi-next.vercel.app/_next/static/chunks/261cq39jf3lqt.js:1:817
    at new Promise (<anonymous>)
    at Object.b [as _] (https://navi-next.vercel.app/_next/static/chunks/261cq39jf3lqt.js:1:566)
    at X.loadTile (https://navi-next.vercel.app/_next/static/chunks/261cq39jf3lqt.js:2:375913)
    at eC.<anonymous> (https://navi-next.vercel.app/_next/static/chunks/261cq39jf3lqt.js:2:414638)
    at Generator.next (<anonymous>)
    at https://navi-next.vercel.app/_next/static/chunks/261cq39jf3lqt.js:1:817 @ https://navi-next.vercel.app/_next/static/chunks/261cq39jf3lqt.js:0
[    4848ms] [ERROR] TypeError: Cannot read properties of undefined (reading 'replace')
    at hR.url (https://navi-next.vercel.app/_next/static/chunks/261cq39jf3lqt.js:2:204093)
    at X.<anonymous> (https://navi-next.vercel.app/_next/static/chunks/261cq39jf3lqt.js:2:375971)
    at Generator.next (<anonymous>)
    at https://navi-next.vercel.app/_next/static/chunks/261cq39jf3lqt.js:1:817
    at new Promise (<anonymous>)
    at Object.b [as _] (https://navi-next.vercel.app/_next/static/chunks/261cq39jf3lqt.js:1:566)
    at X.loadTile (https://navi-next.vercel.app/_next/static/chunks/261cq39jf3lqt.js:2:375913)
    at eC.<anonymous> (https://navi-next.vercel.app/_next/static/chunks/261cq39jf3lqt.js:2:414638)
    at Generator.next (<anonymous>)
    at https://navi-next.vercel.app/_next/static/chunks/261cq39jf3lqt.js:1:817 @ https://navi-next.vercel.app/_next/static/chunks/261cq39jf3lqt.js:0
[    4848ms] [ERROR] TypeError: Cannot read properties of undefined (reading 'replace')
    at hR.url (https://navi-next.vercel.app/_next/static/chunks/261cq39jf3lqt.js:2:204093)
    at X.<anonymous> (https://navi-next.vercel.app/_next/static/chunks/261cq39jf3lqt.js:2:375971)
    at Generator.next (<anonymous>)
    at https://navi-next.vercel.app/_next/static/chunks/261cq39jf3lqt.js:1:817
    at new Promise (<anonymous>)
    at Object.b [as _] (https://navi-next.vercel.app/_next/static/chunks/261cq39jf3lqt.js:1:566)
    at X.loadTile (https://navi-next.vercel.app/_next/static/chunks/261cq39jf3lqt.js:2:375913)
    at eC.<anonymous> (https://navi-next.vercel.app/_next/static/chunks/261cq39jf3lqt.js:2:414638)
    at Generator.next (<anonymous>)
    at https://navi-next.vercel.app/_next/static/chunks/261cq39jf3lqt.js:1:817 @ https://navi-next.vercel.app/_next/static/chunks/261cq39jf3lqt.js:0
[    4848ms] [ERROR] TypeError: Cannot read properties of undefined (reading 'replace')
    at hR.url (https://navi-next.vercel.app/_next/static/chunks/261cq39jf3lqt.js:2:204093)
    at X.<anonymous> (https://navi-next.vercel.app/_next/static/chunks/261cq39jf3lqt.js:2:375971)
    at Generator.next (<anonymous>)
    at https://navi-next.vercel.app/_next/static/chunks/261cq39jf3lqt.js:1:817
    at new Promise (<anonymous>)
    at Object.b [as _] (https://navi-next.vercel.app/_next/static/chunks/261cq39jf3lqt.js:1:566)
    at X.loadTile (https://navi-next.vercel.app/_next/static/chunks/261cq39jf3lqt.js:2:375913)
    at eC.<anonymous> (https://navi-next.vercel.app/_next/static/chunks/261cq39jf3lqt.js:2:414638)
    at Generator.next (<anonymous>)
    at https://navi-next.vercel.app/_next/static/chunks/261cq39jf3lqt.js:1:817 @ https://navi-next.vercel.app/_next/static/chunks/261cq39jf3lqt.js:0
[    4848ms] [ERROR] TypeError: Cannot read properties of undefined (reading 'replace')
    at hR.url (https://navi-next.vercel.app/_next/static/chunks/261cq39jf3lqt.js:2:204093)
    at X.<anonymous> (https://navi-next.vercel.app/_next/static/chunks/261cq39jf3lqt.js:2:375971)
    at Generator.next (<anonymous>)
    at https://navi-next.vercel.app/_next/static/chunks/261cq39jf3lqt.js:1:817
    at new Promise (<anonymous>)
    at Object.b [as _] (https://navi-next.vercel.app/_next/static/chunks/261cq39jf3lqt.js:1:566)
    at X.loadTile (https://navi-next.vercel.app/_next/static/chunks/261cq39jf3lqt.js:2:375913)
    at eC.<anonymous> (https://navi-next.vercel.app/_next/static/chunks/261cq39jf3lqt.js:2:414638)
    at Generator.next (<anonymous>)
    at https://navi-next.vercel.app/_next/static/chunks/261cq39jf3lqt.js:1:817 @ https://navi-next.vercel.app/_next/static/chunks/261cq39jf3lqt.js:0
[    4849ms] [ERROR] TypeError: Cannot read properties of undefined (reading 'replace')
    at hR.url (https://navi-next.vercel.app/_next/static/chunks/261cq39jf3lqt.js:2:204093)
    at X.<anonymous> (https://navi-next.vercel.app/_next/static/chunks/261cq39jf3lqt.js:2:375971)
    at Generator.next (<anonymous>)
    at https://navi-next.vercel.app/_next/static/chunks/261cq39jf3lqt.js:1:817
    at new Promise (<anonymous>)
    at Object.b [as _] (https://navi-next.vercel.app/_next/static/chunks/261cq39jf3lqt.js:1:566)
    at X.loadTile (https://navi-next.vercel.app/_next/static/chunks/261cq39jf3lqt.js:2:375913)
    at eC.<anonymous> (https://navi-next.vercel.app/_next/static/chunks/261cq39jf3lqt.js:2:414638)
    at Generator.next (<anonymous>)
    at https://navi-next.vercel.app/_next/static/chunks/261cq39jf3lqt.js:1:817 @ https://navi-next.vercel.app/_next/static/chunks/261cq39jf3lqt.js:0
[    4849ms] [ERROR] TypeError: Cannot read properties of undefined (reading 'replace')
    at hR.url (https://navi-next.vercel.app/_next/static/chunks/261cq39jf3lqt.js:2:204093)
    at X.<anonymous> (https://navi-next.vercel.app/_next/static/chunks/261cq39jf3lqt.js:2:375971)
    at Generator.next (<anonymous>)
    at https://navi-next.vercel.app/_next/static/chunks/261cq39jf3lqt.js:1:817
    at new Promise (<anonymous>)
    at Object.b [as _] (https://navi-next.vercel.app/_next/static/chunks/261cq39jf3lqt.js:1:566)
    at X.loadTile (https://navi-next.vercel.app/_next/static/chunks/261cq39jf3lqt.js:2:375913)
    at eC.<anonymous> (https://navi-next.vercel.app/_next/static/chunks/261cq39jf3lqt.js:2:414638)
    at Generator.next (<anonymous>)
    at https://navi-next.vercel.app/_next/static/chunks/261cq39jf3lqt.js:1:817 @ https://navi-next.vercel.app/_next/static/chunks/261cq39jf3lqt.js:0
[    4849ms] [ERROR] TypeError: Cannot read properties of undefined (reading 'replace')
    at hR.url (https://navi-next.vercel.app/_next/static/chunks/261cq39jf3lqt.js:2:204093)
    at X.<anonymous> (https://navi-next.vercel.app/_next/static/chunks/261cq39jf3lqt.js:2:375971)
    at Generator.next (<anonymous>)
    at https://navi-next.vercel.app/_next/static/chunks/261cq39jf3lqt.js:1:817
    at new Promise (<anonymous>)
    at Object.b [as _] (https://navi-next.vercel.app/_next/static/chunks/261cq39jf3lqt.js:1:566)
    at X.loadTile (https://navi-next.vercel.app/_next/static/chunks/261cq39jf3lqt.js:2:375913)
    at eC.<anonymous> (https://navi-next.vercel.app/_next/static/chunks/261cq39jf3lqt.js:2:414638)
    at Generator.next (<anonymous>)
    at https://navi-next.vercel.app/_next/static/chunks/261cq39jf3lqt.js:1:817 @ https://navi-next.vercel.app/_next/static/chunks/261cq39jf3lqt.js:0
[    4849ms] [ERROR] TypeError: Cannot read properties of undefined (reading 'replace')
    at hR.url (https://navi-next.vercel.app/_next/static/chunks/261cq39jf3lqt.js:2:204093)
    at X.<anonymous> (https://navi-next.vercel.app/_next/static/chunks/261cq39jf3lqt.js:2:375971)
    at Generator.next (<anonymous>)
    at https://navi-next.vercel.app/_next/static/chunks/261cq39jf3lqt.js:1:817
    at new Promise (<anonymous>)
    at Object.b [as _] (https://navi-next.vercel.app/_next/static/chunks/261cq39jf3lqt.js:1:566)
    at X.loadTile (https://navi-next.vercel.app/_next/static/chunks/261cq39jf3lqt.js:2:375913)
    at eC.<anonymous> (https://navi-next.vercel.app/_next/static/chunks/261cq39jf3lqt.js:2:414638)
    at Generator.next (<anonymous>)
    at https://navi-next.vercel.app/_next/static/chunks/261cq39jf3lqt.js:1:817 @ https://navi-next.vercel.app/_next/static/chunks/261cq39jf3lqt.js:0
[    4849ms] [ERROR] TypeError: Cannot read properties of undefined (reading 'replace')
    at hR.url (https://navi-next.vercel.app/_next/static/chunks/261cq39jf3lqt.js:2:204093)
    at X.<anonymous> (https://navi-next.vercel.app/_next/static/chunks/261cq39jf3lqt.js:2:375971)
    at Generator.next (<anonymous>)
    at https://navi-next.vercel.app/_next/static/chunks/261cq39jf3lqt.js:1:817
    at new Promise (<anonymous>)
    at Object.b [as _] (https://navi-next.vercel.app/_next/static/chunks/261cq39jf3lqt.js:1:566)
    at X.loadTile (https://navi-next.vercel.app/_next/static/chunks/261cq39jf3lqt.js:2:375913)
    at eC.<anonymous> (https://navi-next.vercel.app/_next/static/chunks/261cq39jf3lqt.js:2:414638)
    at Generator.next (<anonymous>)
    at https://navi-next.vercel.app/_next/static/chunks/261cq39jf3lqt.js:1:817 @ https://navi-next.vercel.app/_next/static/chunks/261cq39jf3lqt.js:0
[    4849ms] [ERROR] TypeError: Cannot read properties of undefined (reading 'replace')
    at hR.url (https://navi-next.vercel.app/_next/static/chunks/261cq39jf3lqt.js:2:204093)
    at X.<anonymous> (https://navi-next.vercel.app/_next/static/chunks/261cq39jf3lqt.js:2:375971)
    at Generator.next (<anonymous>)
    at https://navi-next.vercel.app/_next/static/chunks/261cq39jf3lqt.js:1:817
    at new Promise (<anonymous>)
    at Object.b [as _] (https://navi-next.vercel.app/_next/static/chunks/261cq39jf3lqt.js:1:566)
    at X.loadTile (https://navi-next.vercel.app/_next/static/chunks/261cq39jf3lqt.js:2:375913)
    at eC.<anonymous> (https://navi-next.vercel.app/_next/static/chunks/261cq39jf3lqt.js:2:414638)
    at Generator.next (<anonymous>)
    at https://navi-next.vercel.app/_next/static/chunks/261cq39jf3lqt.js:1:817 @ https://navi-next.vercel.app/_next/static/chunks/261cq39jf3lqt.js:0
[    4849ms] [ERROR] TypeError: Cannot read properties of undefined (reading 'replace')
    at hR.url (https://navi-next.vercel.app/_next/static/chunks/261cq39jf3lqt.js:2:204093)
    at X.<anonymous> (https://navi-next.vercel.app/_next/static/chunks/261cq39jf3lqt.js:2:375971)
    at Generator.next (<anonymous>)
    at https://navi-next.vercel.app/_next/static/chunks/261cq39jf3lqt.js:1:817
    at new Promise (<anonymous>)
    at Object.b [as _] (https://navi-next.vercel.app/_next/static/chunks/261cq39jf3lqt.js:1:566)
    at X.loadTile (https://navi-next.vercel.app/_next/static/chunks/261cq39jf3lqt.js:2:375913)
    at eC.<anonymous> (https://navi-next.vercel.app/_next/static/chunks/261cq39jf3lqt.js:2:414638)
    at Generator.next (<anonymous>)
    at https://navi-next.vercel.app/_next/static/chunks/261cq39jf3lqt.js:1:817 @ https://navi-next.vercel.app/_next/static/chunks/261cq39jf3lqt.js:0
[    4849ms] [ERROR] TypeError: Cannot read properties of undefined (reading 'replace')
    at hR.url (https://navi-next.vercel.app/_next/static/chunks/261cq39jf3lqt.js:2:204093)
    at X.<anonymous> (https://navi-next.vercel.app/_next/static/chunks/261cq39jf3lqt.js:2:375971)
    at Generator.next (<anonymous>)
    at https://navi-next.vercel.app/_next/static/chunks/261cq39jf3lqt.js:1:817
    at new Promise (<anonymous>)
    at Object.b [as _] (https://navi-next.vercel.app/_next/static/chunks/261cq39jf3lqt.js:1:566)
    at X.loadTile (https://navi-next.vercel.app/_next/static/chunks/261cq39jf3lqt.js:2:375913)
    at eC.<anonymous> (https://navi-next.vercel.app/_next/static/chunks/261cq39jf3lqt.js:2:414638)
    at Generator.next (<anonymous>)
    at https://navi-next.vercel.app/_next/static/chunks/261cq39jf3lqt.js:1:817 @ https://navi-next.vercel.app/_next/static/chunks/261cq39jf3lqt.js:0
[    4849ms] [ERROR] TypeError: Cannot read properties of undefined (reading 'replace')
    at hR.url (https://navi-next.vercel.app/_next/static/chunks/261cq39jf3lqt.js:2:204093)
    at X.<anonymous> (https://navi-next.vercel.app/_next/static/chunks/261cq39jf3lqt.js:2:375971)
    at Generator.next (<anonymous>)
    at https://navi-next.vercel.app/_next/static/chunks/261cq39jf3lqt.js:1:817
    at new Promise (<anonymous>)
    at Object.b [as _] (https://navi-next.vercel.app/_next/static/chunks/261cq39jf3lqt.js:1:566)
    at X.loadTile (https://navi-next.vercel.app/_next/static/chunks/261cq39jf3lqt.js:2:375913)
    at eC.<anonymous> (https://navi-next.vercel.app/_next/static/chunks/261cq39jf3lqt.js:2:414638)
    at Generator.next (<anonymous>)
    at https://navi-next.vercel.app/_next/static/chunks/261cq39jf3lqt.js:1:817 @ https://navi-next.vercel.app/_next/static/chunks/261cq39jf3lqt.js:0
[    4850ms] [ERROR] TypeError: Cannot read properties of undefined (reading 'replace')
    at hR.url (https://navi-next.vercel.app/_next/static/chunks/261cq39jf3lqt.js:2:204093)
    at X.<anonymous> (https://navi-next.vercel.app/_next/static/chunks/261cq39jf3lqt.js:2:375971)
    at Generator.next (<anonymous>)
    at https://navi-next.vercel.app/_next/static/chunks/261cq39jf3lqt.js:1:817
    at new Promise (<anonymous>)
    at Object.b [as _] (https://navi-next.vercel.app/_next/static/chunks/261cq39jf3lqt.js:1:566)
    at X.loadTile (https://navi-next.vercel.app/_next/static/chunks/261cq39jf3lqt.js:2:375913)
    at eC.<anonymous> (https://navi-next.vercel.app/_next/static/chunks/261cq39jf3lqt.js:2:414638)
    at Generator.next (<anonymous>)
    at https://navi-next.vercel.app/_next/static/chunks/261cq39jf3lqt.js:1:817 @ https://navi-next.vercel.app/_next/static/chunks/261cq39jf3lqt.js:0
[    4850ms] [ERROR] TypeError: Cannot read properties of undefined (reading 'replace')
    at hR.url (https://navi-next.vercel.app/_next/static/chunks/261cq39jf3lqt.js:2:204093)
    at X.<anonymous> (https://navi-next.vercel.app/_next/static/chunks/261cq39jf3lqt.js:2:375971)
    at Generator.next (<anonymous>)
    at https://navi-next.vercel.app/_next/static/chunks/261cq39jf3lqt.js:1:817
    at new Promise (<anonymous>)
    at Object.b [as _] (https://navi-next.vercel.app/_next/static/chunks/261cq39jf3lqt.js:1:566)
    at X.loadTile (https://navi-next.vercel.app/_next/static/chunks/261cq39jf3lqt.js:2:375913)
    at eC.<anonymous> (https://navi-next.vercel.app/_next/static/chunks/261cq39jf3lqt.js:2:414638)
    at Generator.next (<anonymous>)
    at https://navi-next.vercel.app/_next/static/chunks/261cq39jf3lqt.js:1:817 @ https://navi-next.vercel.app/_next/static/chunks/261cq39jf3lqt.js:0
[    4850ms] [ERROR] TypeError: Cannot read properties of undefined (reading 'replace')
    at hR.url (https://navi-next.vercel.app/_next/static/chunks/261cq39jf3lqt.js:2:204093)
    at X.<anonymous> (https://navi-next.vercel.app/_next/static/chunks/261cq39jf3lqt.js:2:375971)
    at Generator.next (<anonymous>)
    at https://navi-next.vercel.app/_next/static/chunks/261cq39jf3lqt.js:1:817
    at new Promise (<anonymous>)
    at Object.b [as _] (https://navi-next.vercel.app/_next/static/chunks/261cq39jf3lqt.js:1:566)
    at X.loadTile (https://navi-next.vercel.app/_next/static/chunks/261cq39jf3lqt.js:2:375913)
    at eC.<anonymous> (https://navi-next.vercel.app/_next/static/chunks/261cq39jf3lqt.js:2:414638)
    at Generator.next (<anonymous>)
    at https://navi-next.vercel.app/_next/static/chunks/261cq39jf3lqt.js:1:817 @ https://navi-next.vercel.app/_next/static/chunks/261cq39jf3lqt.js:0
[    4850ms] [ERROR] TypeError: Cannot read properties of undefined (reading 'replace')
    at hR.url (https://navi-next.vercel.app/_next/static/chunks/261cq39jf3lqt.js:2:204093)
    at X.<anonymous> (https://navi-next.vercel.app/_next/static/chunks/261cq39jf3lqt.js:2:375971)
    at Generator.next (<anonymous>)
    at https://navi-next.vercel.app/_next/static/chunks/261cq39jf3lqt.js:1:817
    at new Promise (<anonymous>)
    at Object.b [as _] (https://navi-next.vercel.app/_next/static/chunks/261cq39jf3lqt.js:1:566)
    at X.loadTile (https://navi-next.vercel.app/_next/static/chunks/261cq39jf3lqt.js:2:375913)
    at eC.<anonymous> (https://navi-next.vercel.app/_next/static/chunks/261cq39jf3lqt.js:2:414638)
    at Generator.next (<anonymous>)
    at https://navi-next.vercel.app/_next/static/chunks/261cq39jf3lqt.js:1:817 @ https://navi-next.vercel.app/_next/static/chunks/261cq39jf3lqt.js:0
[    4850ms] [ERROR] TypeError: Cannot read properties of undefined (reading 'replace')
    at hR.url (https://navi-next.vercel.app/_next/static/chunks/261cq39jf3lqt.js:2:204093)
    at X.<anonymous> (https://navi-next.vercel.app/_next/static/chunks/261cq39jf3lqt.js:2:375971)
    at Generator.next (<anonymous>)
    at https://navi-next.vercel.app/_next/static/chunks/261cq39jf3lqt.js:1:817
    at new Promise (<anonymous>)
    at Object.b [as _] (https://navi-next.vercel.app/_next/static/chunks/261cq39jf3lqt.js:1:566)
    at X.loadTile (https://navi-next.vercel.app/_next/static/chunks/261cq39jf3lqt.js:2:375913)
    at eC.<anonymous> (https://navi-next.vercel.app/_next/static/chunks/261cq39jf3lqt.js:2:414638)
    at Generator.next (<anonymous>)
    at https://navi-next.vercel.app/_next/static/chunks/261cq39jf3lqt.js:1:817 @ https://navi-next.vercel.app/_next/static/chunks/261cq39jf3lqt.js:0
[    4850ms] [ERROR] TypeError: Cannot read properties of undefined (reading 'replace')
    at hR.url (https://navi-next.vercel.app/_next/static/chunks/261cq39jf3lqt.js:2:204093)
    at X.<anonymous> (https://navi-next.vercel.app/_next/static/chunks/261cq39jf3lqt.js:2:375971)
    at Generator.next (<anonymous>)
    at https://navi-next.vercel.app/_next/static/chunks/261cq39jf3lqt.js:1:817
    at new Promise (<anonymous>)
    at Object.b [as _] (https://navi-next.vercel.app/_next/static/chunks/261cq39jf3lqt.js:1:566)
    at X.loadTile (https://navi-next.vercel.app/_next/static/chunks/261cq39jf3lqt.js:2:375913)
    at eC.<anonymous> (https://navi-next.vercel.app/_next/static/chunks/261cq39jf3lqt.js:2:414638)
    at Generator.next (<anonymous>)
    at https://navi-next.vercel.app/_next/static/chunks/261cq39jf3lqt.js:1:817 @ https://navi-next.vercel.app/_next/static/chunks/261cq39jf3lqt.js:0
[    4850ms] [ERROR] TypeError: Cannot read properties of undefined (reading 'replace')
    at hR.url (https://navi-next.vercel.app/_next/static/chunks/261cq39jf3lqt.js:2:204093)
    at X.<anonymous> (https://navi-next.vercel.app/_next/static/chunks/261cq39jf3lqt.js:2:375971)
    at Generator.next (<anonymous>)
    at https://navi-next.vercel.app/_next/static/chunks/261cq39jf3lqt.js:1:817
    at new Promise (<anonymous>)
    at Object.b [as _] (https://navi-next.vercel.app/_next/static/chunks/261cq39jf3lqt.js:1:566)
    at X.loadTile (https://navi-next.vercel.app/_next/static/chunks/261cq39jf3lqt.js:2:375913)
    at eC.<anonymous> (https://navi-next.vercel.app/_next/static/chunks/261cq39jf3lqt.js:2:414638)
    at Generator.next (<anonymous>)
    at https://navi-next.vercel.app/_next/static/chunks/261cq39jf3lqt.js:1:817 @ https://navi-next.vercel.app/_next/static/chunks/261cq39jf3lqt.js:0
[    4850ms] [ERROR] TypeError: Cannot read properties of undefined (reading 'replace')
    at hR.url (https://navi-next.vercel.app/_next/static/chunks/261cq39jf3lqt.js:2:204093)
    at X.<anonymous> (https://navi-next.vercel.app/_next/static/chunks/261cq39jf3lqt.js:2:375971)
    at Generator.next (<anonymous>)
    at https://navi-next.vercel.app/_next/static/chunks/261cq39jf3lqt.js:1:817
    at new Promise (<anonymous>)
    at Object.b [as _] (https://navi-next.vercel.app/_next/static/chunks/261cq39jf3lqt.js:1:566)
    at X.loadTile (https://navi-next.vercel.app/_next/static/chunks/261cq39jf3lqt.js:2:375913)
    at eC.<anonymous> (https://navi-next.vercel.app/_next/static/chunks/261cq39jf3lqt.js:2:414638)
    at Generator.next (<anonymous>)
    at https://navi-next.vercel.app/_next/static/chunks/261cq39jf3lqt.js:1:817 @ https://navi-next.vercel.app/_next/static/chunks/261cq39jf3lqt.js:0
[    4850ms] [ERROR] TypeError: Cannot read properties of undefined (reading 'replace')
    at hR.url (https://navi-next.vercel.app/_next/static/chunks/261cq39jf3lqt.js:2:204093)
    at X.<anonymous> (https://navi-next.vercel.app/_next/static/chunks/261cq39jf3lqt.js:2:375971)
    at Generator.next (<anonymous>)
    at https://navi-next.vercel.app/_next/static/chunks/261cq39jf3lqt.js:1:817
    at new Promise (<anonymous>)
    at Object.b [as _] (https://navi-next.vercel.app/_next/static/chunks/261cq39jf3lqt.js:1:566)
    at X.loadTile (https://navi-next.vercel.app/_next/static/chunks/261cq39jf3lqt.js:2:375913)
    at eC.<anonymous> (https://navi-next.vercel.app/_next/static/chunks/261cq39jf3lqt.js:2:414638)
    at Generator.next (<anonymous>)
    at https://navi-next.vercel.app/_next/static/chunks/261cq39jf3lqt.js:1:817 @ https://navi-next.vercel.app/_next/static/chunks/261cq39jf3lqt.js:0
[    4851ms] [ERROR] TypeError: Cannot read properties of undefined (reading 'replace')
    at hR.url (https://navi-next.vercel.app/_next/static/chunks/261cq39jf3lqt.js:2:204093)
    at X.<anonymous> (https://navi-next.vercel.app/_next/static/chunks/261cq39jf3lqt.js:2:375971)
    at Generator.next (<anonymous>)
    at https://navi-next.vercel.app/_next/static/chunks/261cq39jf3lqt.js:1:817
    at new Promise (<anonymous>)
    at Object.b [as _] (https://navi-next.vercel.app/_next/static/chunks/261cq39jf3lqt.js:1:566)
    at X.loadTile (https://navi-next.vercel.app/_next/static/chunks/261cq39jf3lqt.js:2:375913)
    at eC.<anonymous> (https://navi-next.vercel.app/_next/static/chunks/261cq39jf3lqt.js:2:414638)
    at Generator.next (<anonymous>)
    at https://navi-next.vercel.app/_next/static/chunks/261cq39jf3lqt.js:1:817 @ https://navi-next.vercel.app/_next/static/chunks/261cq39jf3lqt.js:0
[    4851ms] [ERROR] TypeError: Cannot read properties of undefined (reading 'replace')
    at hR.url (https://navi-next.vercel.app/_next/static/chunks/261cq39jf3lqt.js:2:204093)
    at X.<anonymous> (https://navi-next.vercel.app/_next/static/chunks/261cq39jf3lqt.js:2:375971)
    at Generator.next (<anonymous>)
    at https://navi-next.vercel.app/_next/static/chunks/261cq39jf3lqt.js:1:817
    at new Promise (<anonymous>)
    at Object.b [as _] (https://navi-next.vercel.app/_next/static/chunks/261cq39jf3lqt.js:1:566)
    at X.loadTile (https://navi-next.vercel.app/_next/static/chunks/261cq39jf3lqt.js:2:375913)
    at eC.<anonymous> (https://navi-next.vercel.app/_next/static/chunks/261cq39jf3lqt.js:2:414638)
    at Generator.next (<anonymous>)
    at https://navi-next.vercel.app/_next/static/chunks/261cq39jf3lqt.js:1:817 @ https://navi-next.vercel.app/_next/static/chunks/261cq39jf3lqt.js:0
