[   21071ms] [ERROR] Access to fetch at 'https://tile.openstreetmap.org/20/880135/489618.png' from origin 'https://navi-next.vercel.app' has been blocked by CORS policy: No 'Access-Control-Allow-Origin' header is present on the requested resource. @ https://navi-next.vercel.app/studio/map-1782480639497-sb96j/edit:0
[   21071ms] [ERROR] Failed to load resource: net::ERR_FAILED @ https://tile.openstreetmap.org/20/880135/489618.png:0
[   21074ms] [ERROR] eZ: AJAXError: Failed to fetch (0): https://tile.openstreetmap.org/20/880135/489618.png
    at https://navi-next.vercel.app/_next/static/chunks/261cq39jf3lqt.js:1:10566
    at Generator.throw (<anonymous>)
    at l (https://navi-next.vercel.app/_next/static/chunks/261cq39jf3lqt.js:1:673) @ https://navi-next.vercel.app/_next/static/chunks/261cq39jf3lqt.js:0
[   21074ms] [ERROR] Access to fetch at 'https://tile.openstreetmap.org/20/880135/489617.png' from origin 'https://navi-next.vercel.app' has been blocked by CORS policy: No 'Access-Control-Allow-Origin' header is present on the requested resource. @ https://navi-next.vercel.app/studio/map-1782480639497-sb96j/edit:0
[   21075ms] [ERROR] Failed to load resource: net::ERR_FAILED @ https://tile.openstreetmap.org/20/880135/489617.png:0
[   21076ms] [ERROR] eZ: AJAXError: Failed to fetch (0): https://tile.openstreetmap.org/20/880135/489617.png
    at https://navi-next.vercel.app/_next/static/chunks/261cq39jf3lqt.js:1:10566
    at Generator.throw (<anonymous>)
    at l (https://navi-next.vercel.app/_next/static/chunks/261cq39jf3lqt.js:1:673) @ https://navi-next.vercel.app/_next/static/chunks/261cq39jf3lqt.js:0
[   21077ms] [ERROR] Access to fetch at 'https://tile.openstreetmap.org/20/880136/489618.png' from origin 'https://navi-next.vercel.app' has been blocked by CORS policy: No 'Access-Control-Allow-Origin' header is present on the requested resource. @ https://navi-next.vercel.app/studio/map-1782480639497-sb96j/edit:0
[   21077ms] [ERROR] Failed to load resource: net::ERR_FAILED @ https://tile.openstreetmap.org/20/880136/489618.png:0
[   21077ms] [ERROR] eZ: AJAXError: Failed to fetch (0): https://tile.openstreetmap.org/20/880136/489618.png
    at https://navi-next.vercel.app/_next/static/chunks/261cq39jf3lqt.js:1:10566
    at Generator.throw (<anonymous>)
    at l (https://navi-next.vercel.app/_next/static/chunks/261cq39jf3lqt.js:1:673) @ https://navi-next.vercel.app/_next/static/chunks/261cq39jf3lqt.js:0
[   21078ms] [ERROR] Access to fetch at 'https://tile.openstreetmap.org/20/880134/489618.png' from origin 'https://navi-next.vercel.app' has been blocked by CORS policy: No 'Access-Control-Allow-Origin' header is present on the requested resource. @ https://navi-next.vercel.app/studio/map-1782480639497-sb96j/edit:0
[   21078ms] [ERROR] Failed to load resource: net::ERR_FAILED @ https://tile.openstreetmap.org/20/880134/489618.png:0
[   21078ms] [ERROR] eZ: AJAXError: Failed to fetch (0): https://tile.openstreetmap.org/20/880134/489618.png
    at https://navi-next.vercel.app/_next/static/chunks/261cq39jf3lqt.js:1:10566
    at Generator.throw (<anonymous>)
    at l (https://navi-next.vercel.app/_next/static/chunks/261cq39jf3lqt.js:1:673) @ https://navi-next.vercel.app/_next/static/chunks/261cq39jf3lqt.js:0
[   21078ms] [ERROR] Access to fetch at 'https://tile.openstreetmap.org/20/880136/489617.png' from origin 'https://navi-next.vercel.app' has been blocked by CORS policy: No 'Access-Control-Allow-Origin' header is present on the requested resource. @ https://navi-next.vercel.app/studio/map-1782480639497-sb96j/edit:0
[   21078ms] [ERROR] Failed to load resource: net::ERR_FAILED @ https://tile.openstreetmap.org/20/880136/489617.png:0
[   21078ms] [ERROR] eZ: AJAXError: Failed to fetch (0): https://tile.openstreetmap.org/20/880136/489617.png
    at https://navi-next.vercel.app/_next/static/chunks/261cq39jf3lqt.js:1:10566
    at Generator.throw (<anonymous>)
    at l (https://navi-next.vercel.app/_next/static/chunks/261cq39jf3lqt.js:1:673) @ https://navi-next.vercel.app/_next/static/chunks/261cq39jf3lqt.js:0
[   21078ms] [ERROR] Access to fetch at 'https://tile.openstreetmap.org/20/880134/489617.png' from origin 'https://navi-next.vercel.app' has been blocked by CORS policy: No 'Access-Control-Allow-Origin' header is present on the requested resource. @ https://navi-next.vercel.app/studio/map-1782480639497-sb96j/edit:0
[   21079ms] [ERROR] Failed to load resource: net::ERR_FAILED @ https://tile.openstreetmap.org/20/880134/489617.png:0
[   21079ms] [ERROR] eZ: AJAXError: Failed to fetch (0): https://tile.openstreetmap.org/20/880134/489617.png
    at https://navi-next.vercel.app/_next/static/chunks/261cq39jf3lqt.js:1:10566
    at Generator.throw (<anonymous>)
    at l (https://navi-next.vercel.app/_next/static/chunks/261cq39jf3lqt.js:1:673) @ https://navi-next.vercel.app/_next/static/chunks/261cq39jf3lqt.js:0
[   21079ms] [ERROR] Access to fetch at 'https://tile.openstreetmap.org/20/880136/489619.png' from origin 'https://navi-next.vercel.app' has been blocked by CORS policy: No 'Access-Control-Allow-Origin' header is present on the requested resource. @ https://navi-next.vercel.app/studio/map-1782480639497-sb96j/edit:0
[   21079ms] [ERROR] Failed to load resource: net::ERR_FAILED @ https://tile.openstreetmap.org/20/880136/489619.png:0
[   21079ms] [ERROR] eZ: AJAXError: Failed to fetch (0): https://tile.openstreetmap.org/20/880136/489619.png
    at https://navi-next.vercel.app/_next/static/chunks/261cq39jf3lqt.js:1:10566
    at Generator.throw (<anonymous>)
    at l (https://navi-next.vercel.app/_next/static/chunks/261cq39jf3lqt.js:1:673) @ https://navi-next.vercel.app/_next/static/chunks/261cq39jf3lqt.js:0
[   21079ms] [ERROR] Access to fetch at 'https://tile.openstreetmap.org/20/880135/489619.png' from origin 'https://navi-next.vercel.app' has been blocked by CORS policy: No 'Access-Control-Allow-Origin' header is present on the requested resource. @ https://navi-next.vercel.app/studio/map-1782480639497-sb96j/edit:0
[   21079ms] [ERROR] Failed to load resource: net::ERR_FAILED @ https://tile.openstreetmap.org/20/880135/489619.png:0
[   21079ms] [ERROR] eZ: AJAXError: Failed to fetch (0): https://tile.openstreetmap.org/20/880135/489619.png
    at https://navi-next.vercel.app/_next/static/chunks/261cq39jf3lqt.js:1:10566
    at Generator.throw (<anonymous>)
    at l (https://navi-next.vercel.app/_next/static/chunks/261cq39jf3lqt.js:1:673) @ https://navi-next.vercel.app/_next/static/chunks/261cq39jf3lqt.js:0
[   23074ms] [ERROR] Access to fetch at 'https://tile.openstreetmap.org/20/880134/489619.png' from origin 'https://navi-next.vercel.app' has been blocked by CORS policy: No 'Access-Control-Allow-Origin' header is present on the requested resource. @ https://navi-next.vercel.app/studio/map-1782480639497-sb96j/edit:0
[   23074ms] [ERROR] Failed to load resource: net::ERR_FAILED @ https://tile.openstreetmap.org/20/880134/489619.png:0
[   23074ms] [ERROR] eZ: AJAXError: Failed to fetch (0): https://tile.openstreetmap.org/20/880134/489619.png
    at https://navi-next.vercel.app/_next/static/chunks/261cq39jf3lqt.js:1:10566
    at Generator.throw (<anonymous>)
    at l (https://navi-next.vercel.app/_next/static/chunks/261cq39jf3lqt.js:1:673) @ https://navi-next.vercel.app/_next/static/chunks/261cq39jf3lqt.js:0
[   23077ms] [ERROR] Access to fetch at 'https://tile.openstreetmap.org/20/880135/489616.png' from origin 'https://navi-next.vercel.app' has been blocked by CORS policy: No 'Access-Control-Allow-Origin' header is present on the requested resource. @ https://navi-next.vercel.app/studio/map-1782480639497-sb96j/edit:0
[   23077ms] [ERROR] Failed to load resource: net::ERR_FAILED @ https://tile.openstreetmap.org/20/880135/489616.png:0
[   23077ms] [ERROR] eZ: AJAXError: Failed to fetch (0): https://tile.openstreetmap.org/20/880135/489616.png
    at https://navi-next.vercel.app/_next/static/chunks/261cq39jf3lqt.js:1:10566
    at Generator.throw (<anonymous>)
    at l (https://navi-next.vercel.app/_next/static/chunks/261cq39jf3lqt.js:1:673) @ https://navi-next.vercel.app/_next/static/chunks/261cq39jf3lqt.js:0
[   23078ms] [ERROR] Access to fetch at 'https://tile.openstreetmap.org/20/880136/489616.png' from origin 'https://navi-next.vercel.app' has been blocked by CORS policy: No 'Access-Control-Allow-Origin' header is present on the requested resource. @ https://navi-next.vercel.app/studio/map-1782480639497-sb96j/edit:0
[   23078ms] [ERROR] Failed to load resource: net::ERR_FAILED @ https://tile.openstreetmap.org/20/880136/489616.png:0
[   23078ms] [ERROR] eZ: AJAXError: Failed to fetch (0): https://tile.openstreetmap.org/20/880136/489616.png
    at https://navi-next.vercel.app/_next/static/chunks/261cq39jf3lqt.js:1:10566
    at Generator.throw (<anonymous>)
    at l (https://navi-next.vercel.app/_next/static/chunks/261cq39jf3lqt.js:1:673) @ https://navi-next.vercel.app/_next/static/chunks/261cq39jf3lqt.js:0
[   23078ms] [ERROR] Access to fetch at 'https://tile.openstreetmap.org/20/880134/489616.png' from origin 'https://navi-next.vercel.app' has been blocked by CORS policy: No 'Access-Control-Allow-Origin' header is present on the requested resource. @ https://navi-next.vercel.app/studio/map-1782480639497-sb96j/edit:0
[   23078ms] [ERROR] Failed to load resource: net::ERR_FAILED @ https://tile.openstreetmap.org/20/880134/489616.png:0
[   23078ms] [ERROR] eZ: AJAXError: Failed to fetch (0): https://tile.openstreetmap.org/20/880134/489616.png
    at https://navi-next.vercel.app/_next/static/chunks/261cq39jf3lqt.js:1:10566
    at Generator.throw (<anonymous>)
    at l (https://navi-next.vercel.app/_next/static/chunks/261cq39jf3lqt.js:1:673) @ https://navi-next.vercel.app/_next/static/chunks/261cq39jf3lqt.js:0
[   23078ms] [ERROR] Access to fetch at 'https://tile.openstreetmap.org/20/880136/489620.png' from origin 'https://navi-next.vercel.app' has been blocked by CORS policy: No 'Access-Control-Allow-Origin' header is present on the requested resource. @ https://navi-next.vercel.app/studio/map-1782480639497-sb96j/edit:0
[   23078ms] [ERROR] Failed to load resource: net::ERR_FAILED @ https://tile.openstreetmap.org/20/880136/489620.png:0
[   23078ms] [ERROR] eZ: AJAXError: Failed to fetch (0): https://tile.openstreetmap.org/20/880136/489620.png
    at https://navi-next.vercel.app/_next/static/chunks/261cq39jf3lqt.js:1:10566
    at Generator.throw (<anonymous>)
    at l (https://navi-next.vercel.app/_next/static/chunks/261cq39jf3lqt.js:1:673) @ https://navi-next.vercel.app/_next/static/chunks/261cq39jf3lqt.js:0
[   23079ms] [ERROR] Access to fetch at 'https://tile.openstreetmap.org/20/880134/489620.png' from origin 'https://navi-next.vercel.app' has been blocked by CORS policy: No 'Access-Control-Allow-Origin' header is present on the requested resource. @ https://navi-next.vercel.app/studio/map-1782480639497-sb96j/edit:0
[   23079ms] [ERROR] Failed to load resource: net::ERR_FAILED @ https://tile.openstreetmap.org/20/880134/489620.png:0
[   23079ms] [ERROR] eZ: AJAXError: Failed to fetch (0): https://tile.openstreetmap.org/20/880134/489620.png
    at https://navi-next.vercel.app/_next/static/chunks/261cq39jf3lqt.js:1:10566
    at Generator.throw (<anonymous>)
    at l (https://navi-next.vercel.app/_next/static/chunks/261cq39jf3lqt.js:1:673) @ https://navi-next.vercel.app/_next/static/chunks/261cq39jf3lqt.js:0
[   23079ms] [ERROR] Access to fetch at 'https://tile.openstreetmap.org/20/880135/489615.png' from origin 'https://navi-next.vercel.app' has been blocked by CORS policy: No 'Access-Control-Allow-Origin' header is present on the requested resource. @ https://navi-next.vercel.app/studio/map-1782480639497-sb96j/edit:0
[   23079ms] [ERROR] Failed to load resource: net::ERR_FAILED @ https://tile.openstreetmap.org/20/880135/489615.png:0
[   23079ms] [ERROR] eZ: AJAXError: Failed to fetch (0): https://tile.openstreetmap.org/20/880135/489615.png
    at https://navi-next.vercel.app/_next/static/chunks/261cq39jf3lqt.js:1:10566
    at Generator.throw (<anonymous>)
    at l (https://navi-next.vercel.app/_next/static/chunks/261cq39jf3lqt.js:1:673) @ https://navi-next.vercel.app/_next/static/chunks/261cq39jf3lqt.js:0
[   23079ms] [ERROR] Access to fetch at 'https://tile.openstreetmap.org/20/880136/489615.png' from origin 'https://navi-next.vercel.app' has been blocked by CORS policy: No 'Access-Control-Allow-Origin' header is present on the requested resource. @ https://navi-next.vercel.app/studio/map-1782480639497-sb96j/edit:0
[   23079ms] [ERROR] Failed to load resource: net::ERR_FAILED @ https://tile.openstreetmap.org/20/880136/489615.png:0
[   23079ms] [ERROR] eZ: AJAXError: Failed to fetch (0): https://tile.openstreetmap.org/20/880136/489615.png
    at https://navi-next.vercel.app/_next/static/chunks/261cq39jf3lqt.js:1:10566
    at Generator.throw (<anonymous>)
    at l (https://navi-next.vercel.app/_next/static/chunks/261cq39jf3lqt.js:1:673) @ https://navi-next.vercel.app/_next/static/chunks/261cq39jf3lqt.js:0
[   23080ms] [ERROR] Access to fetch at 'https://tile.openstreetmap.org/20/880135/489620.png' from origin 'https://navi-next.vercel.app' has been blocked by CORS policy: No 'Access-Control-Allow-Origin' header is present on the requested resource. @ https://navi-next.vercel.app/studio/map-1782480639497-sb96j/edit:0
[   23080ms] [ERROR] Failed to load resource: net::ERR_FAILED @ https://tile.openstreetmap.org/20/880135/489620.png:0
[   23080ms] [ERROR] eZ: AJAXError: Failed to fetch (0): https://tile.openstreetmap.org/20/880135/489620.png
    at https://navi-next.vercel.app/_next/static/chunks/261cq39jf3lqt.js:1:10566
    at Generator.throw (<anonymous>)
    at l (https://navi-next.vercel.app/_next/static/chunks/261cq39jf3lqt.js:1:673) @ https://navi-next.vercel.app/_next/static/chunks/261cq39jf3lqt.js:0
[   23080ms] [ERROR] Access to fetch at 'https://tile.openstreetmap.org/20/880134/489615.png' from origin 'https://navi-next.vercel.app' has been blocked by CORS policy: No 'Access-Control-Allow-Origin' header is present on the requested resource. @ https://navi-next.vercel.app/studio/map-1782480639497-sb96j/edit:0
[   23080ms] [ERROR] Failed to load resource: net::ERR_FAILED @ https://tile.openstreetmap.org/20/880134/489615.png:0
[   23080ms] [ERROR] eZ: AJAXError: Failed to fetch (0): https://tile.openstreetmap.org/20/880134/489615.png
    at https://navi-next.vercel.app/_next/static/chunks/261cq39jf3lqt.js:1:10566
    at Generator.throw (<anonymous>)
    at l (https://navi-next.vercel.app/_next/static/chunks/261cq39jf3lqt.js:1:673) @ https://navi-next.vercel.app/_next/static/chunks/261cq39jf3lqt.js:0
[   33074ms] [ERROR] Access to fetch at 'https://tile.openstreetmap.org/20/880137/489618.png' from origin 'https://navi-next.vercel.app' has been blocked by CORS policy: No 'Access-Control-Allow-Origin' header is present on the requested resource. @ https://navi-next.vercel.app/studio/map-1782480639497-sb96j/edit:0
[   33074ms] [ERROR] Failed to load resource: net::ERR_FAILED @ https://tile.openstreetmap.org/20/880137/489618.png:0
[   33074ms] [ERROR] eZ: AJAXError: Failed to fetch (0): https://tile.openstreetmap.org/20/880137/489618.png
    at https://navi-next.vercel.app/_next/static/chunks/261cq39jf3lqt.js:1:10566
    at Generator.throw (<anonymous>)
    at l (https://navi-next.vercel.app/_next/static/chunks/261cq39jf3lqt.js:1:673) @ https://navi-next.vercel.app/_next/static/chunks/261cq39jf3lqt.js:0
[   33078ms] [ERROR] Access to fetch at 'https://tile.openstreetmap.org/20/880133/489618.png' from origin 'https://navi-next.vercel.app' has been blocked by CORS policy: No 'Access-Control-Allow-Origin' header is present on the requested resource. @ https://navi-next.vercel.app/studio/map-1782480639497-sb96j/edit:0
[   33078ms] [ERROR] Failed to load resource: net::ERR_FAILED @ https://tile.openstreetmap.org/20/880133/489618.png:0
[   33078ms] [ERROR] eZ: AJAXError: Failed to fetch (0): https://tile.openstreetmap.org/20/880133/489618.png
    at https://navi-next.vercel.app/_next/static/chunks/261cq39jf3lqt.js:1:10566
    at Generator.throw (<anonymous>)
    at l (https://navi-next.vercel.app/_next/static/chunks/261cq39jf3lqt.js:1:673) @ https://navi-next.vercel.app/_next/static/chunks/261cq39jf3lqt.js:0
[   33079ms] [ERROR] Access to fetch at 'https://tile.openstreetmap.org/20/880137/489617.png' from origin 'https://navi-next.vercel.app' has been blocked by CORS policy: No 'Access-Control-Allow-Origin' header is present on the requested resource. @ https://navi-next.vercel.app/studio/map-1782480639497-sb96j/edit:0
[   33079ms] [ERROR] Failed to load resource: net::ERR_FAILED @ https://tile.openstreetmap.org/20/880137/489617.png:0
[   33079ms] [ERROR] eZ: AJAXError: Failed to fetch (0): https://tile.openstreetmap.org/20/880137/489617.png
    at https://navi-next.vercel.app/_next/static/chunks/261cq39jf3lqt.js:1:10566
    at Generator.throw (<anonymous>)
    at l (https://navi-next.vercel.app/_next/static/chunks/261cq39jf3lqt.js:1:673) @ https://navi-next.vercel.app/_next/static/chunks/261cq39jf3lqt.js:0
[   33079ms] [ERROR] Access to fetch at 'https://tile.openstreetmap.org/20/880133/489617.png' from origin 'https://navi-next.vercel.app' has been blocked by CORS policy: No 'Access-Control-Allow-Origin' header is present on the requested resource. @ https://navi-next.vercel.app/studio/map-1782480639497-sb96j/edit:0
[   33079ms] [ERROR] Failed to load resource: net::ERR_FAILED @ https://tile.openstreetmap.org/20/880133/489617.png:0
[   33080ms] [ERROR] eZ: AJAXError: Failed to fetch (0): https://tile.openstreetmap.org/20/880133/489617.png
    at https://navi-next.vercel.app/_next/static/chunks/261cq39jf3lqt.js:1:10566
    at Generator.throw (<anonymous>)
    at l (https://navi-next.vercel.app/_next/static/chunks/261cq39jf3lqt.js:1:673) @ https://navi-next.vercel.app/_next/static/chunks/261cq39jf3lqt.js:0
[   33080ms] [ERROR] Access to fetch at 'https://tile.openstreetmap.org/20/880133/489619.png' from origin 'https://navi-next.vercel.app' has been blocked by CORS policy: No 'Access-Control-Allow-Origin' header is present on the requested resource. @ https://navi-next.vercel.app/studio/map-1782480639497-sb96j/edit:0
[   33080ms] [ERROR] Failed to load resource: net::ERR_FAILED @ https://tile.openstreetmap.org/20/880133/489619.png:0
[   33080ms] [ERROR] eZ: AJAXError: Failed to fetch (0): https://tile.openstreetmap.org/20/880133/489619.png
    at https://navi-next.vercel.app/_next/static/chunks/261cq39jf3lqt.js:1:10566
    at Generator.throw (<anonymous>)
    at l (https://navi-next.vercel.app/_next/static/chunks/261cq39jf3lqt.js:1:673) @ https://navi-next.vercel.app/_next/static/chunks/261cq39jf3lqt.js:0
[   33080ms] [ERROR] Access to fetch at 'https://tile.openstreetmap.org/20/880137/489616.png' from origin 'https://navi-next.vercel.app' has been blocked by CORS policy: No 'Access-Control-Allow-Origin' header is present on the requested resource. @ https://navi-next.vercel.app/studio/map-1782480639497-sb96j/edit:0
[   33080ms] [ERROR] Failed to load resource: net::ERR_FAILED @ https://tile.openstreetmap.org/20/880137/489616.png:0
[   33081ms] [ERROR] eZ: AJAXError: Failed to fetch (0): https://tile.openstreetmap.org/20/880137/489616.png
    at https://navi-next.vercel.app/_next/static/chunks/261cq39jf3lqt.js:1:10566
    at Generator.throw (<anonymous>)
    at l (https://navi-next.vercel.app/_next/static/chunks/261cq39jf3lqt.js:1:673) @ https://navi-next.vercel.app/_next/static/chunks/261cq39jf3lqt.js:0
[   33081ms] [ERROR] Access to fetch at 'https://tile.openstreetmap.org/20/880133/489616.png' from origin 'https://navi-next.vercel.app' has been blocked by CORS policy: No 'Access-Control-Allow-Origin' header is present on the requested resource. @ https://navi-next.vercel.app/studio/map-1782480639497-sb96j/edit:0
[   33081ms] [ERROR] Failed to load resource: net::ERR_FAILED @ https://tile.openstreetmap.org/20/880133/489616.png:0
[   33081ms] [ERROR] eZ: AJAXError: Failed to fetch (0): https://tile.openstreetmap.org/20/880133/489616.png
    at https://navi-next.vercel.app/_next/static/chunks/261cq39jf3lqt.js:1:10566
    at Generator.throw (<anonymous>)
    at l (https://navi-next.vercel.app/_next/static/chunks/261cq39jf3lqt.js:1:673) @ https://navi-next.vercel.app/_next/static/chunks/261cq39jf3lqt.js:0
[   33081ms] [ERROR] Access to fetch at 'https://tile.openstreetmap.org/20/880137/489620.png' from origin 'https://navi-next.vercel.app' has been blocked by CORS policy: No 'Access-Control-Allow-Origin' header is present on the requested resource. @ https://navi-next.vercel.app/studio/map-1782480639497-sb96j/edit:0
[   33081ms] [ERROR] Failed to load resource: net::ERR_FAILED @ https://tile.openstreetmap.org/20/880137/489620.png:0
[   33082ms] [ERROR] eZ: AJAXError: Failed to fetch (0): https://tile.openstreetmap.org/20/880137/489620.png
    at https://navi-next.vercel.app/_next/static/chunks/261cq39jf3lqt.js:1:10566
    at Generator.throw (<anonymous>)
    at l (https://navi-next.vercel.app/_next/static/chunks/261cq39jf3lqt.js:1:673) @ https://navi-next.vercel.app/_next/static/chunks/261cq39jf3lqt.js:0
[   33082ms] [ERROR] Access to fetch at 'https://tile.openstreetmap.org/20/880133/489620.png' from origin 'https://navi-next.vercel.app' has been blocked by CORS policy: No 'Access-Control-Allow-Origin' header is present on the requested resource. @ https://navi-next.vercel.app/studio/map-1782480639497-sb96j/edit:0
[   33082ms] [ERROR] Failed to load resource: net::ERR_FAILED @ https://tile.openstreetmap.org/20/880133/489620.png:0
[   33082ms] [ERROR] eZ: AJAXError: Failed to fetch (0): https://tile.openstreetmap.org/20/880133/489620.png
    at https://navi-next.vercel.app/_next/static/chunks/261cq39jf3lqt.js:1:10566
    at Generator.throw (<anonymous>)
    at l (https://navi-next.vercel.app/_next/static/chunks/261cq39jf3lqt.js:1:673) @ https://navi-next.vercel.app/_next/static/chunks/261cq39jf3lqt.js:0
[   33082ms] [ERROR] Access to fetch at 'https://tile.openstreetmap.org/20/880132/489618.png' from origin 'https://navi-next.vercel.app' has been blocked by CORS policy: No 'Access-Control-Allow-Origin' header is present on the requested resource. @ https://navi-next.vercel.app/studio/map-1782480639497-sb96j/edit:0
[   33082ms] [ERROR] Failed to load resource: net::ERR_FAILED @ https://tile.openstreetmap.org/20/880132/489618.png:0
[   33082ms] [ERROR] eZ: AJAXError: Failed to fetch (0): https://tile.openstreetmap.org/20/880132/489618.png
    at https://navi-next.vercel.app/_next/static/chunks/261cq39jf3lqt.js:1:10566
    at Generator.throw (<anonymous>)
    at l (https://navi-next.vercel.app/_next/static/chunks/261cq39jf3lqt.js:1:673) @ https://navi-next.vercel.app/_next/static/chunks/261cq39jf3lqt.js:0
[   33083ms] [ERROR] Access to fetch at 'https://tile.openstreetmap.org/20/880137/489619.png' from origin 'https://navi-next.vercel.app' has been blocked by CORS policy: No 'Access-Control-Allow-Origin' header is present on the requested resource. @ https://navi-next.vercel.app/studio/map-1782480639497-sb96j/edit:0
[   33083ms] [ERROR] Failed to load resource: net::ERR_FAILED @ https://tile.openstreetmap.org/20/880137/489619.png:0
[   33083ms] [ERROR] eZ: AJAXError: Failed to fetch (0): https://tile.openstreetmap.org/20/880137/489619.png
    at https://navi-next.vercel.app/_next/static/chunks/261cq39jf3lqt.js:1:10566
    at Generator.throw (<anonymous>)
    at l (https://navi-next.vercel.app/_next/static/chunks/261cq39jf3lqt.js:1:673) @ https://navi-next.vercel.app/_next/static/chunks/261cq39jf3lqt.js:0
[   33083ms] [ERROR] Access to fetch at 'https://tile.openstreetmap.org/20/880138/489618.png' from origin 'https://navi-next.vercel.app' has been blocked by CORS policy: No 'Access-Control-Allow-Origin' header is present on the requested resource. @ https://navi-next.vercel.app/studio/map-1782480639497-sb96j/edit:0
[   33083ms] [ERROR] Failed to load resource: net::ERR_FAILED @ https://tile.openstreetmap.org/20/880138/489618.png:0
[   33083ms] [ERROR] eZ: AJAXError: Failed to fetch (0): https://tile.openstreetmap.org/20/880138/489618.png
    at https://navi-next.vercel.app/_next/static/chunks/261cq39jf3lqt.js:1:10566
    at Generator.throw (<anonymous>)
    at l (https://navi-next.vercel.app/_next/static/chunks/261cq39jf3lqt.js:1:673) @ https://navi-next.vercel.app/_next/static/chunks/261cq39jf3lqt.js:0
[   33084ms] [ERROR] Access to fetch at 'https://tile.openstreetmap.org/20/880138/489617.png' from origin 'https://navi-next.vercel.app' has been blocked by CORS policy: No 'Access-Control-Allow-Origin' header is present on the requested resource. @ https://navi-next.vercel.app/studio/map-1782480639497-sb96j/edit:0
[   33084ms] [ERROR] Failed to load resource: net::ERR_FAILED @ https://tile.openstreetmap.org/20/880138/489617.png:0
[   33084ms] [ERROR] eZ: AJAXError: Failed to fetch (0): https://tile.openstreetmap.org/20/880138/489617.png
    at https://navi-next.vercel.app/_next/static/chunks/261cq39jf3lqt.js:1:10566
    at Generator.throw (<anonymous>)
    at l (https://navi-next.vercel.app/_next/static/chunks/261cq39jf3lqt.js:1:673) @ https://navi-next.vercel.app/_next/static/chunks/261cq39jf3lqt.js:0
[   33084ms] [ERROR] Access to fetch at 'https://tile.openstreetmap.org/20/880132/489617.png' from origin 'https://navi-next.vercel.app' has been blocked by CORS policy: No 'Access-Control-Allow-Origin' header is present on the requested resource. @ https://navi-next.vercel.app/studio/map-1782480639497-sb96j/edit:0
[   33084ms] [ERROR] Failed to load resource: net::ERR_FAILED @ https://tile.openstreetmap.org/20/880132/489617.png:0
[   33084ms] [ERROR] eZ: AJAXError: Failed to fetch (0): https://tile.openstreetmap.org/20/880132/489617.png
    at https://navi-next.vercel.app/_next/static/chunks/261cq39jf3lqt.js:1:10566
    at Generator.throw (<anonymous>)
    at l (https://navi-next.vercel.app/_next/static/chunks/261cq39jf3lqt.js:1:673) @ https://navi-next.vercel.app/_next/static/chunks/261cq39jf3lqt.js:0
[   33085ms] [ERROR] Access to fetch at 'https://tile.openstreetmap.org/20/880138/489619.png' from origin 'https://navi-next.vercel.app' has been blocked by CORS policy: No 'Access-Control-Allow-Origin' header is present on the requested resource. @ https://navi-next.vercel.app/studio/map-1782480639497-sb96j/edit:0
[   33085ms] [ERROR] Failed to load resource: net::ERR_FAILED @ https://tile.openstreetmap.org/20/880138/489619.png:0
[   33085ms] [ERROR] eZ: AJAXError: Failed to fetch (0): https://tile.openstreetmap.org/20/880138/489619.png
    at https://navi-next.vercel.app/_next/static/chunks/261cq39jf3lqt.js:1:10566
    at Generator.throw (<anonymous>)
    at l (https://navi-next.vercel.app/_next/static/chunks/261cq39jf3lqt.js:1:673) @ https://navi-next.vercel.app/_next/static/chunks/261cq39jf3lqt.js:0
[   33085ms] [ERROR] Access to fetch at 'https://tile.openstreetmap.org/20/880132/489619.png' from origin 'https://navi-next.vercel.app' has been blocked by CORS policy: No 'Access-Control-Allow-Origin' header is present on the requested resource. @ https://navi-next.vercel.app/studio/map-1782480639497-sb96j/edit:0
[   33085ms] [ERROR] Failed to load resource: net::ERR_FAILED @ https://tile.openstreetmap.org/20/880132/489619.png:0
[   33085ms] [ERROR] eZ: AJAXError: Failed to fetch (0): https://tile.openstreetmap.org/20/880132/489619.png
    at https://navi-next.vercel.app/_next/static/chunks/261cq39jf3lqt.js:1:10566
    at Generator.throw (<anonymous>)
    at l (https://navi-next.vercel.app/_next/static/chunks/261cq39jf3lqt.js:1:673) @ https://navi-next.vercel.app/_next/static/chunks/261cq39jf3lqt.js:0
[   34576ms] [ERROR] Failed to load resource: the server responded with a status of 500 () @ https://navi-next.vercel.app/api/graph:0
[   34576ms] [WARNING] [graph-store] syncToSupabase failed: invalid input syntax for type integer: "[0]" @ https://navi-next.vercel.app/_next/static/chunks/0tn7q1iy11gff.js:0
[   35074ms] [ERROR] Access to fetch at 'https://tile.openstreetmap.org/20/880137/489615.png' from origin 'https://navi-next.vercel.app' has been blocked by CORS policy: No 'Access-Control-Allow-Origin' header is present on the requested resource. @ https://navi-next.vercel.app/studio/map-1782480639497-sb96j/edit:0
[   35074ms] [ERROR] Failed to load resource: net::ERR_FAILED @ https://tile.openstreetmap.org/20/880137/489615.png:0
[   35074ms] [ERROR] eZ: AJAXError: Failed to fetch (0): https://tile.openstreetmap.org/20/880137/489615.png
    at https://navi-next.vercel.app/_next/static/chunks/261cq39jf3lqt.js:1:10566
    at Generator.throw (<anonymous>)
    at l (https://navi-next.vercel.app/_next/static/chunks/261cq39jf3lqt.js:1:673) @ https://navi-next.vercel.app/_next/static/chunks/261cq39jf3lqt.js:0
[   35078ms] [ERROR] Access to fetch at 'https://tile.openstreetmap.org/20/880133/489615.png' from origin 'https://navi-next.vercel.app' has been blocked by CORS policy: No 'Access-Control-Allow-Origin' header is present on the requested resource. @ https://navi-next.vercel.app/studio/map-1782480639497-sb96j/edit:0
[   35078ms] [ERROR] Failed to load resource: net::ERR_FAILED @ https://tile.openstreetmap.org/20/880133/489615.png:0
[   35078ms] [ERROR] eZ: AJAXError: Failed to fetch (0): https://tile.openstreetmap.org/20/880133/489615.png
    at https://navi-next.vercel.app/_next/static/chunks/261cq39jf3lqt.js:1:10566
    at Generator.throw (<anonymous>)
    at l (https://navi-next.vercel.app/_next/static/chunks/261cq39jf3lqt.js:1:673) @ https://navi-next.vercel.app/_next/static/chunks/261cq39jf3lqt.js:0
[   35078ms] [ERROR] Access to fetch at 'https://tile.openstreetmap.org/20/880138/489616.png' from origin 'https://navi-next.vercel.app' has been blocked by CORS policy: No 'Access-Control-Allow-Origin' header is present on the requested resource. @ https://navi-next.vercel.app/studio/map-1782480639497-sb96j/edit:0
[   35079ms] [ERROR] Failed to load resource: net::ERR_FAILED @ https://tile.openstreetmap.org/20/880138/489616.png:0
[   35079ms] [ERROR] eZ: AJAXError: Failed to fetch (0): https://tile.openstreetmap.org/20/880138/489616.png
    at https://navi-next.vercel.app/_next/static/chunks/261cq39jf3lqt.js:1:10566
    at Generator.throw (<anonymous>)
    at l (https://navi-next.vercel.app/_next/static/chunks/261cq39jf3lqt.js:1:673) @ https://navi-next.vercel.app/_next/static/chunks/261cq39jf3lqt.js:0
[   35079ms] [ERROR] Access to fetch at 'https://tile.openstreetmap.org/20/880132/489616.png' from origin 'https://navi-next.vercel.app' has been blocked by CORS policy: No 'Access-Control-Allow-Origin' header is present on the requested resource. @ https://navi-next.vercel.app/studio/map-1782480639497-sb96j/edit:0
[   35079ms] [ERROR] Failed to load resource: net::ERR_FAILED @ https://tile.openstreetmap.org/20/880132/489616.png:0
[   35079ms] [ERROR] eZ: AJAXError: Failed to fetch (0): https://tile.openstreetmap.org/20/880132/489616.png
    at https://navi-next.vercel.app/_next/static/chunks/261cq39jf3lqt.js:1:10566
    at Generator.throw (<anonymous>)
    at l (https://navi-next.vercel.app/_next/static/chunks/261cq39jf3lqt.js:1:673) @ https://navi-next.vercel.app/_next/static/chunks/261cq39jf3lqt.js:0
[   35080ms] [ERROR] Access to fetch at 'https://tile.openstreetmap.org/20/880138/489620.png' from origin 'https://navi-next.vercel.app' has been blocked by CORS policy: No 'Access-Control-Allow-Origin' header is present on the requested resource. @ https://navi-next.vercel.app/studio/map-1782480639497-sb96j/edit:0
[   35080ms] [ERROR] Failed to load resource: net::ERR_FAILED @ https://tile.openstreetmap.org/20/880138/489620.png:0
[   35080ms] [ERROR] eZ: AJAXError: Failed to fetch (0): https://tile.openstreetmap.org/20/880138/489620.png
    at https://navi-next.vercel.app/_next/static/chunks/261cq39jf3lqt.js:1:10566
    at Generator.throw (<anonymous>)
    at l (https://navi-next.vercel.app/_next/static/chunks/261cq39jf3lqt.js:1:673) @ https://navi-next.vercel.app/_next/static/chunks/261cq39jf3lqt.js:0
[   35080ms] [ERROR] Access to fetch at 'https://tile.openstreetmap.org/20/880132/489620.png' from origin 'https://navi-next.vercel.app' has been blocked by CORS policy: No 'Access-Control-Allow-Origin' header is present on the requested resource. @ https://navi-next.vercel.app/studio/map-1782480639497-sb96j/edit:0
[   35080ms] [ERROR] Failed to load resource: net::ERR_FAILED @ https://tile.openstreetmap.org/20/880132/489620.png:0
[   35080ms] [ERROR] eZ: AJAXError: Failed to fetch (0): https://tile.openstreetmap.org/20/880132/489620.png
    at https://navi-next.vercel.app/_next/static/chunks/261cq39jf3lqt.js:1:10566
    at Generator.throw (<anonymous>)
    at l (https://navi-next.vercel.app/_next/static/chunks/261cq39jf3lqt.js:1:673) @ https://navi-next.vercel.app/_next/static/chunks/261cq39jf3lqt.js:0
[   35080ms] [ERROR] Access to fetch at 'https://tile.openstreetmap.org/20/880139/489618.png' from origin 'https://navi-next.vercel.app' has been blocked by CORS policy: No 'Access-Control-Allow-Origin' header is present on the requested resource. @ https://navi-next.vercel.app/studio/map-1782480639497-sb96j/edit:0
[   35080ms] [ERROR] Failed to load resource: net::ERR_FAILED @ https://tile.openstreetmap.org/20/880139/489618.png:0
[   35080ms] [ERROR] eZ: AJAXError: Failed to fetch (0): https://tile.openstreetmap.org/20/880139/489618.png
    at https://navi-next.vercel.app/_next/static/chunks/261cq39jf3lqt.js:1:10566
    at Generator.throw (<anonymous>)
    at l (https://navi-next.vercel.app/_next/static/chunks/261cq39jf3lqt.js:1:673) @ https://navi-next.vercel.app/_next/static/chunks/261cq39jf3lqt.js:0
[   35080ms] [ERROR] Access to fetch at 'https://tile.openstreetmap.org/20/880139/489617.png' from origin 'https://navi-next.vercel.app' has been blocked by CORS policy: No 'Access-Control-Allow-Origin' header is present on the requested resource. @ https://navi-next.vercel.app/studio/map-1782480639497-sb96j/edit:0
[   35080ms] [ERROR] Failed to load resource: net::ERR_FAILED @ https://tile.openstreetmap.org/20/880139/489617.png:0
[   35081ms] [ERROR] eZ: AJAXError: Failed to fetch (0): https://tile.openstreetmap.org/20/880139/489617.png
    at https://navi-next.vercel.app/_next/static/chunks/261cq39jf3lqt.js:1:10566
    at Generator.throw (<anonymous>)
    at l (https://navi-next.vercel.app/_next/static/chunks/261cq39jf3lqt.js:1:673) @ https://navi-next.vercel.app/_next/static/chunks/261cq39jf3lqt.js:0
[   35081ms] [ERROR] Access to fetch at 'https://tile.openstreetmap.org/20/880138/489615.png' from origin 'https://navi-next.vercel.app' has been blocked by CORS policy: No 'Access-Control-Allow-Origin' header is present on the requested resource. @ https://navi-next.vercel.app/studio/map-1782480639497-sb96j/edit:0
[   35081ms] [ERROR] Failed to load resource: net::ERR_FAILED @ https://tile.openstreetmap.org/20/880138/489615.png:0
[   35081ms] [ERROR] eZ: AJAXError: Failed to fetch (0): https://tile.openstreetmap.org/20/880138/489615.png
    at https://navi-next.vercel.app/_next/static/chunks/261cq39jf3lqt.js:1:10566
    at Generator.throw (<anonymous>)
    at l (https://navi-next.vercel.app/_next/static/chunks/261cq39jf3lqt.js:1:673) @ https://navi-next.vercel.app/_next/static/chunks/261cq39jf3lqt.js:0
[   35081ms] [ERROR] Access to fetch at 'https://tile.openstreetmap.org/20/880131/489617.png' from origin 'https://navi-next.vercel.app' has been blocked by CORS policy: No 'Access-Control-Allow-Origin' header is present on the requested resource. @ https://navi-next.vercel.app/studio/map-1782480639497-sb96j/edit:0
[   35081ms] [ERROR] Failed to load resource: net::ERR_FAILED @ https://tile.openstreetmap.org/20/880131/489617.png:0
[   35081ms] [ERROR] eZ: AJAXError: Failed to fetch (0): https://tile.openstreetmap.org/20/880131/489617.png
    at https://navi-next.vercel.app/_next/static/chunks/261cq39jf3lqt.js:1:10566
    at Generator.throw (<anonymous>)
    at l (https://navi-next.vercel.app/_next/static/chunks/261cq39jf3lqt.js:1:673) @ https://navi-next.vercel.app/_next/static/chunks/261cq39jf3lqt.js:0
[   35081ms] [ERROR] Access to fetch at 'https://tile.openstreetmap.org/20/880132/489615.png' from origin 'https://navi-next.vercel.app' has been blocked by CORS policy: No 'Access-Control-Allow-Origin' header is present on the requested resource. @ https://navi-next.vercel.app/studio/map-1782480639497-sb96j/edit:0
[   35081ms] [ERROR] Failed to load resource: net::ERR_FAILED @ https://tile.openstreetmap.org/20/880132/489615.png:0
[   35081ms] [ERROR] eZ: AJAXError: Failed to fetch (0): https://tile.openstreetmap.org/20/880132/489615.png
    at https://navi-next.vercel.app/_next/static/chunks/261cq39jf3lqt.js:1:10566
    at Generator.throw (<anonymous>)
    at l (https://navi-next.vercel.app/_next/static/chunks/261cq39jf3lqt.js:1:673) @ https://navi-next.vercel.app/_next/static/chunks/261cq39jf3lqt.js:0
[   35081ms] [ERROR] Access to fetch at 'https://tile.openstreetmap.org/20/880131/489619.png' from origin 'https://navi-next.vercel.app' has been blocked by CORS policy: No 'Access-Control-Allow-Origin' header is present on the requested resource. @ https://navi-next.vercel.app/studio/map-1782480639497-sb96j/edit:0
[   35081ms] [ERROR] Failed to load resource: net::ERR_FAILED @ https://tile.openstreetmap.org/20/880131/489619.png:0
[   35082ms] [ERROR] eZ: AJAXError: Failed to fetch (0): https://tile.openstreetmap.org/20/880131/489619.png
    at https://navi-next.vercel.app/_next/static/chunks/261cq39jf3lqt.js:1:10566
    at Generator.throw (<anonymous>)
    at l (https://navi-next.vercel.app/_next/static/chunks/261cq39jf3lqt.js:1:673) @ https://navi-next.vercel.app/_next/static/chunks/261cq39jf3lqt.js:0
[   35082ms] [ERROR] Access to fetch at 'https://tile.openstreetmap.org/20/880139/489616.png' from origin 'https://navi-next.vercel.app' has been blocked by CORS policy: No 'Access-Control-Allow-Origin' header is present on the requested resource. @ https://navi-next.vercel.app/studio/map-1782480639497-sb96j/edit:0
[   35082ms] [ERROR] Failed to load resource: net::ERR_FAILED @ https://tile.openstreetmap.org/20/880139/489616.png:0
[   35082ms] [ERROR] eZ: AJAXError: Failed to fetch (0): https://tile.openstreetmap.org/20/880139/489616.png
    at https://navi-next.vercel.app/_next/static/chunks/261cq39jf3lqt.js:1:10566
    at Generator.throw (<anonymous>)
    at l (https://navi-next.vercel.app/_next/static/chunks/261cq39jf3lqt.js:1:673) @ https://navi-next.vercel.app/_next/static/chunks/261cq39jf3lqt.js:0
[   35082ms] [ERROR] Access to fetch at 'https://tile.openstreetmap.org/20/880131/489616.png' from origin 'https://navi-next.vercel.app' has been blocked by CORS policy: No 'Access-Control-Allow-Origin' header is present on the requested resource. @ https://navi-next.vercel.app/studio/map-1782480639497-sb96j/edit:0
[   35082ms] [ERROR] Failed to load resource: net::ERR_FAILED @ https://tile.openstreetmap.org/20/880131/489616.png:0
[   35082ms] [ERROR] eZ: AJAXError: Failed to fetch (0): https://tile.openstreetmap.org/20/880131/489616.png
    at https://navi-next.vercel.app/_next/static/chunks/261cq39jf3lqt.js:1:10566
    at Generator.throw (<anonymous>)
    at l (https://navi-next.vercel.app/_next/static/chunks/261cq39jf3lqt.js:1:673) @ https://navi-next.vercel.app/_next/static/chunks/261cq39jf3lqt.js:0
[   35082ms] [ERROR] Access to fetch at 'https://tile.openstreetmap.org/20/880131/489618.png' from origin 'https://navi-next.vercel.app' has been blocked by CORS policy: No 'Access-Control-Allow-Origin' header is present on the requested resource. @ https://navi-next.vercel.app/studio/map-1782480639497-sb96j/edit:0
[   35082ms] [ERROR] Failed to load resource: net::ERR_FAILED @ https://tile.openstreetmap.org/20/880131/489618.png:0
[   35082ms] [ERROR] eZ: AJAXError: Failed to fetch (0): https://tile.openstreetmap.org/20/880131/489618.png
    at https://navi-next.vercel.app/_next/static/chunks/261cq39jf3lqt.js:1:10566
    at Generator.throw (<anonymous>)
    at l (https://navi-next.vercel.app/_next/static/chunks/261cq39jf3lqt.js:1:673) @ https://navi-next.vercel.app/_next/static/chunks/261cq39jf3lqt.js:0
[   35082ms] [ERROR] Access to fetch at 'https://tile.openstreetmap.org/20/880139/489619.png' from origin 'https://navi-next.vercel.app' has been blocked by CORS policy: No 'Access-Control-Allow-Origin' header is present on the requested resource. @ https://navi-next.vercel.app/studio/map-1782480639497-sb96j/edit:0
[   35082ms] [ERROR] Failed to load resource: net::ERR_FAILED @ https://tile.openstreetmap.org/20/880139/489619.png:0
[   35083ms] [ERROR] eZ: AJAXError: Failed to fetch (0): https://tile.openstreetmap.org/20/880139/489619.png
    at https://navi-next.vercel.app/_next/static/chunks/261cq39jf3lqt.js:1:10566
    at Generator.throw (<anonymous>)
    at l (https://navi-next.vercel.app/_next/static/chunks/261cq39jf3lqt.js:1:673) @ https://navi-next.vercel.app/_next/static/chunks/261cq39jf3lqt.js:0
[   37074ms] [ERROR] Access to fetch at 'https://tile.openstreetmap.org/20/880139/489620.png' from origin 'https://navi-next.vercel.app' has been blocked by CORS policy: No 'Access-Control-Allow-Origin' header is present on the requested resource. @ https://navi-next.vercel.app/studio/map-1782480639497-sb96j/edit:0
[   37074ms] [ERROR] Failed to load resource: net::ERR_FAILED @ https://tile.openstreetmap.org/20/880139/489620.png:0
[   37074ms] [ERROR] eZ: AJAXError: Failed to fetch (0): https://tile.openstreetmap.org/20/880139/489620.png
    at https://navi-next.vercel.app/_next/static/chunks/261cq39jf3lqt.js:1:10566
    at Generator.throw (<anonymous>)
    at l (https://navi-next.vercel.app/_next/static/chunks/261cq39jf3lqt.js:1:673) @ https://navi-next.vercel.app/_next/static/chunks/261cq39jf3lqt.js:0
[   37076ms] [ERROR] Access to fetch at 'https://tile.openstreetmap.org/20/880131/489620.png' from origin 'https://navi-next.vercel.app' has been blocked by CORS policy: No 'Access-Control-Allow-Origin' header is present on the requested resource. @ https://navi-next.vercel.app/studio/map-1782480639497-sb96j/edit:0
[   37076ms] [ERROR] Failed to load resource: net::ERR_FAILED @ https://tile.openstreetmap.org/20/880131/489620.png:0
[   37076ms] [ERROR] eZ: AJAXError: Failed to fetch (0): https://tile.openstreetmap.org/20/880131/489620.png
    at https://navi-next.vercel.app/_next/static/chunks/261cq39jf3lqt.js:1:10566
    at Generator.throw (<anonymous>)
    at l (https://navi-next.vercel.app/_next/static/chunks/261cq39jf3lqt.js:1:673) @ https://navi-next.vercel.app/_next/static/chunks/261cq39jf3lqt.js:0
[   37076ms] [ERROR] Access to fetch at 'https://tile.openstreetmap.org/20/880139/489615.png' from origin 'https://navi-next.vercel.app' has been blocked by CORS policy: No 'Access-Control-Allow-Origin' header is present on the requested resource. @ https://navi-next.vercel.app/studio/map-1782480639497-sb96j/edit:0
[   37076ms] [ERROR] Failed to load resource: net::ERR_FAILED @ https://tile.openstreetmap.org/20/880139/489615.png:0
[   37076ms] [ERROR] eZ: AJAXError: Failed to fetch (0): https://tile.openstreetmap.org/20/880139/489615.png
    at https://navi-next.vercel.app/_next/static/chunks/261cq39jf3lqt.js:1:10566
    at Generator.throw (<anonymous>)
    at l (https://navi-next.vercel.app/_next/static/chunks/261cq39jf3lqt.js:1:673) @ https://navi-next.vercel.app/_next/static/chunks/261cq39jf3lqt.js:0
[   37076ms] [ERROR] Access to fetch at 'https://tile.openstreetmap.org/20/880131/489615.png' from origin 'https://navi-next.vercel.app' has been blocked by CORS policy: No 'Access-Control-Allow-Origin' header is present on the requested resource. @ https://navi-next.vercel.app/studio/map-1782480639497-sb96j/edit:0
[   37076ms] [ERROR] Failed to load resource: net::ERR_FAILED @ https://tile.openstreetmap.org/20/880131/489615.png:0
[   37076ms] [ERROR] eZ: AJAXError: Failed to fetch (0): https://tile.openstreetmap.org/20/880131/489615.png
    at https://navi-next.vercel.app/_next/static/chunks/261cq39jf3lqt.js:1:10566
    at Generator.throw (<anonymous>)
    at l (https://navi-next.vercel.app/_next/static/chunks/261cq39jf3lqt.js:1:673) @ https://navi-next.vercel.app/_next/static/chunks/261cq39jf3lqt.js:0
[   46500ms] [ERROR] Failed to load resource: the server responded with a status of 500 () @ https://navi-next.vercel.app/api/graph:0
[   46500ms] [WARNING] [graph-store] syncToSupabase failed: invalid input syntax for type integer: "[0]" @ https://navi-next.vercel.app/_next/static/chunks/0tn7q1iy11gff.js:0
[   63765ms] [ERROR] Failed to load resource: the server responded with a status of 500 () @ https://navi-next.vercel.app/api/graph:0
[   63765ms] [WARNING] [graph-store] syncToSupabase failed: invalid input syntax for type integer: "[0]" @ https://navi-next.vercel.app/_next/static/chunks/0tn7q1iy11gff.js:0
[   93853ms] [ERROR] Failed to load resource: the server responded with a status of 500 () @ https://navi-next.vercel.app/api/graph:0
[   93854ms] [WARNING] [graph-store] syncToSupabase failed: invalid input syntax for type integer: "[0]" @ https://navi-next.vercel.app/_next/static/chunks/0tn7q1iy11gff.js:0
[  123293ms] [ERROR] Failed to load resource: the server responded with a status of 500 () @ https://navi-next.vercel.app/api/graph:0
[  123293ms] [WARNING] [graph-store] syncToSupabase failed: invalid input syntax for type integer: "[0]" @ https://navi-next.vercel.app/_next/static/chunks/0tn7q1iy11gff.js:0
[  153292ms] [ERROR] Failed to load resource: the server responded with a status of 500 () @ https://navi-next.vercel.app/api/graph:0
[  153293ms] [WARNING] [graph-store] syncToSupabase failed: invalid input syntax for type integer: "[0]" @ https://navi-next.vercel.app/_next/static/chunks/0tn7q1iy11gff.js:0
[  183535ms] [ERROR] Failed to load resource: the server responded with a status of 500 () @ https://navi-next.vercel.app/api/graph:0
[  183536ms] [WARNING] [graph-store] syncToSupabase failed: invalid input syntax for type integer: "[0]" @ https://navi-next.vercel.app/_next/static/chunks/0tn7q1iy11gff.js:0
[  213552ms] [ERROR] Failed to load resource: the server responded with a status of 500 () @ https://navi-next.vercel.app/api/graph:0
[  213552ms] [WARNING] [graph-store] syncToSupabase failed: invalid input syntax for type integer: "[0]" @ https://navi-next.vercel.app/_next/static/chunks/0tn7q1iy11gff.js:0
[  243542ms] [ERROR] Failed to load resource: the server responded with a status of 500 () @ https://navi-next.vercel.app/api/graph:0
[  243542ms] [WARNING] [graph-store] syncToSupabase failed: invalid input syntax for type integer: "[0]" @ https://navi-next.vercel.app/_next/static/chunks/0tn7q1iy11gff.js:0
[  273766ms] [ERROR] Failed to load resource: the server responded with a status of 500 () @ https://navi-next.vercel.app/api/graph:0
[  273767ms] [WARNING] [graph-store] syncToSupabase failed: invalid input syntax for type integer: "[0]" @ https://navi-next.vercel.app/_next/static/chunks/0tn7q1iy11gff.js:0
[  303702ms] [ERROR] Failed to load resource: the server responded with a status of 500 () @ https://navi-next.vercel.app/api/graph:0
[  303702ms] [WARNING] [graph-store] syncToSupabase failed: invalid input syntax for type integer: "[0]" @ https://navi-next.vercel.app/_next/static/chunks/0tn7q1iy11gff.js:0
[  333042ms] [ERROR] Failed to load resource: the server responded with a status of 500 () @ https://navi-next.vercel.app/api/graph:0
[  333042ms] [WARNING] [graph-store] syncToSupabase failed: invalid input syntax for type integer: "[0]" @ https://navi-next.vercel.app/_next/static/chunks/0tn7q1iy11gff.js:0
[  363472ms] [ERROR] Failed to load resource: the server responded with a status of 500 () @ https://navi-next.vercel.app/api/graph:0
[  363473ms] [WARNING] [graph-store] syncToSupabase failed: invalid input syntax for type integer: "[0]" @ https://navi-next.vercel.app/_next/static/chunks/0tn7q1iy11gff.js:0
[  394272ms] [ERROR] Failed to load resource: the server responded with a status of 500 () @ https://navi-next.vercel.app/api/graph:0
[  394272ms] [WARNING] [graph-store] syncToSupabase failed: invalid input syntax for type integer: "[0]" @ https://navi-next.vercel.app/_next/static/chunks/0tn7q1iy11gff.js:0
[  423763ms] [ERROR] Failed to load resource: the server responded with a status of 500 () @ https://navi-next.vercel.app/api/graph:0
[  423763ms] [WARNING] [graph-store] syncToSupabase failed: invalid input syntax for type integer: "[0]" @ https://navi-next.vercel.app/_next/static/chunks/0tn7q1iy11gff.js:0
[  453754ms] [ERROR] Failed to load resource: the server responded with a status of 500 () @ https://navi-next.vercel.app/api/graph:0
[  453755ms] [WARNING] [graph-store] syncToSupabase failed: invalid input syntax for type integer: "[0]" @ https://navi-next.vercel.app/_next/static/chunks/0tn7q1iy11gff.js:0
[  483092ms] [ERROR] Failed to load resource: the server responded with a status of 500 () @ https://navi-next.vercel.app/api/graph:0
[  483093ms] [WARNING] [graph-store] syncToSupabase failed: invalid input syntax for type integer: "[0]" @ https://navi-next.vercel.app/_next/static/chunks/0tn7q1iy11gff.js:0
[  513558ms] [ERROR] Failed to load resource: the server responded with a status of 500 () @ https://navi-next.vercel.app/api/graph:0
[  513561ms] [WARNING] [graph-store] syncToSupabase failed: invalid input syntax for type integer: "[0]" @ https://navi-next.vercel.app/_next/static/chunks/0tn7q1iy11gff.js:0
[  544170ms] [ERROR] Failed to load resource: the server responded with a status of 500 () @ https://navi-next.vercel.app/api/graph:0
[  544171ms] [WARNING] [graph-store] syncToSupabase failed: invalid input syntax for type integer: "[0]" @ https://navi-next.vercel.app/_next/static/chunks/0tn7q1iy11gff.js:0
