[   73348ms] [WARNING] Unable to perform style diff: Style is not done loading..  Rebuilding the style from scratch. @ https://navi-next.vercel.app/_next/static/chunks/261cq39jf3lqt.js:0
[   74219ms] Error: Source "buildings-extrusion" already exists.
    at t5.addSource (https://navi-next.vercel.app/_next/static/chunks/261cq39jf3lqt.js:51:89567)
    at aU.addSource (https://navi-next.vercel.app/_next/static/chunks/261cq39jf3lqt.js:53:109431)
    at aU.<anonymous> (https://navi-next.vercel.app/_next/static/chunks/069hu6ml3rubr.js:1:20185)
    at aU.fire (https://navi-next.vercel.app/_next/static/chunks/261cq39jf3lqt.js:1:13067)
    at aU._render (https://navi-next.vercel.app/_next/static/chunks/261cq39jf3lqt.js:53:121679)
    at https://navi-next.vercel.app/_next/static/chunks/261cq39jf3lqt.js:53:123386
    at https://navi-next.vercel.app/_next/static/chunks/261cq39jf3lqt.js:2:344464
[   75656ms] ReferenceError: activeBuildingId is not defined
    at N (https://navi-next.vercel.app/_next/static/chunks/0lr5yabvk4huz.js:1:17208)
    at ay (https://navi-next.vercel.app/_next/static/chunks/2nykiepra7i1k.js:1:63845)
    at oJ (https://navi-next.vercel.app/_next/static/chunks/2nykiepra7i1k.js:1:84102)
    at iu (https://navi-next.vercel.app/_next/static/chunks/2nykiepra7i1k.js:1:95704)
    at sd (https://navi-next.vercel.app/_next/static/chunks/2nykiepra7i1k.js:1:138944)
    at https://navi-next.vercel.app/_next/static/chunks/2nykiepra7i1k.js:1:138789
    at sf (https://navi-next.vercel.app/_next/static/chunks/2nykiepra7i1k.js:1:138797)
    at se (https://navi-next.vercel.app/_next/static/chunks/2nykiepra7i1k.js:1:134718)
    at s$ (https://navi-next.vercel.app/_next/static/chunks/2nykiepra7i1k.js:1:160495)
    at MessagePort.O (https://navi-next.vercel.app/_next/static/chunks/2nykiepra7i1k.js:1:8660)
