[  120791ms] [ERROR] Access to fetch at 'https://tile.openstreetmap.org/20/880132/489618.png' from origin 'https://navi-next.vercel.app' has been blocked by CORS policy: No 'Access-Control-Allow-Origin' header is present on the requested resource. @ https://navi-next.vercel.app/studio/create:0
[  120791ms] [ERROR] Failed to load resource: net::ERR_FAILED @ https://tile.openstreetmap.org/20/880132/489618.png:0
[  120793ms] [ERROR] eZ: AJAXError: Failed to fetch (0): https://tile.openstreetmap.org/20/880132/489618.png
    at https://navi-next.vercel.app/_next/static/chunks/261cq39jf3lqt.js:1:10566
    at Generator.throw (<anonymous>)
    at l (https://navi-next.vercel.app/_next/static/chunks/261cq39jf3lqt.js:1:673) @ https://navi-next.vercel.app/_next/static/chunks/261cq39jf3lqt.js:0
[  120794ms] [ERROR] Access to fetch at 'https://tile.openstreetmap.org/20/880133/489618.png' from origin 'https://navi-next.vercel.app' has been blocked by CORS policy: No 'Access-Control-Allow-Origin' header is present on the requested resource. @ https://navi-next.vercel.app/studio/create:0
[  120794ms] [ERROR] Failed to load resource: net::ERR_FAILED @ https://tile.openstreetmap.org/20/880133/489618.png:0
[  120795ms] [ERROR] eZ: AJAXError: Failed to fetch (0): https://tile.openstreetmap.org/20/880133/489618.png
    at https://navi-next.vercel.app/_next/static/chunks/261cq39jf3lqt.js:1:10566
    at Generator.throw (<anonymous>)
    at l (https://navi-next.vercel.app/_next/static/chunks/261cq39jf3lqt.js:1:673) @ https://navi-next.vercel.app/_next/static/chunks/261cq39jf3lqt.js:0
[  120795ms] [ERROR] Access to fetch at 'https://tile.openstreetmap.org/20/880132/489619.png' from origin 'https://navi-next.vercel.app' has been blocked by CORS policy: No 'Access-Control-Allow-Origin' header is present on the requested resource. @ https://navi-next.vercel.app/studio/create:0
[  120795ms] [ERROR] Failed to load resource: net::ERR_FAILED @ https://tile.openstreetmap.org/20/880132/489619.png:0
[  120795ms] [ERROR] eZ: AJAXError: Failed to fetch (0): https://tile.openstreetmap.org/20/880132/489619.png
    at https://navi-next.vercel.app/_next/static/chunks/261cq39jf3lqt.js:1:10566
    at Generator.throw (<anonymous>)
    at l (https://navi-next.vercel.app/_next/static/chunks/261cq39jf3lqt.js:1:673) @ https://navi-next.vercel.app/_next/static/chunks/261cq39jf3lqt.js:0
[  120795ms] [ERROR] Access to fetch at 'https://tile.openstreetmap.org/20/880133/489619.png' from origin 'https://navi-next.vercel.app' has been blocked by CORS policy: No 'Access-Control-Allow-Origin' header is present on the requested resource. @ https://navi-next.vercel.app/studio/create:0
[  120795ms] [ERROR] Failed to load resource: net::ERR_FAILED @ https://tile.openstreetmap.org/20/880133/489619.png:0
[  120796ms] [ERROR] eZ: AJAXError: Failed to fetch (0): https://tile.openstreetmap.org/20/880133/489619.png
    at https://navi-next.vercel.app/_next/static/chunks/261cq39jf3lqt.js:1:10566
    at Generator.throw (<anonymous>)
    at l (https://navi-next.vercel.app/_next/static/chunks/261cq39jf3lqt.js:1:673) @ https://navi-next.vercel.app/_next/static/chunks/261cq39jf3lqt.js:0
[  120796ms] [ERROR] Access to fetch at 'https://tile.openstreetmap.org/20/880132/489617.png' from origin 'https://navi-next.vercel.app' has been blocked by CORS policy: No 'Access-Control-Allow-Origin' header is present on the requested resource. @ https://navi-next.vercel.app/studio/create:0
[  120796ms] [ERROR] Failed to load resource: net::ERR_FAILED @ https://tile.openstreetmap.org/20/880132/489617.png:0
[  120796ms] [ERROR] eZ: AJAXError: Failed to fetch (0): https://tile.openstreetmap.org/20/880132/489617.png
    at https://navi-next.vercel.app/_next/static/chunks/261cq39jf3lqt.js:1:10566
    at Generator.throw (<anonymous>)
    at l (https://navi-next.vercel.app/_next/static/chunks/261cq39jf3lqt.js:1:673) @ https://navi-next.vercel.app/_next/static/chunks/261cq39jf3lqt.js:0
[  120797ms] [ERROR] Access to fetch at 'https://tile.openstreetmap.org/20/880133/489617.png' from origin 'https://navi-next.vercel.app' has been blocked by CORS policy: No 'Access-Control-Allow-Origin' header is present on the requested resource. @ https://navi-next.vercel.app/studio/create:0
[  120797ms] [ERROR] Failed to load resource: net::ERR_FAILED @ https://tile.openstreetmap.org/20/880133/489617.png:0
[  120797ms] [ERROR] eZ: AJAXError: Failed to fetch (0): https://tile.openstreetmap.org/20/880133/489617.png
    at https://navi-next.vercel.app/_next/static/chunks/261cq39jf3lqt.js:1:10566
    at Generator.throw (<anonymous>)
    at l (https://navi-next.vercel.app/_next/static/chunks/261cq39jf3lqt.js:1:673) @ https://navi-next.vercel.app/_next/static/chunks/261cq39jf3lqt.js:0
[  120797ms] [ERROR] Access to fetch at 'https://tile.openstreetmap.org/20/880131/489619.png' from origin 'https://navi-next.vercel.app' has been blocked by CORS policy: No 'Access-Control-Allow-Origin' header is present on the requested resource. @ https://navi-next.vercel.app/studio/create:0
[  120797ms] [ERROR] Failed to load resource: net::ERR_FAILED @ https://tile.openstreetmap.org/20/880131/489619.png:0
[  120797ms] [ERROR] eZ: AJAXError: Failed to fetch (0): https://tile.openstreetmap.org/20/880131/489619.png
    at https://navi-next.vercel.app/_next/static/chunks/261cq39jf3lqt.js:1:10566
    at Generator.throw (<anonymous>)
    at l (https://navi-next.vercel.app/_next/static/chunks/261cq39jf3lqt.js:1:673) @ https://navi-next.vercel.app/_next/static/chunks/261cq39jf3lqt.js:0
[  120798ms] [ERROR] Access to fetch at 'https://tile.openstreetmap.org/20/880131/489618.png' from origin 'https://navi-next.vercel.app' has been blocked by CORS policy: No 'Access-Control-Allow-Origin' header is present on the requested resource. @ https://navi-next.vercel.app/studio/create:0
[  120798ms] [ERROR] Failed to load resource: net::ERR_FAILED @ https://tile.openstreetmap.org/20/880131/489618.png:0
[  120798ms] [ERROR] eZ: AJAXError: Failed to fetch (0): https://tile.openstreetmap.org/20/880131/489618.png
    at https://navi-next.vercel.app/_next/static/chunks/261cq39jf3lqt.js:1:10566
    at Generator.throw (<anonymous>)
    at l (https://navi-next.vercel.app/_next/static/chunks/261cq39jf3lqt.js:1:673) @ https://navi-next.vercel.app/_next/static/chunks/261cq39jf3lqt.js:0
[  122799ms] [ERROR] Access to fetch at 'https://tile.openstreetmap.org/20/880133/489620.png' from origin 'https://navi-next.vercel.app' has been blocked by CORS policy: No 'Access-Control-Allow-Origin' header is present on the requested resource. @ https://navi-next.vercel.app/studio/create:0
[  122799ms] [ERROR] Failed to load resource: net::ERR_FAILED @ https://tile.openstreetmap.org/20/880133/489620.png:0
[  122800ms] [ERROR] eZ: AJAXError: Failed to fetch (0): https://tile.openstreetmap.org/20/880133/489620.png
    at https://navi-next.vercel.app/_next/static/chunks/261cq39jf3lqt.js:1:10566
    at Generator.throw (<anonymous>)
    at l (https://navi-next.vercel.app/_next/static/chunks/261cq39jf3lqt.js:1:673) @ https://navi-next.vercel.app/_next/static/chunks/261cq39jf3lqt.js:0
[  122803ms] [ERROR] Access to fetch at 'https://tile.openstreetmap.org/20/880134/489618.png' from origin 'https://navi-next.vercel.app' has been blocked by CORS policy: No 'Access-Control-Allow-Origin' header is present on the requested resource. @ https://navi-next.vercel.app/studio/create:0
[  122803ms] [ERROR] Failed to load resource: net::ERR_FAILED @ https://tile.openstreetmap.org/20/880134/489618.png:0
[  122803ms] [ERROR] eZ: AJAXError: Failed to fetch (0): https://tile.openstreetmap.org/20/880134/489618.png
    at https://navi-next.vercel.app/_next/static/chunks/261cq39jf3lqt.js:1:10566
    at Generator.throw (<anonymous>)
    at l (https://navi-next.vercel.app/_next/static/chunks/261cq39jf3lqt.js:1:673) @ https://navi-next.vercel.app/_next/static/chunks/261cq39jf3lqt.js:0
[  122803ms] [ERROR] Access to fetch at 'https://tile.openstreetmap.org/20/880132/489620.png' from origin 'https://navi-next.vercel.app' has been blocked by CORS policy: No 'Access-Control-Allow-Origin' header is present on the requested resource. @ https://navi-next.vercel.app/studio/create:0
[  122803ms] [ERROR] Failed to load resource: net::ERR_FAILED @ https://tile.openstreetmap.org/20/880132/489620.png:0
[  122804ms] [ERROR] eZ: AJAXError: Failed to fetch (0): https://tile.openstreetmap.org/20/880132/489620.png
    at https://navi-next.vercel.app/_next/static/chunks/261cq39jf3lqt.js:1:10566
    at Generator.throw (<anonymous>)
    at l (https://navi-next.vercel.app/_next/static/chunks/261cq39jf3lqt.js:1:673) @ https://navi-next.vercel.app/_next/static/chunks/261cq39jf3lqt.js:0
[  122804ms] [ERROR] Access to fetch at 'https://tile.openstreetmap.org/20/880134/489619.png' from origin 'https://navi-next.vercel.app' has been blocked by CORS policy: No 'Access-Control-Allow-Origin' header is present on the requested resource. @ https://navi-next.vercel.app/studio/create:0
[  122804ms] [ERROR] Failed to load resource: net::ERR_FAILED @ https://tile.openstreetmap.org/20/880134/489619.png:0
[  122804ms] [ERROR] eZ: AJAXError: Failed to fetch (0): https://tile.openstreetmap.org/20/880134/489619.png
    at https://navi-next.vercel.app/_next/static/chunks/261cq39jf3lqt.js:1:10566
    at Generator.throw (<anonymous>)
    at l (https://navi-next.vercel.app/_next/static/chunks/261cq39jf3lqt.js:1:673) @ https://navi-next.vercel.app/_next/static/chunks/261cq39jf3lqt.js:0
[  122804ms] [ERROR] Access to fetch at 'https://tile.openstreetmap.org/20/880131/489617.png' from origin 'https://navi-next.vercel.app' has been blocked by CORS policy: No 'Access-Control-Allow-Origin' header is present on the requested resource. @ https://navi-next.vercel.app/studio/create:0
[  122804ms] [ERROR] Failed to load resource: net::ERR_FAILED @ https://tile.openstreetmap.org/20/880131/489617.png:0
[  122805ms] [ERROR] eZ: AJAXError: Failed to fetch (0): https://tile.openstreetmap.org/20/880131/489617.png
    at https://navi-next.vercel.app/_next/static/chunks/261cq39jf3lqt.js:1:10566
    at Generator.throw (<anonymous>)
    at l (https://navi-next.vercel.app/_next/static/chunks/261cq39jf3lqt.js:1:673) @ https://navi-next.vercel.app/_next/static/chunks/261cq39jf3lqt.js:0
[  122805ms] [ERROR] Access to fetch at 'https://tile.openstreetmap.org/20/880131/489620.png' from origin 'https://navi-next.vercel.app' has been blocked by CORS policy: No 'Access-Control-Allow-Origin' header is present on the requested resource. @ https://navi-next.vercel.app/studio/create:0
[  122805ms] [ERROR] Failed to load resource: net::ERR_FAILED @ https://tile.openstreetmap.org/20/880131/489620.png:0
[  122805ms] [ERROR] eZ: AJAXError: Failed to fetch (0): https://tile.openstreetmap.org/20/880131/489620.png
    at https://navi-next.vercel.app/_next/static/chunks/261cq39jf3lqt.js:1:10566
    at Generator.throw (<anonymous>)
    at l (https://navi-next.vercel.app/_next/static/chunks/261cq39jf3lqt.js:1:673) @ https://navi-next.vercel.app/_next/static/chunks/261cq39jf3lqt.js:0
[  122805ms] [ERROR] Access to fetch at 'https://tile.openstreetmap.org/20/880130/489618.png' from origin 'https://navi-next.vercel.app' has been blocked by CORS policy: No 'Access-Control-Allow-Origin' header is present on the requested resource. @ https://navi-next.vercel.app/studio/create:0
[  122805ms] [ERROR] Failed to load resource: net::ERR_FAILED @ https://tile.openstreetmap.org/20/880130/489618.png:0
[  122805ms] [ERROR] eZ: AJAXError: Failed to fetch (0): https://tile.openstreetmap.org/20/880130/489618.png
    at https://navi-next.vercel.app/_next/static/chunks/261cq39jf3lqt.js:1:10566
    at Generator.throw (<anonymous>)
    at l (https://navi-next.vercel.app/_next/static/chunks/261cq39jf3lqt.js:1:673) @ https://navi-next.vercel.app/_next/static/chunks/261cq39jf3lqt.js:0
[  122805ms] [ERROR] Access to fetch at 'https://tile.openstreetmap.org/20/880130/489619.png' from origin 'https://navi-next.vercel.app' has been blocked by CORS policy: No 'Access-Control-Allow-Origin' header is present on the requested resource. @ https://navi-next.vercel.app/studio/create:0
[  122805ms] [ERROR] Failed to load resource: net::ERR_FAILED @ https://tile.openstreetmap.org/20/880130/489619.png:0
[  122805ms] [ERROR] eZ: AJAXError: Failed to fetch (0): https://tile.openstreetmap.org/20/880130/489619.png
    at https://navi-next.vercel.app/_next/static/chunks/261cq39jf3lqt.js:1:10566
    at Generator.throw (<anonymous>)
    at l (https://navi-next.vercel.app/_next/static/chunks/261cq39jf3lqt.js:1:673) @ https://navi-next.vercel.app/_next/static/chunks/261cq39jf3lqt.js:0
[  122805ms] [ERROR] Access to fetch at 'https://tile.openstreetmap.org/20/880134/489617.png' from origin 'https://navi-next.vercel.app' has been blocked by CORS policy: No 'Access-Control-Allow-Origin' header is present on the requested resource. @ https://navi-next.vercel.app/studio/create:0
[  122806ms] [ERROR] Failed to load resource: net::ERR_FAILED @ https://tile.openstreetmap.org/20/880134/489617.png:0
[  122806ms] [ERROR] eZ: AJAXError: Failed to fetch (0): https://tile.openstreetmap.org/20/880134/489617.png
    at https://navi-next.vercel.app/_next/static/chunks/261cq39jf3lqt.js:1:10566
    at Generator.throw (<anonymous>)
    at l (https://navi-next.vercel.app/_next/static/chunks/261cq39jf3lqt.js:1:673) @ https://navi-next.vercel.app/_next/static/chunks/261cq39jf3lqt.js:0
[  122806ms] [ERROR] Access to fetch at 'https://tile.openstreetmap.org/20/880134/489620.png' from origin 'https://navi-next.vercel.app' has been blocked by CORS policy: No 'Access-Control-Allow-Origin' header is present on the requested resource. @ https://navi-next.vercel.app/studio/create:0
[  122806ms] [ERROR] Failed to load resource: net::ERR_FAILED @ https://tile.openstreetmap.org/20/880134/489620.png:0
[  122806ms] [ERROR] eZ: AJAXError: Failed to fetch (0): https://tile.openstreetmap.org/20/880134/489620.png
    at https://navi-next.vercel.app/_next/static/chunks/261cq39jf3lqt.js:1:10566
    at Generator.throw (<anonymous>)
    at l (https://navi-next.vercel.app/_next/static/chunks/261cq39jf3lqt.js:1:673) @ https://navi-next.vercel.app/_next/static/chunks/261cq39jf3lqt.js:0
[  122806ms] [ERROR] Access to fetch at 'https://tile.openstreetmap.org/20/880130/489617.png' from origin 'https://navi-next.vercel.app' has been blocked by CORS policy: No 'Access-Control-Allow-Origin' header is present on the requested resource. @ https://navi-next.vercel.app/studio/create:0
[  122806ms] [ERROR] Failed to load resource: net::ERR_FAILED @ https://tile.openstreetmap.org/20/880130/489617.png:0
[  122806ms] [ERROR] eZ: AJAXError: Failed to fetch (0): https://tile.openstreetmap.org/20/880130/489617.png
    at https://navi-next.vercel.app/_next/static/chunks/261cq39jf3lqt.js:1:10566
    at Generator.throw (<anonymous>)
    at l (https://navi-next.vercel.app/_next/static/chunks/261cq39jf3lqt.js:1:673) @ https://navi-next.vercel.app/_next/static/chunks/261cq39jf3lqt.js:0
[  122806ms] [ERROR] Access to fetch at 'https://tile.openstreetmap.org/20/880130/489620.png' from origin 'https://navi-next.vercel.app' has been blocked by CORS policy: No 'Access-Control-Allow-Origin' header is present on the requested resource. @ https://navi-next.vercel.app/studio/create:0
[  122806ms] [ERROR] Failed to load resource: net::ERR_FAILED @ https://tile.openstreetmap.org/20/880130/489620.png:0
[  122806ms] [ERROR] eZ: AJAXError: Failed to fetch (0): https://tile.openstreetmap.org/20/880130/489620.png
    at https://navi-next.vercel.app/_next/static/chunks/261cq39jf3lqt.js:1:10566
    at Generator.throw (<anonymous>)
    at l (https://navi-next.vercel.app/_next/static/chunks/261cq39jf3lqt.js:1:673) @ https://navi-next.vercel.app/_next/static/chunks/261cq39jf3lqt.js:0
[  122807ms] [ERROR] Access to fetch at 'https://tile.openstreetmap.org/20/880129/489618.png' from origin 'https://navi-next.vercel.app' has been blocked by CORS policy: No 'Access-Control-Allow-Origin' header is present on the requested resource. @ https://navi-next.vercel.app/studio/create:0
[  122807ms] [ERROR] Failed to load resource: net::ERR_FAILED @ https://tile.openstreetmap.org/20/880129/489618.png:0
[  122807ms] [ERROR] eZ: AJAXError: Failed to fetch (0): https://tile.openstreetmap.org/20/880129/489618.png
    at https://navi-next.vercel.app/_next/static/chunks/261cq39jf3lqt.js:1:10566
    at Generator.throw (<anonymous>)
    at l (https://navi-next.vercel.app/_next/static/chunks/261cq39jf3lqt.js:1:673) @ https://navi-next.vercel.app/_next/static/chunks/261cq39jf3lqt.js:0
[  122807ms] [ERROR] Access to fetch at 'https://tile.openstreetmap.org/20/880129/489617.png' from origin 'https://navi-next.vercel.app' has been blocked by CORS policy: No 'Access-Control-Allow-Origin' header is present on the requested resource. @ https://navi-next.vercel.app/studio/create:0
[  122807ms] [ERROR] Failed to load resource: net::ERR_FAILED @ https://tile.openstreetmap.org/20/880129/489617.png:0
[  122807ms] [ERROR] eZ: AJAXError: Failed to fetch (0): https://tile.openstreetmap.org/20/880129/489617.png
    at https://navi-next.vercel.app/_next/static/chunks/261cq39jf3lqt.js:1:10566
    at Generator.throw (<anonymous>)
    at l (https://navi-next.vercel.app/_next/static/chunks/261cq39jf3lqt.js:1:673) @ https://navi-next.vercel.app/_next/static/chunks/261cq39jf3lqt.js:0
[  122807ms] [ERROR] Access to fetch at 'https://tile.openstreetmap.org/20/880129/489620.png' from origin 'https://navi-next.vercel.app' has been blocked by CORS policy: No 'Access-Control-Allow-Origin' header is present on the requested resource. @ https://navi-next.vercel.app/studio/create:0
[  122807ms] [ERROR] Failed to load resource: net::ERR_FAILED @ https://tile.openstreetmap.org/20/880129/489620.png:0
[  122807ms] [ERROR] eZ: AJAXError: Failed to fetch (0): https://tile.openstreetmap.org/20/880129/489620.png
    at https://navi-next.vercel.app/_next/static/chunks/261cq39jf3lqt.js:1:10566
    at Generator.throw (<anonymous>)
    at l (https://navi-next.vercel.app/_next/static/chunks/261cq39jf3lqt.js:1:673) @ https://navi-next.vercel.app/_next/static/chunks/261cq39jf3lqt.js:0
[  122807ms] [ERROR] Access to fetch at 'https://tile.openstreetmap.org/20/880129/489619.png' from origin 'https://navi-next.vercel.app' has been blocked by CORS policy: No 'Access-Control-Allow-Origin' header is present on the requested resource. @ https://navi-next.vercel.app/studio/create:0
[  122807ms] [ERROR] Failed to load resource: net::ERR_FAILED @ https://tile.openstreetmap.org/20/880129/489619.png:0
[  122807ms] [ERROR] eZ: AJAXError: Failed to fetch (0): https://tile.openstreetmap.org/20/880129/489619.png
    at https://navi-next.vercel.app/_next/static/chunks/261cq39jf3lqt.js:1:10566
    at Generator.throw (<anonymous>)
    at l (https://navi-next.vercel.app/_next/static/chunks/261cq39jf3lqt.js:1:673) @ https://navi-next.vercel.app/_next/static/chunks/261cq39jf3lqt.js:0
[  124788ms] [ERROR] Access to fetch at 'https://tile.openstreetmap.org/20/880128/489618.png' from origin 'https://navi-next.vercel.app' has been blocked by CORS policy: No 'Access-Control-Allow-Origin' header is present on the requested resource. @ https://navi-next.vercel.app/studio/create:0
[  124788ms] [ERROR] Failed to load resource: net::ERR_FAILED @ https://tile.openstreetmap.org/20/880128/489618.png:0
[  124788ms] [ERROR] eZ: AJAXError: Failed to fetch (0): https://tile.openstreetmap.org/20/880128/489618.png
    at https://navi-next.vercel.app/_next/static/chunks/261cq39jf3lqt.js:1:10566
    at Generator.throw (<anonymous>)
    at l (https://navi-next.vercel.app/_next/static/chunks/261cq39jf3lqt.js:1:673) @ https://navi-next.vercel.app/_next/static/chunks/261cq39jf3lqt.js:0
[  124789ms] [ERROR] Access to fetch at 'https://tile.openstreetmap.org/20/880128/489619.png' from origin 'https://navi-next.vercel.app' has been blocked by CORS policy: No 'Access-Control-Allow-Origin' header is present on the requested resource. @ https://navi-next.vercel.app/studio/create:0
[  124789ms] [ERROR] Failed to load resource: net::ERR_FAILED @ https://tile.openstreetmap.org/20/880128/489619.png:0
[  124789ms] [ERROR] eZ: AJAXError: Failed to fetch (0): https://tile.openstreetmap.org/20/880128/489619.png
    at https://navi-next.vercel.app/_next/static/chunks/261cq39jf3lqt.js:1:10566
    at Generator.throw (<anonymous>)
    at l (https://navi-next.vercel.app/_next/static/chunks/261cq39jf3lqt.js:1:673) @ https://navi-next.vercel.app/_next/static/chunks/261cq39jf3lqt.js:0
[  124789ms] [ERROR] Access to fetch at 'https://tile.openstreetmap.org/20/880128/489617.png' from origin 'https://navi-next.vercel.app' has been blocked by CORS policy: No 'Access-Control-Allow-Origin' header is present on the requested resource. @ https://navi-next.vercel.app/studio/create:0
[  124789ms] [ERROR] Failed to load resource: net::ERR_FAILED @ https://tile.openstreetmap.org/20/880128/489617.png:0
[  124789ms] [ERROR] eZ: AJAXError: Failed to fetch (0): https://tile.openstreetmap.org/20/880128/489617.png
    at https://navi-next.vercel.app/_next/static/chunks/261cq39jf3lqt.js:1:10566
    at Generator.throw (<anonymous>)
    at l (https://navi-next.vercel.app/_next/static/chunks/261cq39jf3lqt.js:1:673) @ https://navi-next.vercel.app/_next/static/chunks/261cq39jf3lqt.js:0
[  124789ms] [ERROR] Access to fetch at 'https://tile.openstreetmap.org/20/880128/489620.png' from origin 'https://navi-next.vercel.app' has been blocked by CORS policy: No 'Access-Control-Allow-Origin' header is present on the requested resource. @ https://navi-next.vercel.app/studio/create:0
[  124789ms] [ERROR] Failed to load resource: net::ERR_FAILED @ https://tile.openstreetmap.org/20/880128/489620.png:0
[  124789ms] [ERROR] eZ: AJAXError: Failed to fetch (0): https://tile.openstreetmap.org/20/880128/489620.png
    at https://navi-next.vercel.app/_next/static/chunks/261cq39jf3lqt.js:1:10566
    at Generator.throw (<anonymous>)
    at l (https://navi-next.vercel.app/_next/static/chunks/261cq39jf3lqt.js:1:673) @ https://navi-next.vercel.app/_next/static/chunks/261cq39jf3lqt.js:0
[  134790ms] [ERROR] Access to fetch at 'https://tile.openstreetmap.org/20/880130/489619.png' from origin 'https://navi-next.vercel.app' has been blocked by CORS policy: No 'Access-Control-Allow-Origin' header is present on the requested resource. @ https://navi-next.vercel.app/studio/create:0
[  134790ms] [ERROR] Failed to load resource: net::ERR_FAILED @ https://tile.openstreetmap.org/20/880130/489619.png:0
[  134792ms] [ERROR] eZ: AJAXError: Failed to fetch (0): https://tile.openstreetmap.org/20/880130/489619.png
    at https://navi-next.vercel.app/_next/static/chunks/261cq39jf3lqt.js:1:10566
    at Generator.throw (<anonymous>)
    at l (https://navi-next.vercel.app/_next/static/chunks/261cq39jf3lqt.js:1:673) @ https://navi-next.vercel.app/_next/static/chunks/261cq39jf3lqt.js:0
[  134794ms] [ERROR] Access to fetch at 'https://tile.openstreetmap.org/20/880131/489618.png' from origin 'https://navi-next.vercel.app' has been blocked by CORS policy: No 'Access-Control-Allow-Origin' header is present on the requested resource. @ https://navi-next.vercel.app/studio/create:0
[  134794ms] [ERROR] Failed to load resource: net::ERR_FAILED @ https://tile.openstreetmap.org/20/880131/489618.png:0
[  134794ms] [ERROR] eZ: AJAXError: Failed to fetch (0): https://tile.openstreetmap.org/20/880131/489618.png
    at https://navi-next.vercel.app/_next/static/chunks/261cq39jf3lqt.js:1:10566
    at Generator.throw (<anonymous>)
    at l (https://navi-next.vercel.app/_next/static/chunks/261cq39jf3lqt.js:1:673) @ https://navi-next.vercel.app/_next/static/chunks/261cq39jf3lqt.js:0
[  134795ms] [ERROR] Access to fetch at 'https://tile.openstreetmap.org/20/880131/489619.png' from origin 'https://navi-next.vercel.app' has been blocked by CORS policy: No 'Access-Control-Allow-Origin' header is present on the requested resource. @ https://navi-next.vercel.app/studio/create:0
[  134795ms] [ERROR] Failed to load resource: net::ERR_FAILED @ https://tile.openstreetmap.org/20/880131/489619.png:0
[  134795ms] [ERROR] eZ: AJAXError: Failed to fetch (0): https://tile.openstreetmap.org/20/880131/489619.png
    at https://navi-next.vercel.app/_next/static/chunks/261cq39jf3lqt.js:1:10566
    at Generator.throw (<anonymous>)
    at l (https://navi-next.vercel.app/_next/static/chunks/261cq39jf3lqt.js:1:673) @ https://navi-next.vercel.app/_next/static/chunks/261cq39jf3lqt.js:0
[  134795ms] [ERROR] Access to fetch at 'https://tile.openstreetmap.org/20/880132/489618.png' from origin 'https://navi-next.vercel.app' has been blocked by CORS policy: No 'Access-Control-Allow-Origin' header is present on the requested resource. @ https://navi-next.vercel.app/studio/create:0
[  134795ms] [ERROR] Failed to load resource: net::ERR_FAILED @ https://tile.openstreetmap.org/20/880132/489618.png:0
[  134795ms] [ERROR] eZ: AJAXError: Failed to fetch (0): https://tile.openstreetmap.org/20/880132/489618.png
    at https://navi-next.vercel.app/_next/static/chunks/261cq39jf3lqt.js:1:10566
    at Generator.throw (<anonymous>)
    at l (https://navi-next.vercel.app/_next/static/chunks/261cq39jf3lqt.js:1:673) @ https://navi-next.vercel.app/_next/static/chunks/261cq39jf3lqt.js:0
[  134796ms] [ERROR] Access to fetch at 'https://tile.openstreetmap.org/20/880130/489618.png' from origin 'https://navi-next.vercel.app' has been blocked by CORS policy: No 'Access-Control-Allow-Origin' header is present on the requested resource. @ https://navi-next.vercel.app/studio/create:0
[  134796ms] [ERROR] Failed to load resource: net::ERR_FAILED @ https://tile.openstreetmap.org/20/880130/489618.png:0
[  134796ms] [ERROR] eZ: AJAXError: Failed to fetch (0): https://tile.openstreetmap.org/20/880130/489618.png
    at https://navi-next.vercel.app/_next/static/chunks/261cq39jf3lqt.js:1:10566
    at Generator.throw (<anonymous>)
    at l (https://navi-next.vercel.app/_next/static/chunks/261cq39jf3lqt.js:1:673) @ https://navi-next.vercel.app/_next/static/chunks/261cq39jf3lqt.js:0
[  134796ms] [ERROR] Access to fetch at 'https://tile.openstreetmap.org/20/880131/489617.png' from origin 'https://navi-next.vercel.app' has been blocked by CORS policy: No 'Access-Control-Allow-Origin' header is present on the requested resource. @ https://navi-next.vercel.app/studio/create:0
[  134796ms] [ERROR] Failed to load resource: net::ERR_FAILED @ https://tile.openstreetmap.org/20/880131/489617.png:0
[  134796ms] [ERROR] eZ: AJAXError: Failed to fetch (0): https://tile.openstreetmap.org/20/880131/489617.png
    at https://navi-next.vercel.app/_next/static/chunks/261cq39jf3lqt.js:1:10566
    at Generator.throw (<anonymous>)
    at l (https://navi-next.vercel.app/_next/static/chunks/261cq39jf3lqt.js:1:673) @ https://navi-next.vercel.app/_next/static/chunks/261cq39jf3lqt.js:0
[  134797ms] [ERROR] Access to fetch at 'https://tile.openstreetmap.org/20/880131/489620.png' from origin 'https://navi-next.vercel.app' has been blocked by CORS policy: No 'Access-Control-Allow-Origin' header is present on the requested resource. @ https://navi-next.vercel.app/studio/create:0
[  134797ms] [ERROR] Failed to load resource: net::ERR_FAILED @ https://tile.openstreetmap.org/20/880131/489620.png:0
[  134797ms] [ERROR] eZ: AJAXError: Failed to fetch (0): https://tile.openstreetmap.org/20/880131/489620.png
    at https://navi-next.vercel.app/_next/static/chunks/261cq39jf3lqt.js:1:10566
    at Generator.throw (<anonymous>)
    at l (https://navi-next.vercel.app/_next/static/chunks/261cq39jf3lqt.js:1:673) @ https://navi-next.vercel.app/_next/static/chunks/261cq39jf3lqt.js:0
[  134797ms] [ERROR] Access to fetch at 'https://tile.openstreetmap.org/20/880132/489619.png' from origin 'https://navi-next.vercel.app' has been blocked by CORS policy: No 'Access-Control-Allow-Origin' header is present on the requested resource. @ https://navi-next.vercel.app/studio/create:0
[  134797ms] [ERROR] Failed to load resource: net::ERR_FAILED @ https://tile.openstreetmap.org/20/880132/489619.png:0
[  134797ms] [ERROR] eZ: AJAXError: Failed to fetch (0): https://tile.openstreetmap.org/20/880132/489619.png
    at https://navi-next.vercel.app/_next/static/chunks/261cq39jf3lqt.js:1:10566
    at Generator.throw (<anonymous>)
    at l (https://navi-next.vercel.app/_next/static/chunks/261cq39jf3lqt.js:1:673) @ https://navi-next.vercel.app/_next/static/chunks/261cq39jf3lqt.js:0
[  136800ms] [ERROR] Access to fetch at 'https://tile.openstreetmap.org/20/880132/489617.png' from origin 'https://navi-next.vercel.app' has been blocked by CORS policy: No 'Access-Control-Allow-Origin' header is present on the requested resource. @ https://navi-next.vercel.app/studio/create:0
[  136800ms] [ERROR] Failed to load resource: net::ERR_FAILED @ https://tile.openstreetmap.org/20/880132/489617.png:0
[  136801ms] [ERROR] eZ: AJAXError: Failed to fetch (0): https://tile.openstreetmap.org/20/880132/489617.png
    at https://navi-next.vercel.app/_next/static/chunks/261cq39jf3lqt.js:1:10566
    at Generator.throw (<anonymous>)
    at l (https://navi-next.vercel.app/_next/static/chunks/261cq39jf3lqt.js:1:673) @ https://navi-next.vercel.app/_next/static/chunks/261cq39jf3lqt.js:0
[  136804ms] [ERROR] Access to fetch at 'https://tile.openstreetmap.org/20/880130/489617.png' from origin 'https://navi-next.vercel.app' has been blocked by CORS policy: No 'Access-Control-Allow-Origin' header is present on the requested resource. @ https://navi-next.vercel.app/studio/create:0
[  136804ms] [ERROR] Failed to load resource: net::ERR_FAILED @ https://tile.openstreetmap.org/20/880130/489617.png:0
[  136805ms] [ERROR] eZ: AJAXError: Failed to fetch (0): https://tile.openstreetmap.org/20/880130/489617.png
    at https://navi-next.vercel.app/_next/static/chunks/261cq39jf3lqt.js:1:10566
    at Generator.throw (<anonymous>)
    at l (https://navi-next.vercel.app/_next/static/chunks/261cq39jf3lqt.js:1:673) @ https://navi-next.vercel.app/_next/static/chunks/261cq39jf3lqt.js:0
[  136805ms] [ERROR] Access to fetch at 'https://tile.openstreetmap.org/20/880132/489620.png' from origin 'https://navi-next.vercel.app' has been blocked by CORS policy: No 'Access-Control-Allow-Origin' header is present on the requested resource. @ https://navi-next.vercel.app/studio/create:0
[  136805ms] [ERROR] Failed to load resource: net::ERR_FAILED @ https://tile.openstreetmap.org/20/880132/489620.png:0
[  136805ms] [ERROR] eZ: AJAXError: Failed to fetch (0): https://tile.openstreetmap.org/20/880132/489620.png
    at https://navi-next.vercel.app/_next/static/chunks/261cq39jf3lqt.js:1:10566
    at Generator.throw (<anonymous>)
    at l (https://navi-next.vercel.app/_next/static/chunks/261cq39jf3lqt.js:1:673) @ https://navi-next.vercel.app/_next/static/chunks/261cq39jf3lqt.js:0
[  136805ms] [ERROR] Access to fetch at 'https://tile.openstreetmap.org/20/880130/489620.png' from origin 'https://navi-next.vercel.app' has been blocked by CORS policy: No 'Access-Control-Allow-Origin' header is present on the requested resource. @ https://navi-next.vercel.app/studio/create:0
[  136805ms] [ERROR] Failed to load resource: net::ERR_FAILED @ https://tile.openstreetmap.org/20/880130/489620.png:0
[  136805ms] [ERROR] eZ: AJAXError: Failed to fetch (0): https://tile.openstreetmap.org/20/880130/489620.png
    at https://navi-next.vercel.app/_next/static/chunks/261cq39jf3lqt.js:1:10566
    at Generator.throw (<anonymous>)
    at l (https://navi-next.vercel.app/_next/static/chunks/261cq39jf3lqt.js:1:673) @ https://navi-next.vercel.app/_next/static/chunks/261cq39jf3lqt.js:0
[  136806ms] [ERROR] Access to fetch at 'https://tile.openstreetmap.org/20/880133/489618.png' from origin 'https://navi-next.vercel.app' has been blocked by CORS policy: No 'Access-Control-Allow-Origin' header is present on the requested resource. @ https://navi-next.vercel.app/studio/create:0
[  136806ms] [ERROR] Failed to load resource: net::ERR_FAILED @ https://tile.openstreetmap.org/20/880133/489618.png:0
[  136806ms] [ERROR] eZ: AJAXError: Failed to fetch (0): https://tile.openstreetmap.org/20/880133/489618.png
    at https://navi-next.vercel.app/_next/static/chunks/261cq39jf3lqt.js:1:10566
    at Generator.throw (<anonymous>)
    at l (https://navi-next.vercel.app/_next/static/chunks/261cq39jf3lqt.js:1:673) @ https://navi-next.vercel.app/_next/static/chunks/261cq39jf3lqt.js:0
[  136806ms] [ERROR] Access to fetch at 'https://tile.openstreetmap.org/20/880133/489619.png' from origin 'https://navi-next.vercel.app' has been blocked by CORS policy: No 'Access-Control-Allow-Origin' header is present on the requested resource. @ https://navi-next.vercel.app/studio/create:0
[  136806ms] [ERROR] Failed to load resource: net::ERR_FAILED @ https://tile.openstreetmap.org/20/880133/489619.png:0
[  136806ms] [ERROR] eZ: AJAXError: Failed to fetch (0): https://tile.openstreetmap.org/20/880133/489619.png
    at https://navi-next.vercel.app/_next/static/chunks/261cq39jf3lqt.js:1:10566
    at Generator.throw (<anonymous>)
    at l (https://navi-next.vercel.app/_next/static/chunks/261cq39jf3lqt.js:1:673) @ https://navi-next.vercel.app/_next/static/chunks/261cq39jf3lqt.js:0
[  136806ms] [ERROR] Access to fetch at 'https://tile.openstreetmap.org/20/880129/489619.png' from origin 'https://navi-next.vercel.app' has been blocked by CORS policy: No 'Access-Control-Allow-Origin' header is present on the requested resource. @ https://navi-next.vercel.app/studio/create:0
[  136807ms] [ERROR] Failed to load resource: net::ERR_FAILED @ https://tile.openstreetmap.org/20/880129/489619.png:0
[  136807ms] [ERROR] eZ: AJAXError: Failed to fetch (0): https://tile.openstreetmap.org/20/880129/489619.png
    at https://navi-next.vercel.app/_next/static/chunks/261cq39jf3lqt.js:1:10566
    at Generator.throw (<anonymous>)
    at l (https://navi-next.vercel.app/_next/static/chunks/261cq39jf3lqt.js:1:673) @ https://navi-next.vercel.app/_next/static/chunks/261cq39jf3lqt.js:0
[  136807ms] [ERROR] Access to fetch at 'https://tile.openstreetmap.org/20/880133/489617.png' from origin 'https://navi-next.vercel.app' has been blocked by CORS policy: No 'Access-Control-Allow-Origin' header is present on the requested resource. @ https://navi-next.vercel.app/studio/create:0
[  136807ms] [ERROR] Failed to load resource: net::ERR_FAILED @ https://tile.openstreetmap.org/20/880133/489617.png:0
[  136807ms] [ERROR] eZ: AJAXError: Failed to fetch (0): https://tile.openstreetmap.org/20/880133/489617.png
    at https://navi-next.vercel.app/_next/static/chunks/261cq39jf3lqt.js:1:10566
    at Generator.throw (<anonymous>)
    at l (https://navi-next.vercel.app/_next/static/chunks/261cq39jf3lqt.js:1:673) @ https://navi-next.vercel.app/_next/static/chunks/261cq39jf3lqt.js:0
[  136808ms] [ERROR] Access to fetch at 'https://tile.openstreetmap.org/20/880129/489617.png' from origin 'https://navi-next.vercel.app' has been blocked by CORS policy: No 'Access-Control-Allow-Origin' header is present on the requested resource. @ https://navi-next.vercel.app/studio/create:0
[  136808ms] [ERROR] Failed to load resource: net::ERR_FAILED @ https://tile.openstreetmap.org/20/880129/489617.png:0
[  136808ms] [ERROR] eZ: AJAXError: Failed to fetch (0): https://tile.openstreetmap.org/20/880129/489617.png
    at https://navi-next.vercel.app/_next/static/chunks/261cq39jf3lqt.js:1:10566
    at Generator.throw (<anonymous>)
    at l (https://navi-next.vercel.app/_next/static/chunks/261cq39jf3lqt.js:1:673) @ https://navi-next.vercel.app/_next/static/chunks/261cq39jf3lqt.js:0
[  136808ms] [ERROR] Access to fetch at 'https://tile.openstreetmap.org/20/880134/489618.png' from origin 'https://navi-next.vercel.app' has been blocked by CORS policy: No 'Access-Control-Allow-Origin' header is present on the requested resource. @ https://navi-next.vercel.app/studio/create:0
[  136808ms] [ERROR] Failed to load resource: net::ERR_FAILED @ https://tile.openstreetmap.org/20/880134/489618.png:0
[  136809ms] [ERROR] eZ: AJAXError: Failed to fetch (0): https://tile.openstreetmap.org/20/880134/489618.png
    at https://navi-next.vercel.app/_next/static/chunks/261cq39jf3lqt.js:1:10566
    at Generator.throw (<anonymous>)
    at l (https://navi-next.vercel.app/_next/static/chunks/261cq39jf3lqt.js:1:673) @ https://navi-next.vercel.app/_next/static/chunks/261cq39jf3lqt.js:0
[  136809ms] [ERROR] Access to fetch at 'https://tile.openstreetmap.org/20/880134/489619.png' from origin 'https://navi-next.vercel.app' has been blocked by CORS policy: No 'Access-Control-Allow-Origin' header is present on the requested resource. @ https://navi-next.vercel.app/studio/create:0
[  136809ms] [ERROR] Failed to load resource: net::ERR_FAILED @ https://tile.openstreetmap.org/20/880134/489619.png:0
[  136809ms] [ERROR] eZ: AJAXError: Failed to fetch (0): https://tile.openstreetmap.org/20/880134/489619.png
    at https://navi-next.vercel.app/_next/static/chunks/261cq39jf3lqt.js:1:10566
    at Generator.throw (<anonymous>)
    at l (https://navi-next.vercel.app/_next/static/chunks/261cq39jf3lqt.js:1:673) @ https://navi-next.vercel.app/_next/static/chunks/261cq39jf3lqt.js:0
[  136809ms] [ERROR] Access to fetch at 'https://tile.openstreetmap.org/20/880129/489618.png' from origin 'https://navi-next.vercel.app' has been blocked by CORS policy: No 'Access-Control-Allow-Origin' header is present on the requested resource. @ https://navi-next.vercel.app/studio/create:0
[  136809ms] [ERROR] Failed to load resource: net::ERR_FAILED @ https://tile.openstreetmap.org/20/880129/489618.png:0
[  136809ms] [ERROR] eZ: AJAXError: Failed to fetch (0): https://tile.openstreetmap.org/20/880129/489618.png
    at https://navi-next.vercel.app/_next/static/chunks/261cq39jf3lqt.js:1:10566
    at Generator.throw (<anonymous>)
    at l (https://navi-next.vercel.app/_next/static/chunks/261cq39jf3lqt.js:1:673) @ https://navi-next.vercel.app/_next/static/chunks/261cq39jf3lqt.js:0
[  136810ms] [ERROR] Access to fetch at 'https://tile.openstreetmap.org/20/880129/489620.png' from origin 'https://navi-next.vercel.app' has been blocked by CORS policy: No 'Access-Control-Allow-Origin' header is present on the requested resource. @ https://navi-next.vercel.app/studio/create:0
[  136810ms] [ERROR] Failed to load resource: net::ERR_FAILED @ https://tile.openstreetmap.org/20/880129/489620.png:0
[  136810ms] [ERROR] eZ: AJAXError: Failed to fetch (0): https://tile.openstreetmap.org/20/880129/489620.png
    at https://navi-next.vercel.app/_next/static/chunks/261cq39jf3lqt.js:1:10566
    at Generator.throw (<anonymous>)
    at l (https://navi-next.vercel.app/_next/static/chunks/261cq39jf3lqt.js:1:673) @ https://navi-next.vercel.app/_next/static/chunks/261cq39jf3lqt.js:0
[  136810ms] [ERROR] Access to fetch at 'https://tile.openstreetmap.org/20/880133/489620.png' from origin 'https://navi-next.vercel.app' has been blocked by CORS policy: No 'Access-Control-Allow-Origin' header is present on the requested resource. @ https://navi-next.vercel.app/studio/create:0
[  136810ms] [ERROR] Failed to load resource: net::ERR_FAILED @ https://tile.openstreetmap.org/20/880133/489620.png:0
[  136810ms] [ERROR] eZ: AJAXError: Failed to fetch (0): https://tile.openstreetmap.org/20/880133/489620.png
    at https://navi-next.vercel.app/_next/static/chunks/261cq39jf3lqt.js:1:10566
    at Generator.throw (<anonymous>)
    at l (https://navi-next.vercel.app/_next/static/chunks/261cq39jf3lqt.js:1:673) @ https://navi-next.vercel.app/_next/static/chunks/261cq39jf3lqt.js:0
[  136810ms] [ERROR] Access to fetch at 'https://tile.openstreetmap.org/20/880134/489617.png' from origin 'https://navi-next.vercel.app' has been blocked by CORS policy: No 'Access-Control-Allow-Origin' header is present on the requested resource. @ https://navi-next.vercel.app/studio/create:0
[  136811ms] [ERROR] Failed to load resource: net::ERR_FAILED @ https://tile.openstreetmap.org/20/880134/489617.png:0
[  136811ms] [ERROR] eZ: AJAXError: Failed to fetch (0): https://tile.openstreetmap.org/20/880134/489617.png
    at https://navi-next.vercel.app/_next/static/chunks/261cq39jf3lqt.js:1:10566
    at Generator.throw (<anonymous>)
    at l (https://navi-next.vercel.app/_next/static/chunks/261cq39jf3lqt.js:1:673) @ https://navi-next.vercel.app/_next/static/chunks/261cq39jf3lqt.js:0
[  136811ms] [ERROR] Access to fetch at 'https://tile.openstreetmap.org/20/880134/489620.png' from origin 'https://navi-next.vercel.app' has been blocked by CORS policy: No 'Access-Control-Allow-Origin' header is present on the requested resource. @ https://navi-next.vercel.app/studio/create:0
[  136811ms] [ERROR] Failed to load resource: net::ERR_FAILED @ https://tile.openstreetmap.org/20/880134/489620.png:0
[  136811ms] [ERROR] eZ: AJAXError: Failed to fetch (0): https://tile.openstreetmap.org/20/880134/489620.png
    at https://navi-next.vercel.app/_next/static/chunks/261cq39jf3lqt.js:1:10566
    at Generator.throw (<anonymous>)
    at l (https://navi-next.vercel.app/_next/static/chunks/261cq39jf3lqt.js:1:673) @ https://navi-next.vercel.app/_next/static/chunks/261cq39jf3lqt.js:0
[  138789ms] [ERROR] Access to fetch at 'https://tile.openstreetmap.org/20/880128/489618.png' from origin 'https://navi-next.vercel.app' has been blocked by CORS policy: No 'Access-Control-Allow-Origin' header is present on the requested resource. @ https://navi-next.vercel.app/studio/create:0
[  138789ms] [ERROR] Failed to load resource: net::ERR_FAILED @ https://tile.openstreetmap.org/20/880128/489618.png:0
[  138790ms] [ERROR] eZ: AJAXError: Failed to fetch (0): https://tile.openstreetmap.org/20/880128/489618.png
    at https://navi-next.vercel.app/_next/static/chunks/261cq39jf3lqt.js:1:10566
    at Generator.throw (<anonymous>)
    at l (https://navi-next.vercel.app/_next/static/chunks/261cq39jf3lqt.js:1:673) @ https://navi-next.vercel.app/_next/static/chunks/261cq39jf3lqt.js:0
[  138793ms] [ERROR] Access to fetch at 'https://tile.openstreetmap.org/20/880128/489619.png' from origin 'https://navi-next.vercel.app' has been blocked by CORS policy: No 'Access-Control-Allow-Origin' header is present on the requested resource. @ https://navi-next.vercel.app/studio/create:0
[  138793ms] [ERROR] Failed to load resource: net::ERR_FAILED @ https://tile.openstreetmap.org/20/880128/489619.png:0
[  138794ms] [ERROR] eZ: AJAXError: Failed to fetch (0): https://tile.openstreetmap.org/20/880128/489619.png
    at https://navi-next.vercel.app/_next/static/chunks/261cq39jf3lqt.js:1:10566
    at Generator.throw (<anonymous>)
    at l (https://navi-next.vercel.app/_next/static/chunks/261cq39jf3lqt.js:1:673) @ https://navi-next.vercel.app/_next/static/chunks/261cq39jf3lqt.js:0
[  138794ms] [ERROR] Access to fetch at 'https://tile.openstreetmap.org/20/880128/489617.png' from origin 'https://navi-next.vercel.app' has been blocked by CORS policy: No 'Access-Control-Allow-Origin' header is present on the requested resource. @ https://navi-next.vercel.app/studio/create:0
[  138794ms] [ERROR] Failed to load resource: net::ERR_FAILED @ https://tile.openstreetmap.org/20/880128/489617.png:0
[  138794ms] [ERROR] eZ: AJAXError: Failed to fetch (0): https://tile.openstreetmap.org/20/880128/489617.png
    at https://navi-next.vercel.app/_next/static/chunks/261cq39jf3lqt.js:1:10566
    at Generator.throw (<anonymous>)
    at l (https://navi-next.vercel.app/_next/static/chunks/261cq39jf3lqt.js:1:673) @ https://navi-next.vercel.app/_next/static/chunks/261cq39jf3lqt.js:0
[  138794ms] [ERROR] Access to fetch at 'https://tile.openstreetmap.org/20/880128/489620.png' from origin 'https://navi-next.vercel.app' has been blocked by CORS policy: No 'Access-Control-Allow-Origin' header is present on the requested resource. @ https://navi-next.vercel.app/studio/create:0
[  138794ms] [ERROR] Failed to load resource: net::ERR_FAILED @ https://tile.openstreetmap.org/20/880128/489620.png:0
[  138795ms] [ERROR] eZ: AJAXError: Failed to fetch (0): https://tile.openstreetmap.org/20/880128/489620.png
    at https://navi-next.vercel.app/_next/static/chunks/261cq39jf3lqt.js:1:10566
    at Generator.throw (<anonymous>)
    at l (https://navi-next.vercel.app/_next/static/chunks/261cq39jf3lqt.js:1:673) @ https://navi-next.vercel.app/_next/static/chunks/261cq39jf3lqt.js:0
[  138795ms] [ERROR] Access to fetch at 'https://tile.openstreetmap.org/20/880135/489618.png' from origin 'https://navi-next.vercel.app' has been blocked by CORS policy: No 'Access-Control-Allow-Origin' header is present on the requested resource. @ https://navi-next.vercel.app/studio/create:0
[  138795ms] [ERROR] Failed to load resource: net::ERR_FAILED @ https://tile.openstreetmap.org/20/880135/489618.png:0
[  138795ms] [ERROR] eZ: AJAXError: Failed to fetch (0): https://tile.openstreetmap.org/20/880135/489618.png
    at https://navi-next.vercel.app/_next/static/chunks/261cq39jf3lqt.js:1:10566
    at Generator.throw (<anonymous>)
    at l (https://navi-next.vercel.app/_next/static/chunks/261cq39jf3lqt.js:1:673) @ https://navi-next.vercel.app/_next/static/chunks/261cq39jf3lqt.js:0
[  138795ms] [ERROR] Access to fetch at 'https://tile.openstreetmap.org/20/880135/489619.png' from origin 'https://navi-next.vercel.app' has been blocked by CORS policy: No 'Access-Control-Allow-Origin' header is present on the requested resource. @ https://navi-next.vercel.app/studio/create:0
[  138795ms] [ERROR] Failed to load resource: net::ERR_FAILED @ https://tile.openstreetmap.org/20/880135/489619.png:0
[  138796ms] [ERROR] eZ: AJAXError: Failed to fetch (0): https://tile.openstreetmap.org/20/880135/489619.png
    at https://navi-next.vercel.app/_next/static/chunks/261cq39jf3lqt.js:1:10566
    at Generator.throw (<anonymous>)
    at l (https://navi-next.vercel.app/_next/static/chunks/261cq39jf3lqt.js:1:673) @ https://navi-next.vercel.app/_next/static/chunks/261cq39jf3lqt.js:0
[  138796ms] [ERROR] Access to fetch at 'https://tile.openstreetmap.org/20/880135/489620.png' from origin 'https://navi-next.vercel.app' has been blocked by CORS policy: No 'Access-Control-Allow-Origin' header is present on the requested resource. @ https://navi-next.vercel.app/studio/create:0
[  138796ms] [ERROR] Failed to load resource: net::ERR_FAILED @ https://tile.openstreetmap.org/20/880135/489620.png:0
[  138797ms] [ERROR] eZ: AJAXError: Failed to fetch (0): https://tile.openstreetmap.org/20/880135/489620.png
    at https://navi-next.vercel.app/_next/static/chunks/261cq39jf3lqt.js:1:10566
    at Generator.throw (<anonymous>)
    at l (https://navi-next.vercel.app/_next/static/chunks/261cq39jf3lqt.js:1:673) @ https://navi-next.vercel.app/_next/static/chunks/261cq39jf3lqt.js:0
[  138797ms] [ERROR] Access to fetch at 'https://tile.openstreetmap.org/20/880136/489619.png' from origin 'https://navi-next.vercel.app' has been blocked by CORS policy: No 'Access-Control-Allow-Origin' header is present on the requested resource. @ https://navi-next.vercel.app/studio/create:0
[  138797ms] [ERROR] Failed to load resource: net::ERR_FAILED @ https://tile.openstreetmap.org/20/880136/489619.png:0
[  138797ms] [ERROR] eZ: AJAXError: Failed to fetch (0): https://tile.openstreetmap.org/20/880136/489619.png
    at https://navi-next.vercel.app/_next/static/chunks/261cq39jf3lqt.js:1:10566
    at Generator.throw (<anonymous>)
    at l (https://navi-next.vercel.app/_next/static/chunks/261cq39jf3lqt.js:1:673) @ https://navi-next.vercel.app/_next/static/chunks/261cq39jf3lqt.js:0
[  138797ms] [ERROR] Access to fetch at 'https://tile.openstreetmap.org/20/880136/489618.png' from origin 'https://navi-next.vercel.app' has been blocked by CORS policy: No 'Access-Control-Allow-Origin' header is present on the requested resource. @ https://navi-next.vercel.app/studio/create:0
[  138797ms] [ERROR] Failed to load resource: net::ERR_FAILED @ https://tile.openstreetmap.org/20/880136/489618.png:0
[  138797ms] [ERROR] eZ: AJAXError: Failed to fetch (0): https://tile.openstreetmap.org/20/880136/489618.png
    at https://navi-next.vercel.app/_next/static/chunks/261cq39jf3lqt.js:1:10566
    at Generator.throw (<anonymous>)
    at l (https://navi-next.vercel.app/_next/static/chunks/261cq39jf3lqt.js:1:673) @ https://navi-next.vercel.app/_next/static/chunks/261cq39jf3lqt.js:0
[  138798ms] [ERROR] Access to fetch at 'https://tile.openstreetmap.org/20/880136/489620.png' from origin 'https://navi-next.vercel.app' has been blocked by CORS policy: No 'Access-Control-Allow-Origin' header is present on the requested resource. @ https://navi-next.vercel.app/studio/create:0
[  138798ms] [ERROR] Failed to load resource: net::ERR_FAILED @ https://tile.openstreetmap.org/20/880136/489620.png:0
[  138798ms] [ERROR] eZ: AJAXError: Failed to fetch (0): https://tile.openstreetmap.org/20/880136/489620.png
    at https://navi-next.vercel.app/_next/static/chunks/261cq39jf3lqt.js:1:10566
    at Generator.throw (<anonymous>)
    at l (https://navi-next.vercel.app/_next/static/chunks/261cq39jf3lqt.js:1:673) @ https://navi-next.vercel.app/_next/static/chunks/261cq39jf3lqt.js:0
[  138798ms] [ERROR] Access to fetch at 'https://tile.openstreetmap.org/20/880132/489621.png' from origin 'https://navi-next.vercel.app' has been blocked by CORS policy: No 'Access-Control-Allow-Origin' header is present on the requested resource. @ https://navi-next.vercel.app/studio/create:0
[  138798ms] [ERROR] Failed to load resource: net::ERR_FAILED @ https://tile.openstreetmap.org/20/880132/489621.png:0
[  138798ms] [ERROR] eZ: AJAXError: Failed to fetch (0): https://tile.openstreetmap.org/20/880132/489621.png
    at https://navi-next.vercel.app/_next/static/chunks/261cq39jf3lqt.js:1:10566
    at Generator.throw (<anonymous>)
    at l (https://navi-next.vercel.app/_next/static/chunks/261cq39jf3lqt.js:1:673) @ https://navi-next.vercel.app/_next/static/chunks/261cq39jf3lqt.js:0
[  138798ms] [ERROR] Access to fetch at 'https://tile.openstreetmap.org/20/880135/489617.png' from origin 'https://navi-next.vercel.app' has been blocked by CORS policy: No 'Access-Control-Allow-Origin' header is present on the requested resource. @ https://navi-next.vercel.app/studio/create:0
[  138798ms] [ERROR] Failed to load resource: net::ERR_FAILED @ https://tile.openstreetmap.org/20/880135/489617.png:0
[  138799ms] [ERROR] eZ: AJAXError: Failed to fetch (0): https://tile.openstreetmap.org/20/880135/489617.png
    at https://navi-next.vercel.app/_next/static/chunks/261cq39jf3lqt.js:1:10566
    at Generator.throw (<anonymous>)
    at l (https://navi-next.vercel.app/_next/static/chunks/261cq39jf3lqt.js:1:673) @ https://navi-next.vercel.app/_next/static/chunks/261cq39jf3lqt.js:0
[  138799ms] [ERROR] Access to fetch at 'https://tile.openstreetmap.org/20/880136/489617.png' from origin 'https://navi-next.vercel.app' has been blocked by CORS policy: No 'Access-Control-Allow-Origin' header is present on the requested resource. @ https://navi-next.vercel.app/studio/create:0
[  138799ms] [ERROR] Failed to load resource: net::ERR_FAILED @ https://tile.openstreetmap.org/20/880136/489617.png:0
[  138799ms] [ERROR] eZ: AJAXError: Failed to fetch (0): https://tile.openstreetmap.org/20/880136/489617.png
    at https://navi-next.vercel.app/_next/static/chunks/261cq39jf3lqt.js:1:10566
    at Generator.throw (<anonymous>)
    at l (https://navi-next.vercel.app/_next/static/chunks/261cq39jf3lqt.js:1:673) @ https://navi-next.vercel.app/_next/static/chunks/261cq39jf3lqt.js:0
[  138799ms] [ERROR] Access to fetch at 'https://tile.openstreetmap.org/20/880133/489621.png' from origin 'https://navi-next.vercel.app' has been blocked by CORS policy: No 'Access-Control-Allow-Origin' header is present on the requested resource. @ https://navi-next.vercel.app/studio/create:0
[  138799ms] [ERROR] Failed to load resource: net::ERR_FAILED @ https://tile.openstreetmap.org/20/880133/489621.png:0
[  138800ms] [ERROR] eZ: AJAXError: Failed to fetch (0): https://tile.openstreetmap.org/20/880133/489621.png
    at https://navi-next.vercel.app/_next/static/chunks/261cq39jf3lqt.js:1:10566
    at Generator.throw (<anonymous>)
    at l (https://navi-next.vercel.app/_next/static/chunks/261cq39jf3lqt.js:1:673) @ https://navi-next.vercel.app/_next/static/chunks/261cq39jf3lqt.js:0
[  138800ms] [ERROR] Access to fetch at 'https://tile.openstreetmap.org/20/880131/489621.png' from origin 'https://navi-next.vercel.app' has been blocked by CORS policy: No 'Access-Control-Allow-Origin' header is present on the requested resource. @ https://navi-next.vercel.app/studio/create:0
[  138800ms] [ERROR] Failed to load resource: net::ERR_FAILED @ https://tile.openstreetmap.org/20/880131/489621.png:0
[  138800ms] [ERROR] eZ: AJAXError: Failed to fetch (0): https://tile.openstreetmap.org/20/880131/489621.png
    at https://navi-next.vercel.app/_next/static/chunks/261cq39jf3lqt.js:1:10566
    at Generator.throw (<anonymous>)
    at l (https://navi-next.vercel.app/_next/static/chunks/261cq39jf3lqt.js:1:673) @ https://navi-next.vercel.app/_next/static/chunks/261cq39jf3lqt.js:0
[  138800ms] [ERROR] Access to fetch at 'https://tile.openstreetmap.org/20/880134/489621.png' from origin 'https://navi-next.vercel.app' has been blocked by CORS policy: No 'Access-Control-Allow-Origin' header is present on the requested resource. @ https://navi-next.vercel.app/studio/create:0
[  138800ms] [ERROR] Failed to load resource: net::ERR_FAILED @ https://tile.openstreetmap.org/20/880134/489621.png:0
[  138801ms] [ERROR] eZ: AJAXError: Failed to fetch (0): https://tile.openstreetmap.org/20/880134/489621.png
    at https://navi-next.vercel.app/_next/static/chunks/261cq39jf3lqt.js:1:10566
    at Generator.throw (<anonymous>)
    at l (https://navi-next.vercel.app/_next/static/chunks/261cq39jf3lqt.js:1:673) @ https://navi-next.vercel.app/_next/static/chunks/261cq39jf3lqt.js:0
[  140791ms] [ERROR] Access to fetch at 'https://tile.openstreetmap.org/20/880130/489621.png' from origin 'https://navi-next.vercel.app' has been blocked by CORS policy: No 'Access-Control-Allow-Origin' header is present on the requested resource. @ https://navi-next.vercel.app/studio/create:0
[  140791ms] [ERROR] Failed to load resource: net::ERR_FAILED @ https://tile.openstreetmap.org/20/880130/489621.png:0
[  140791ms] [ERROR] eZ: AJAXError: Failed to fetch (0): https://tile.openstreetmap.org/20/880130/489621.png
    at https://navi-next.vercel.app/_next/static/chunks/261cq39jf3lqt.js:1:10566
    at Generator.throw (<anonymous>)
    at l (https://navi-next.vercel.app/_next/static/chunks/261cq39jf3lqt.js:1:673) @ https://navi-next.vercel.app/_next/static/chunks/261cq39jf3lqt.js:0
[  140794ms] [ERROR] Access to fetch at 'https://tile.openstreetmap.org/20/880135/489621.png' from origin 'https://navi-next.vercel.app' has been blocked by CORS policy: No 'Access-Control-Allow-Origin' header is present on the requested resource. @ https://navi-next.vercel.app/studio/create:0
[  140794ms] [ERROR] Failed to load resource: net::ERR_FAILED @ https://tile.openstreetmap.org/20/880135/489621.png:0
[  140795ms] [ERROR] eZ: AJAXError: Failed to fetch (0): https://tile.openstreetmap.org/20/880135/489621.png
    at https://navi-next.vercel.app/_next/static/chunks/261cq39jf3lqt.js:1:10566
    at Generator.throw (<anonymous>)
    at l (https://navi-next.vercel.app/_next/static/chunks/261cq39jf3lqt.js:1:673) @ https://navi-next.vercel.app/_next/static/chunks/261cq39jf3lqt.js:0
[  140795ms] [ERROR] Access to fetch at 'https://tile.openstreetmap.org/20/880129/489621.png' from origin 'https://navi-next.vercel.app' has been blocked by CORS policy: No 'Access-Control-Allow-Origin' header is present on the requested resource. @ https://navi-next.vercel.app/studio/create:0
[  140795ms] [ERROR] Failed to load resource: net::ERR_FAILED @ https://tile.openstreetmap.org/20/880129/489621.png:0
[  140795ms] [ERROR] eZ: AJAXError: Failed to fetch (0): https://tile.openstreetmap.org/20/880129/489621.png
    at https://navi-next.vercel.app/_next/static/chunks/261cq39jf3lqt.js:1:10566
    at Generator.throw (<anonymous>)
    at l (https://navi-next.vercel.app/_next/static/chunks/261cq39jf3lqt.js:1:673) @ https://navi-next.vercel.app/_next/static/chunks/261cq39jf3lqt.js:0
[  140796ms] [ERROR] Access to fetch at 'https://tile.openstreetmap.org/20/880136/489621.png' from origin 'https://navi-next.vercel.app' has been blocked by CORS policy: No 'Access-Control-Allow-Origin' header is present on the requested resource. @ https://navi-next.vercel.app/studio/create:0
[  140796ms] [ERROR] Failed to load resource: net::ERR_FAILED @ https://tile.openstreetmap.org/20/880136/489621.png:0
[  140796ms] [ERROR] eZ: AJAXError: Failed to fetch (0): https://tile.openstreetmap.org/20/880136/489621.png
    at https://navi-next.vercel.app/_next/static/chunks/261cq39jf3lqt.js:1:10566
    at Generator.throw (<anonymous>)
    at l (https://navi-next.vercel.app/_next/static/chunks/261cq39jf3lqt.js:1:673) @ https://navi-next.vercel.app/_next/static/chunks/261cq39jf3lqt.js:0
[  140796ms] [ERROR] Access to fetch at 'https://tile.openstreetmap.org/20/880128/489621.png' from origin 'https://navi-next.vercel.app' has been blocked by CORS policy: No 'Access-Control-Allow-Origin' header is present on the requested resource. @ https://navi-next.vercel.app/studio/create:0
[  140796ms] [ERROR] Failed to load resource: net::ERR_FAILED @ https://tile.openstreetmap.org/20/880128/489621.png:0
[  140796ms] [ERROR] eZ: AJAXError: Failed to fetch (0): https://tile.openstreetmap.org/20/880128/489621.png
    at https://navi-next.vercel.app/_next/static/chunks/261cq39jf3lqt.js:1:10566
    at Generator.throw (<anonymous>)
    at l (https://navi-next.vercel.app/_next/static/chunks/261cq39jf3lqt.js:1:673) @ https://navi-next.vercel.app/_next/static/chunks/261cq39jf3lqt.js:0
[  140796ms] [ERROR] Access to fetch at 'https://tile.openstreetmap.org/20/880137/489618.png' from origin 'https://navi-next.vercel.app' has been blocked by CORS policy: No 'Access-Control-Allow-Origin' header is present on the requested resource. @ https://navi-next.vercel.app/studio/create:0
[  140796ms] [ERROR] Failed to load resource: net::ERR_FAILED @ https://tile.openstreetmap.org/20/880137/489618.png:0
[  140797ms] [ERROR] eZ: AJAXError: Failed to fetch (0): https://tile.openstreetmap.org/20/880137/489618.png
    at https://navi-next.vercel.app/_next/static/chunks/261cq39jf3lqt.js:1:10566
    at Generator.throw (<anonymous>)
    at l (https://navi-next.vercel.app/_next/static/chunks/261cq39jf3lqt.js:1:673) @ https://navi-next.vercel.app/_next/static/chunks/261cq39jf3lqt.js:0
[  140797ms] [ERROR] Access to fetch at 'https://tile.openstreetmap.org/20/880137/489617.png' from origin 'https://navi-next.vercel.app' has been blocked by CORS policy: No 'Access-Control-Allow-Origin' header is present on the requested resource. @ https://navi-next.vercel.app/studio/create:0
[  140797ms] [ERROR] Failed to load resource: net::ERR_FAILED @ https://tile.openstreetmap.org/20/880137/489617.png:0
[  140797ms] [ERROR] eZ: AJAXError: Failed to fetch (0): https://tile.openstreetmap.org/20/880137/489617.png
    at https://navi-next.vercel.app/_next/static/chunks/261cq39jf3lqt.js:1:10566
    at Generator.throw (<anonymous>)
    at l (https://navi-next.vercel.app/_next/static/chunks/261cq39jf3lqt.js:1:673) @ https://navi-next.vercel.app/_next/static/chunks/261cq39jf3lqt.js:0
[  140797ms] [ERROR] Access to fetch at 'https://tile.openstreetmap.org/20/880137/489619.png' from origin 'https://navi-next.vercel.app' has been blocked by CORS policy: No 'Access-Control-Allow-Origin' header is present on the requested resource. @ https://navi-next.vercel.app/studio/create:0
[  140797ms] [ERROR] Failed to load resource: net::ERR_FAILED @ https://tile.openstreetmap.org/20/880137/489619.png:0
[  140797ms] [ERROR] eZ: AJAXError: Failed to fetch (0): https://tile.openstreetmap.org/20/880137/489619.png
    at https://navi-next.vercel.app/_next/static/chunks/261cq39jf3lqt.js:1:10566
    at Generator.throw (<anonymous>)
    at l (https://navi-next.vercel.app/_next/static/chunks/261cq39jf3lqt.js:1:673) @ https://navi-next.vercel.app/_next/static/chunks/261cq39jf3lqt.js:0
[  140797ms] [ERROR] Access to fetch at 'https://tile.openstreetmap.org/20/880137/489620.png' from origin 'https://navi-next.vercel.app' has been blocked by CORS policy: No 'Access-Control-Allow-Origin' header is present on the requested resource. @ https://navi-next.vercel.app/studio/create:0
[  140797ms] [ERROR] Failed to load resource: net::ERR_FAILED @ https://tile.openstreetmap.org/20/880137/489620.png:0
[  140797ms] [ERROR] eZ: AJAXError: Failed to fetch (0): https://tile.openstreetmap.org/20/880137/489620.png
    at https://navi-next.vercel.app/_next/static/chunks/261cq39jf3lqt.js:1:10566
    at Generator.throw (<anonymous>)
    at l (https://navi-next.vercel.app/_next/static/chunks/261cq39jf3lqt.js:1:673) @ https://navi-next.vercel.app/_next/static/chunks/261cq39jf3lqt.js:0
[  140797ms] [ERROR] Access to fetch at 'https://tile.openstreetmap.org/20/880137/489621.png' from origin 'https://navi-next.vercel.app' has been blocked by CORS policy: No 'Access-Control-Allow-Origin' header is present on the requested resource. @ https://navi-next.vercel.app/studio/create:0
[  140798ms] [ERROR] Failed to load resource: net::ERR_FAILED @ https://tile.openstreetmap.org/20/880137/489621.png:0
[  140798ms] [ERROR] eZ: AJAXError: Failed to fetch (0): https://tile.openstreetmap.org/20/880137/489621.png
    at https://navi-next.vercel.app/_next/static/chunks/261cq39jf3lqt.js:1:10566
    at Generator.throw (<anonymous>)
    at l (https://navi-next.vercel.app/_next/static/chunks/261cq39jf3lqt.js:1:673) @ https://navi-next.vercel.app/_next/static/chunks/261cq39jf3lqt.js:0
[  140798ms] [ERROR] Access to fetch at 'https://tile.openstreetmap.org/20/880132/489616.png' from origin 'https://navi-next.vercel.app' has been blocked by CORS policy: No 'Access-Control-Allow-Origin' header is present on the requested resource. @ https://navi-next.vercel.app/studio/create:0
[  140798ms] [ERROR] Failed to load resource: net::ERR_FAILED @ https://tile.openstreetmap.org/20/880132/489616.png:0
[  140798ms] [ERROR] eZ: AJAXError: Failed to fetch (0): https://tile.openstreetmap.org/20/880132/489616.png
    at https://navi-next.vercel.app/_next/static/chunks/261cq39jf3lqt.js:1:10566
    at Generator.throw (<anonymous>)
    at l (https://navi-next.vercel.app/_next/static/chunks/261cq39jf3lqt.js:1:673) @ https://navi-next.vercel.app/_next/static/chunks/261cq39jf3lqt.js:0
[  140798ms] [ERROR] Access to fetch at 'https://tile.openstreetmap.org/20/880133/489616.png' from origin 'https://navi-next.vercel.app' has been blocked by CORS policy: No 'Access-Control-Allow-Origin' header is present on the requested resource. @ https://navi-next.vercel.app/studio/create:0
[  140798ms] [ERROR] Failed to load resource: net::ERR_FAILED @ https://tile.openstreetmap.org/20/880133/489616.png:0
[  140798ms] [ERROR] eZ: AJAXError: Failed to fetch (0): https://tile.openstreetmap.org/20/880133/489616.png
    at https://navi-next.vercel.app/_next/static/chunks/261cq39jf3lqt.js:1:10566
    at Generator.throw (<anonymous>)
    at l (https://navi-next.vercel.app/_next/static/chunks/261cq39jf3lqt.js:1:673) @ https://navi-next.vercel.app/_next/static/chunks/261cq39jf3lqt.js:0
[  140798ms] [ERROR] Access to fetch at 'https://tile.openstreetmap.org/20/880134/489616.png' from origin 'https://navi-next.vercel.app' has been blocked by CORS policy: No 'Access-Control-Allow-Origin' header is present on the requested resource. @ https://navi-next.vercel.app/studio/create:0
[  140798ms] [ERROR] Failed to load resource: net::ERR_FAILED @ https://tile.openstreetmap.org/20/880134/489616.png:0
[  140798ms] [ERROR] eZ: AJAXError: Failed to fetch (0): https://tile.openstreetmap.org/20/880134/489616.png
    at https://navi-next.vercel.app/_next/static/chunks/261cq39jf3lqt.js:1:10566
    at Generator.throw (<anonymous>)
    at l (https://navi-next.vercel.app/_next/static/chunks/261cq39jf3lqt.js:1:673) @ https://navi-next.vercel.app/_next/static/chunks/261cq39jf3lqt.js:0
[  140799ms] [ERROR] Access to fetch at 'https://tile.openstreetmap.org/20/880130/489616.png' from origin 'https://navi-next.vercel.app' has been blocked by CORS policy: No 'Access-Control-Allow-Origin' header is present on the requested resource. @ https://navi-next.vercel.app/studio/create:0
[  140799ms] [ERROR] Failed to load resource: net::ERR_FAILED @ https://tile.openstreetmap.org/20/880130/489616.png:0
[  140799ms] [ERROR] eZ: AJAXError: Failed to fetch (0): https://tile.openstreetmap.org/20/880130/489616.png
    at https://navi-next.vercel.app/_next/static/chunks/261cq39jf3lqt.js:1:10566
    at Generator.throw (<anonymous>)
    at l (https://navi-next.vercel.app/_next/static/chunks/261cq39jf3lqt.js:1:673) @ https://navi-next.vercel.app/_next/static/chunks/261cq39jf3lqt.js:0
[  140799ms] [ERROR] Access to fetch at 'https://tile.openstreetmap.org/20/880135/489616.png' from origin 'https://navi-next.vercel.app' has been blocked by CORS policy: No 'Access-Control-Allow-Origin' header is present on the requested resource. @ https://navi-next.vercel.app/studio/create:0
[  140799ms] [ERROR] Failed to load resource: net::ERR_FAILED @ https://tile.openstreetmap.org/20/880135/489616.png:0
[  140799ms] [ERROR] eZ: AJAXError: Failed to fetch (0): https://tile.openstreetmap.org/20/880135/489616.png
    at https://navi-next.vercel.app/_next/static/chunks/261cq39jf3lqt.js:1:10566
    at Generator.throw (<anonymous>)
    at l (https://navi-next.vercel.app/_next/static/chunks/261cq39jf3lqt.js:1:673) @ https://navi-next.vercel.app/_next/static/chunks/261cq39jf3lqt.js:0
[  140799ms] [ERROR] Access to fetch at 'https://tile.openstreetmap.org/20/880131/489616.png' from origin 'https://navi-next.vercel.app' has been blocked by CORS policy: No 'Access-Control-Allow-Origin' header is present on the requested resource. @ https://navi-next.vercel.app/studio/create:0
[  140799ms] [ERROR] Failed to load resource: net::ERR_FAILED @ https://tile.openstreetmap.org/20/880131/489616.png:0
[  140799ms] [ERROR] eZ: AJAXError: Failed to fetch (0): https://tile.openstreetmap.org/20/880131/489616.png
    at https://navi-next.vercel.app/_next/static/chunks/261cq39jf3lqt.js:1:10566
    at Generator.throw (<anonymous>)
    at l (https://navi-next.vercel.app/_next/static/chunks/261cq39jf3lqt.js:1:673) @ https://navi-next.vercel.app/_next/static/chunks/261cq39jf3lqt.js:0
[  191803ms] [ERROR] Access to fetch at 'https://tile.openstreetmap.org/21/1760284/979234.png' from origin 'https://navi-next.vercel.app' has been blocked by CORS policy: No 'Access-Control-Allow-Origin' header is present on the requested resource. @ https://navi-next.vercel.app/studio/create:0
[  191803ms] [ERROR] Failed to load resource: net::ERR_FAILED @ https://tile.openstreetmap.org/21/1760284/979234.png:0
[  191805ms] [ERROR] eZ: AJAXError: Failed to fetch (0): https://tile.openstreetmap.org/21/1760284/979234.png
    at https://navi-next.vercel.app/_next/static/chunks/261cq39jf3lqt.js:1:10566
    at Generator.throw (<anonymous>)
    at l (https://navi-next.vercel.app/_next/static/chunks/261cq39jf3lqt.js:1:673) @ https://navi-next.vercel.app/_next/static/chunks/261cq39jf3lqt.js:0
[  191806ms] [ERROR] Access to fetch at 'https://tile.openstreetmap.org/21/1760284/979235.png' from origin 'https://navi-next.vercel.app' has been blocked by CORS policy: No 'Access-Control-Allow-Origin' header is present on the requested resource. @ https://navi-next.vercel.app/studio/create:0
[  191806ms] [ERROR] Failed to load resource: net::ERR_FAILED @ https://tile.openstreetmap.org/21/1760284/979235.png:0
[  191807ms] [ERROR] eZ: AJAXError: Failed to fetch (0): https://tile.openstreetmap.org/21/1760284/979235.png
    at https://navi-next.vercel.app/_next/static/chunks/261cq39jf3lqt.js:1:10566
    at Generator.throw (<anonymous>)
    at l (https://navi-next.vercel.app/_next/static/chunks/261cq39jf3lqt.js:1:673) @ https://navi-next.vercel.app/_next/static/chunks/261cq39jf3lqt.js:0
[  191807ms] [ERROR] Access to fetch at 'https://tile.openstreetmap.org/21/1760283/979234.png' from origin 'https://navi-next.vercel.app' has been blocked by CORS policy: No 'Access-Control-Allow-Origin' header is present on the requested resource. @ https://navi-next.vercel.app/studio/create:0
[  191807ms] [ERROR] Failed to load resource: net::ERR_FAILED @ https://tile.openstreetmap.org/21/1760283/979234.png:0
[  191808ms] [ERROR] eZ: AJAXError: Failed to fetch (0): https://tile.openstreetmap.org/21/1760283/979234.png
    at https://navi-next.vercel.app/_next/static/chunks/261cq39jf3lqt.js:1:10566
    at Generator.throw (<anonymous>)
    at l (https://navi-next.vercel.app/_next/static/chunks/261cq39jf3lqt.js:1:673) @ https://navi-next.vercel.app/_next/static/chunks/261cq39jf3lqt.js:0
[  191808ms] [ERROR] Access to fetch at 'https://tile.openstreetmap.org/21/1760283/979235.png' from origin 'https://navi-next.vercel.app' has been blocked by CORS policy: No 'Access-Control-Allow-Origin' header is present on the requested resource. @ https://navi-next.vercel.app/studio/create:0
[  191808ms] [ERROR] Failed to load resource: net::ERR_FAILED @ https://tile.openstreetmap.org/21/1760283/979235.png:0
[  191808ms] [ERROR] eZ: AJAXError: Failed to fetch (0): https://tile.openstreetmap.org/21/1760283/979235.png
    at https://navi-next.vercel.app/_next/static/chunks/261cq39jf3lqt.js:1:10566
    at Generator.throw (<anonymous>)
    at l (https://navi-next.vercel.app/_next/static/chunks/261cq39jf3lqt.js:1:673) @ https://navi-next.vercel.app/_next/static/chunks/261cq39jf3lqt.js:0
[  191809ms] [ERROR] Access to fetch at 'https://tile.openstreetmap.org/21/1760285/979235.png' from origin 'https://navi-next.vercel.app' has been blocked by CORS policy: No 'Access-Control-Allow-Origin' header is present on the requested resource. @ https://navi-next.vercel.app/studio/create:0
[  191809ms] [ERROR] Failed to load resource: net::ERR_FAILED @ https://tile.openstreetmap.org/21/1760285/979235.png:0
[  191809ms] [ERROR] eZ: AJAXError: Failed to fetch (0): https://tile.openstreetmap.org/21/1760285/979235.png
    at https://navi-next.vercel.app/_next/static/chunks/261cq39jf3lqt.js:1:10566
    at Generator.throw (<anonymous>)
    at l (https://navi-next.vercel.app/_next/static/chunks/261cq39jf3lqt.js:1:673) @ https://navi-next.vercel.app/_next/static/chunks/261cq39jf3lqt.js:0
[  191809ms] [ERROR] Access to fetch at 'https://tile.openstreetmap.org/21/1760284/979233.png' from origin 'https://navi-next.vercel.app' has been blocked by CORS policy: No 'Access-Control-Allow-Origin' header is present on the requested resource. @ https://navi-next.vercel.app/studio/create:0
[  191809ms] [ERROR] Failed to load resource: net::ERR_FAILED @ https://tile.openstreetmap.org/21/1760284/979233.png:0
[  191809ms] [ERROR] eZ: AJAXError: Failed to fetch (0): https://tile.openstreetmap.org/21/1760284/979233.png
    at https://navi-next.vercel.app/_next/static/chunks/261cq39jf3lqt.js:1:10566
    at Generator.throw (<anonymous>)
    at l (https://navi-next.vercel.app/_next/static/chunks/261cq39jf3lqt.js:1:673) @ https://navi-next.vercel.app/_next/static/chunks/261cq39jf3lqt.js:0
[  191810ms] [ERROR] Access to fetch at 'https://tile.openstreetmap.org/21/1760284/979236.png' from origin 'https://navi-next.vercel.app' has been blocked by CORS policy: No 'Access-Control-Allow-Origin' header is present on the requested resource. @ https://navi-next.vercel.app/studio/create:0
[  191810ms] [ERROR] Failed to load resource: net::ERR_FAILED @ https://tile.openstreetmap.org/21/1760284/979236.png:0
[  191810ms] [ERROR] eZ: AJAXError: Failed to fetch (0): https://tile.openstreetmap.org/21/1760284/979236.png
    at https://navi-next.vercel.app/_next/static/chunks/261cq39jf3lqt.js:1:10566
    at Generator.throw (<anonymous>)
    at l (https://navi-next.vercel.app/_next/static/chunks/261cq39jf3lqt.js:1:673) @ https://navi-next.vercel.app/_next/static/chunks/261cq39jf3lqt.js:0
[  191810ms] [ERROR] Access to fetch at 'https://tile.openstreetmap.org/21/1760285/979234.png' from origin 'https://navi-next.vercel.app' has been blocked by CORS policy: No 'Access-Control-Allow-Origin' header is present on the requested resource. @ https://navi-next.vercel.app/studio/create:0
[  191810ms] [ERROR] Failed to load resource: net::ERR_FAILED @ https://tile.openstreetmap.org/21/1760285/979234.png:0
[  191810ms] [ERROR] eZ: AJAXError: Failed to fetch (0): https://tile.openstreetmap.org/21/1760285/979234.png
    at https://navi-next.vercel.app/_next/static/chunks/261cq39jf3lqt.js:1:10566
    at Generator.throw (<anonymous>)
    at l (https://navi-next.vercel.app/_next/static/chunks/261cq39jf3lqt.js:1:673) @ https://navi-next.vercel.app/_next/static/chunks/261cq39jf3lqt.js:0
[  220356ms] ReferenceError: addTrace is not defined
    at eo (https://navi-next.vercel.app/_next/static/chunks/02khnee017c7t.js:1:25582)
    at ay (https://navi-next.vercel.app/_next/static/chunks/2nykiepra7i1k.js:1:63845)
    at oJ (https://navi-next.vercel.app/_next/static/chunks/2nykiepra7i1k.js:1:84102)
    at iu (https://navi-next.vercel.app/_next/static/chunks/2nykiepra7i1k.js:1:95704)
    at sd (https://navi-next.vercel.app/_next/static/chunks/2nykiepra7i1k.js:1:138944)
    at https://navi-next.vercel.app/_next/static/chunks/2nykiepra7i1k.js:1:138789
    at sf (https://navi-next.vercel.app/_next/static/chunks/2nykiepra7i1k.js:1:138797)
    at se (https://navi-next.vercel.app/_next/static/chunks/2nykiepra7i1k.js:1:134718)
    at s$ (https://navi-next.vercel.app/_next/static/chunks/2nykiepra7i1k.js:1:160495)
    at MessagePort.O (https://navi-next.vercel.app/_next/static/chunks/2nykiepra7i1k.js:1:8660)
[  220365ms] [ERROR] Failed to load resource: the server responded with a status of 500 () @ https://navi-next.vercel.app/api/campus-maps:0
[  225599ms] ReferenceError: addTrace is not defined
    at eo (https://navi-next.vercel.app/_next/static/chunks/02khnee017c7t.js:1:25582)
    at ay (https://navi-next.vercel.app/_next/static/chunks/2nykiepra7i1k.js:1:63845)
    at oJ (https://navi-next.vercel.app/_next/static/chunks/2nykiepra7i1k.js:1:84102)
    at iu (https://navi-next.vercel.app/_next/static/chunks/2nykiepra7i1k.js:1:95704)
    at sd (https://navi-next.vercel.app/_next/static/chunks/2nykiepra7i1k.js:1:138944)
    at https://navi-next.vercel.app/_next/static/chunks/2nykiepra7i1k.js:1:138789
    at sf (https://navi-next.vercel.app/_next/static/chunks/2nykiepra7i1k.js:1:138797)
    at se (https://navi-next.vercel.app/_next/static/chunks/2nykiepra7i1k.js:1:134718)
    at sQ (https://navi-next.vercel.app/_next/static/chunks/2nykiepra7i1k.js:1:160616)
    at sU (https://navi-next.vercel.app/_next/static/chunks/2nykiepra7i1k.js:1:158830)
