Public build inputs loaded into child process; count=7

> navi@1.0.0 build
> next build

▲ Next.js 16.2.9 (Turbopack)

⚠ The "middleware" file convention is deprecated. Please use "proxy" instead. Learn more: https://nextjs.org/docs/messages/middleware-to-proxy
  Creating an optimized production build ...
✓ Compiled successfully in 10.5s
  Skipping validation of types
  Finished TypeScript config validation in 27ms ...
  Collecting page data using 11 workers ...
  Generating static pages using 11 workers (0/44) ...
  Generating static pages using 11 workers (11/44)
  Generating static pages using 11 workers (22/44)
  Generating static pages using 11 workers (33/44)
✓ Generating static pages using 11 workers (44/44) in 870ms
  Finalizing page optimization ...

Route (app)
┌ ○ /
├ ○ /_not-found
├ ƒ /api/buildings
├ ƒ /api/campus-maps
├ ƒ /api/campuses
├ ƒ /api/compile
├ ƒ /api/demo/artifacts
├ ƒ /api/floor-plans
├ ƒ /api/graph
├ ƒ /api/osm-buildings
├ ƒ /api/panorama-resolve
├ ƒ /api/panorama-upload
├ ƒ /api/public-campus
├ ƒ /api/public-qr
├ ƒ /api/publish
├ ƒ /api/published-map
├ ƒ /api/r2-connectivity-test
├ ƒ /auth/callback
├ ƒ /capture
├ ○ /dashboard
├ ○ /dataset
├ ○ /demo/navigate
├ ○ /login
├ ○ /map
├ ○ /map/explore
├ ○ /map/home
├ ○ /map/maps
├ ○ /map/navigate
├ ○ /map/panoramas
├ ○ /map/profile
├ ○ /map/runtime
├ ○ /map/search
├ ○ /panoramas
├ ƒ /q/[checkpointId]
├ ○ /qr
├ ○ /routes
├ ○ /sandbox/osm-import
├ ○ /sandbox/osm-workflow
├ ○ /sandbox/tour-authoring
├ ○ /sandbox/tour-test
├ ○ /studio
├ ƒ /studio/[id]/edit
├ ƒ /studio/[id]/edit/building/[buildingId]/floor/[floor]
├ ƒ /studio/[id]/edit/capture-library
├ ƒ /studio/[id]/edit/capture-review
├ ƒ /studio/[id]/preview
├ ○ /studio/capture-review
└ ○ /studio/create


ƒ Proxy (Middleware)

○  (Static)   prerendered as static content
ƒ  (Dynamic)  server-rendered on demand
